Archive member included to satisfy reference by file (symbol)

c:/progra~1/raspbe~1/picosd~1.0/gcc-ar~1/bin/../lib/gcc/arm-none-eabi/10.3.1/thumb/v6-m/nofp\libgcc.a(_dvmd_tls.o)
                              CMakeFiles/blink.dir/C_/Program_Files/Raspberry_Pi/Pico_SDK_v1.5.0/pico-sdk/src/rp2_common/pico_divider/divider.S.obj (__aeabi_idiv0)
c:/progra~1/raspbe~1/picosd~1.0/gcc-ar~1/bin/../lib/gcc/arm-none-eabi/10.3.1/../../../../arm-none-eabi/lib/thumb/v6-m/nofp\libg.a(lib_a-calloc.o)
                              CMakeFiles/blink.dir/C_/Program_Files/Raspberry_Pi/Pico_SDK_v1.5.0/pico-sdk/src/rp2_common/pico_malloc/pico_malloc.c.obj (calloc)
c:/progra~1/raspbe~1/picosd~1.0/gcc-ar~1/bin/../lib/gcc/arm-none-eabi/10.3.1/../../../../arm-none-eabi/lib/thumb/v6-m/nofp\libg.a(lib_a-callocr.o)
                              c:/progra~1/raspbe~1/picosd~1.0/gcc-ar~1/bin/../lib/gcc/arm-none-eabi/10.3.1/../../../../arm-none-eabi/lib/thumb/v6-m/nofp\libg.a(lib_a-calloc.o) (_calloc_r)
c:/progra~1/raspbe~1/picosd~1.0/gcc-ar~1/bin/../lib/gcc/arm-none-eabi/10.3.1/../../../../arm-none-eabi/lib/thumb/v6-m/nofp\libg.a(lib_a-errno.o)
                              c:/progra~1/raspbe~1/picosd~1.0/gcc-ar~1/bin/../lib/gcc/arm-none-eabi/10.3.1/../../../../arm-none-eabi/lib/thumb/v6-m/nofp\libg.a(lib_a-callocr.o) (__errno)
c:/progra~1/raspbe~1/picosd~1.0/gcc-ar~1/bin/../lib/gcc/arm-none-eabi/10.3.1/../../../../arm-none-eabi/lib/thumb/v6-m/nofp\libg.a(lib_a-impure.o)
                              c:/progra~1/raspbe~1/picosd~1.0/gcc-ar~1/bin/../lib/gcc/arm-none-eabi/10.3.1/../../../../arm-none-eabi/lib/thumb/v6-m/nofp\libg.a(lib_a-calloc.o) (_impure_ptr)
c:/progra~1/raspbe~1/picosd~1.0/gcc-ar~1/bin/../lib/gcc/arm-none-eabi/10.3.1/../../../../arm-none-eabi/lib/thumb/v6-m/nofp\libg.a(lib_a-init.o)
                              c:/progra~1/raspbe~1/picosd~1.0/gcc-ar~1/bin/../lib/gcc/arm-none-eabi/10.3.1/../../../../arm-none-eabi/lib/thumb/v6-m/nofp/crt0.o (__libc_init_array)
c:/progra~1/raspbe~1/picosd~1.0/gcc-ar~1/bin/../lib/gcc/arm-none-eabi/10.3.1/../../../../arm-none-eabi/lib/thumb/v6-m/nofp\libg.a(lib_a-malloc.o)
                              CMakeFiles/blink.dir/C_/Program_Files/Raspberry_Pi/Pico_SDK_v1.5.0/pico-sdk/src/rp2_common/pico_malloc/pico_malloc.c.obj (malloc)
c:/progra~1/raspbe~1/picosd~1.0/gcc-ar~1/bin/../lib/gcc/arm-none-eabi/10.3.1/../../../../arm-none-eabi/lib/thumb/v6-m/nofp\libg.a(lib_a-mallocr.o)
                              c:/progra~1/raspbe~1/picosd~1.0/gcc-ar~1/bin/../lib/gcc/arm-none-eabi/10.3.1/../../../../arm-none-eabi/lib/thumb/v6-m/nofp\libg.a(lib_a-callocr.o) (_malloc_r)
c:/progra~1/raspbe~1/picosd~1.0/gcc-ar~1/bin/../lib/gcc/arm-none-eabi/10.3.1/../../../../arm-none-eabi/lib/thumb/v6-m/nofp\libg.a(lib_a-mlock.o)
                              c:/progra~1/raspbe~1/picosd~1.0/gcc-ar~1/bin/../lib/gcc/arm-none-eabi/10.3.1/../../../../arm-none-eabi/lib/thumb/v6-m/nofp\libg.a(lib_a-mallocr.o) (__malloc_lock)
c:/progra~1/raspbe~1/picosd~1.0/gcc-ar~1/bin/../lib/gcc/arm-none-eabi/10.3.1/../../../../arm-none-eabi/lib/thumb/v6-m/nofp\libg.a(lib_a-realloc.o)
                              CMakeFiles/blink.dir/C_/Program_Files/Raspberry_Pi/Pico_SDK_v1.5.0/pico-sdk/src/rp2_common/pico_malloc/pico_malloc.c.obj (realloc)
c:/progra~1/raspbe~1/picosd~1.0/gcc-ar~1/bin/../lib/gcc/arm-none-eabi/10.3.1/../../../../arm-none-eabi/lib/thumb/v6-m/nofp\libg.a(lib_a-reallocr.o)
                              c:/progra~1/raspbe~1/picosd~1.0/gcc-ar~1/bin/../lib/gcc/arm-none-eabi/10.3.1/../../../../arm-none-eabi/lib/thumb/v6-m/nofp\libg.a(lib_a-realloc.o) (_realloc_r)
c:/progra~1/raspbe~1/picosd~1.0/gcc-ar~1/bin/../lib/gcc/arm-none-eabi/10.3.1/../../../../arm-none-eabi/lib/thumb/v6-m/nofp\libg.a(lib_a-sbrkr.o)
                              c:/progra~1/raspbe~1/picosd~1.0/gcc-ar~1/bin/../lib/gcc/arm-none-eabi/10.3.1/../../../../arm-none-eabi/lib/thumb/v6-m/nofp\libg.a(lib_a-mallocr.o) (_sbrk_r)
c:/progra~1/raspbe~1/picosd~1.0/gcc-ar~1/bin/../lib/gcc/arm-none-eabi/10.3.1/../../../../arm-none-eabi/lib/thumb/v6-m/nofp\libg.a(lib_a-strlen-stub.o)
                              CMakeFiles/blink.dir/C_/Program_Files/Raspberry_Pi/Pico_SDK_v1.5.0/pico-sdk/src/rp2_common/pico_stdio/stdio.c.obj (strlen)
c:/progra~1/raspbe~1/picosd~1.0/gcc-ar~1/bin/../lib/gcc/arm-none-eabi/10.3.1/../../../../arm-none-eabi/lib/thumb/v6-m/nofp\libg.a(lib_a-freer.o)
                              c:/progra~1/raspbe~1/picosd~1.0/gcc-ar~1/bin/../lib/gcc/arm-none-eabi/10.3.1/../../../../arm-none-eabi/lib/thumb/v6-m/nofp\libg.a(lib_a-malloc.o) (_free_r)
c:/progra~1/raspbe~1/picosd~1.0/gcc-ar~1/bin/../lib/gcc/arm-none-eabi/10.3.1/../../../../arm-none-eabi/lib/thumb/v6-m/nofp\libg.a(lib_a-lock.o)
                              c:/progra~1/raspbe~1/picosd~1.0/gcc-ar~1/bin/../lib/gcc/arm-none-eabi/10.3.1/../../../../arm-none-eabi/lib/thumb/v6-m/nofp\libg.a(lib_a-mlock.o) (__retarget_lock_acquire_recursive)
[...]
Memory Configuration

Name             Origin             Length             Attributes
FLASH            0x10000000         0x00200000         xr
RAM              0x20000000         0x00040000         xrw
SCRATCH_X        0x20040000         0x00001000         xrw
SCRATCH_Y        0x20041000         0x00001000         xrw
*default*        0x00000000         0xffffffff

Linker script and memory map

LOAD c:/progra~1/raspbe~1/picosd~1.0/gcc-ar~1/bin/../lib/gcc/arm-none-eabi/10.3.1/thumb/v6-m/nofp/crti.o
LOAD c:/progra~1/raspbe~1/picosd~1.0/gcc-ar~1/bin/../lib/gcc/arm-none-eabi/10.3.1/thumb/v6-m/nofp/crtbegin.o
LOAD c:/progra~1/raspbe~1/picosd~1.0/gcc-ar~1/bin/../lib/gcc/arm-none-eabi/10.3.1/../../../../arm-none-eabi/lib/thumb/v6-m/nofp/crt0.o

.flash_begin    0x10000000        0x0
                0x10000000                __flash_binary_start = .

.boot2          0x10000000      0x100
                0x10000000                __boot2_start__ = .
 *(.boot2)
 .boot2         0x10000000      0x100 C:\Users\vivek\AppData\Local\Temp\ccowTrNQ.o
                0x10000100                __boot2_end__ = .
                0x00000001                ASSERT (((__boot2_end__ - __boot2_start__) == 0x100), ERROR: Pico second stage bootloader must be 256 bytes in size)

.text           0x10000100     0x7dc0
                0x10000100                __logical_binary_start = .
 *(.vectors)
 .vectors       0x10000100       0xd4 CMakeFiles/blink.dir/C_/Program_Files/Raspberry_Pi/Pico_SDK_v1.5.0/pico-sdk/src/rp2_common/pico_standard_link/crt0.S.obj
                0x10000100                __VECTOR_TABLE
                0x10000100                __vectors
                0x100001c0                isr_invalid
                0x100001c0                __default_isrs_start
                0x100001c2                isr_nmi
                0x100001c4                isr_hardfault
                0x100001c6                isr_svcall
                0x100001c8                isr_pendsv
                0x100001ca                isr_systick
                0x100001cc                isr_irq23
                0x100001cc                isr_irq18
                0x100001cc                isr_irq11
                0x100001cc                isr_irq28
                0x100001cc                isr_irq19
                0x100001cc                isr_irq0
                0x100001cc                isr_irq6
                0x100001cc                isr_irq5
                0x100001cc                isr_irq12
                0x100001cc                isr_irq22
                0x100001cc                isr_irq31
                0x100001cc                isr_irq17
                0x100001cc                isr_irq27
                0x100001cc                isr_irq30
                0x100001cc                isr_irq2
                0x100001cc                isr_irq10
                0x100001cc                isr_irq8
                0x100001cc                isr_irq24
                0x100001cc                isr_irq1
                0x100001cc                isr_irq7
                0x100001cc                isr_irq21
                0x100001cc                isr_irq20
                0x100001cc                isr_irq15
                0x100001cc                isr_irq25
                0x100001cc                isr_irq13
                0x100001cc                __unhandled_user_irq
                0x100001cc                isr_irq4
                0x100001cc                isr_irq16
                0x100001cc                isr_irq29
                0x100001cc                isr_irq26
                0x100001cc                __default_isrs_end
                0x100001cc                isr_irq3
                0x100001cc                isr_irq14
                0x100001cc                isr_irq9
                0x100001d2                unhandled_user_irq_num_in_r0
 *(.binary_info_header)
 .binary_info_header
                0x100001d4       0x14 CMakeFiles/blink.dir/C_/Program_Files/Raspberry_Pi/Pico_SDK_v1.5.0/pico-sdk/src/rp2_common/pico_standard_link/crt0.S.obj
                0x100001e8                __binary_info_header_end = .
 *(.reset)
 .reset         0x100001e8       0xa0 CMakeFiles/blink.dir/C_/Program_Files/Raspberry_Pi/Pico_SDK_v1.5.0/pico-sdk/src/rp2_common/pico_standard_link/crt0.S.obj
                0x100001e8                _entry_point
 .reset         0x10000288       0x30 CMakeFiles/blink.dir/C_/Program_Files/Raspberry_Pi/Pico_SDK_v1.5.0/pico-sdk/src/rp2_common/pico_standard_link/binary_info.c.obj
 *(.init)
 .init          0x100002b8        0x4 c:/progra~1/raspbe~1/picosd~1.0/gcc-ar~1/bin/../lib/gcc/arm-none-eabi/10.3.1/thumb/v6-m/nofp/crti.o
                0x100002b8                _init
 *(EXCLUDE_FILE(*libm.a: *libc.a:*lib_a-mem*.o *libgcc.a:) .text*)
 .text          0x100002bc       0x48 c:/progra~1/raspbe~1/picosd~1.0/gcc-ar~1/bin/../lib/gcc/arm-none-eabi/10.3.1/thumb/v6-m/nofp/crtbegin.o
 .text._Z5core2v
                0x10000304       0x30 CMakeFiles/blink.dir/main.cpp.obj
                0x10000304                core2()
 .text.channel_config_set_chain_to
                0x10000334       0x30 CMakeFiles/blink.dir/main.cpp.obj
 .text.dma_channel_get_default_config
                0x10000364       0x60 CMakeFiles/blink.dir/main.cpp.obj
 .text._Z19output_program_initP8pio_hw_tjjj
                0x100003c4       0xf0 CMakeFiles/blink.dir/main.cpp.obj
                0x100003c4                output_program_init(pio_hw_t*, unsigned int, unsigned int, unsigned int)
 .text._Z10xorshift32Pm
                0x100004b4       0x14 CMakeFiles/blink.dir/main.cpp.obj
                0x100004b4                xorshift32(unsigned long*)
 .text._Z11random_bitshm
                0x100004c8       0x5c CMakeFiles/blink.dir/main.cpp.obj
                0x100004c8                random_bits(unsigned char, unsigned long)
 .text.main     0x10000524      0x310 CMakeFiles/blink.dir/main.cpp.obj
                0x10000524                main
 .text.set_sys_clock_pll
                0x10000834       0x78 CMakeFiles/blink.dir/C_/Program_Files/Raspberry_Pi/Pico_SDK_v1.5.0/pico-sdk/src/rp2_common/pico_stdlib/stdlib.c.obj
                0x10000834                set_sys_clock_pll
 .text.check_sys_clock_khz
                0x100008ac       0xb0 CMakeFiles/blink.dir/C_/Program_Files/Raspberry_Pi/Pico_SDK_v1.5.0/pico-sdk/src/rp2_common/pico_stdlib/stdlib.c.obj
                0x100008ac                check_sys_clock_khz
 .text.gpio_set_function
                0x1000095c       0x30 CMakeFiles/blink.dir/C_/Program_Files/Raspberry_Pi/Pico_SDK_v1.5.0/pico-sdk/src/rp2_common/hardware_gpio/gpio.c.obj
                0x1000095c                gpio_set_function
 .text.gpio_init
                0x1000098c       0x16 CMakeFiles/blink.dir/C_/Program_Files/Raspberry_Pi/Pico_SDK_v1.5.0/pico-sdk/src/rp2_common/hardware_gpio/gpio.c.obj
                0x1000098c                gpio_init
 *fill*         0x100009a2        0x2 
 .text.running_on_fpga
                0x100009a4       0x14 CMakeFiles/blink.dir/C_/Program_Files/Raspberry_Pi/Pico_SDK_v1.5.0/pico-sdk/src/rp2_common/pico_platform/platform.c.obj
                0x100009a4                running_on_fpga
 .text.hw_claim_lock
                0x100009b8       0x18 CMakeFiles/blink.dir/C_/Program_Files/Raspberry_Pi/Pico_SDK_v1.5.0/pico-sdk/src/rp2_common/hardware_claim/claim.c.obj
                0x100009b8                hw_claim_lock
 .text.hw_claim_unlock
                0x100009d0       0x14 CMakeFiles/blink.dir/C_/Program_Files/Raspberry_Pi/Pico_SDK_v1.5.0/pico-sdk/src/rp2_common/hardware_claim/claim.c.obj
                0x100009d0                hw_claim_unlock
 .text.hw_claim_or_assert
                0x100009e4       0x32 CMakeFiles/blink.dir/C_/Program_Files/Raspberry_Pi/Pico_SDK_v1.5.0/pico-sdk/src/rp2_common/hardware_claim/claim.c.obj
                0x100009e4                hw_claim_or_assert
 .text.hw_claim_unused_from_range
                0x10000a16       0x50 CMakeFiles/blink.dir/C_/Program_Files/Raspberry_Pi/Pico_SDK_v1.5.0/pico-sdk/src/rp2_common/hardware_claim/claim.c.obj
                0x10000a16                hw_claim_unused_from_range
 *fill*         0x10000a66        0x2 
 .text.spin_locks_reset
                0x10000a68       0x20 CMakeFiles/blink.dir/C_/Program_Files/Raspberry_Pi/Pico_SDK_v1.5.0/pico-sdk/src/rp2_common/hardware_sync/sync.c.obj
                0x10000a68                spin_locks_reset
 .text.next_striped_spin_lock_num
                0x10000a88       0x1c CMakeFiles/blink.dir/C_/Program_Files/Raspberry_Pi/Pico_SDK_v1.5.0/pico-sdk/src/rp2_common/hardware_sync/sync.c.obj
                0x10000a88                next_striped_spin_lock_num
 .text.spin_lock_claim_unused
                0x10000aa4       0x20 CMakeFiles/blink.dir/C_/Program_Files/Raspberry_Pi/Pico_SDK_v1.5.0/pico-sdk/src/rp2_common/hardware_sync/sync.c.obj
                0x10000aa4                spin_lock_claim_unused
 .text.set_raw_irq_handler_and_unlock
                0x10000ac4       0x28 CMakeFiles/blink.dir/C_/Program_Files/Raspberry_Pi/Pico_SDK_v1.5.0/pico-sdk/src/rp2_common/hardware_irq/irq.c.obj
 .text.make_branch
                0x10000aec       0x48 CMakeFiles/blink.dir/C_/Program_Files/Raspberry_Pi/Pico_SDK_v1.5.0/pico-sdk/src/rp2_common/hardware_irq/irq.c.obj
 .text.insert_branch_and_link
                0x10000b34       0x40 CMakeFiles/blink.dir/C_/Program_Files/Raspberry_Pi/Pico_SDK_v1.5.0/pico-sdk/src/rp2_common/hardware_irq/irq.c.obj
 .text.irq_is_enabled
                0x10000b74       0x18 CMakeFiles/blink.dir/C_/Program_Files/Raspberry_Pi/Pico_SDK_v1.5.0/pico-sdk/src/rp2_common/hardware_irq/irq.c.obj
                0x10000b74                irq_is_enabled
 .text.irq_set_mask_enabled
                0x10000b8c       0x20 CMakeFiles/blink.dir/C_/Program_Files/Raspberry_Pi/Pico_SDK_v1.5.0/pico-sdk/src/rp2_common/hardware_irq/irq.c.obj
                0x10000b8c                irq_set_mask_enabled
 .text.irq_set_enabled
                0x10000bac        0xe CMakeFiles/blink.dir/C_/Program_Files/Raspberry_Pi/Pico_SDK_v1.5.0/pico-sdk/src/rp2_common/hardware_irq/irq.c.obj
                0x10000bac                irq_set_enabled
 *fill*         0x10000bba        0x2 
 .text.irq_set_pending
                0x10000bbc       0x10 CMakeFiles/blink.dir/C_/Program_Files/Raspberry_Pi/Pico_SDK_v1.5.0/pico-sdk/src/rp2_common/hardware_irq/irq.c.obj
                0x10000bbc                irq_set_pending
 .text.irq_get_vtable_handler
                0x10000bcc       0x10 CMakeFiles/blink.dir/C_/Program_Files/Raspberry_Pi/Pico_SDK_v1.5.0/pico-sdk/src/rp2_common/hardware_irq/irq.c.obj
                0x10000bcc                irq_get_vtable_handler
 .text.irq_has_shared_handler
                0x10000bdc       0x24 CMakeFiles/blink.dir/C_/Program_Files/Raspberry_Pi/Pico_SDK_v1.5.0/pico-sdk/src/rp2_common/hardware_irq/irq.c.obj
                0x10000bdc                irq_has_shared_handler
 .text.irq_set_exclusive_handler
                0x10000c00       0x54 CMakeFiles/blink.dir/C_/Program_Files/Raspberry_Pi/Pico_SDK_v1.5.0/pico-sdk/src/rp2_common/hardware_irq/irq.c.obj
                0x10000c00                irq_set_exclusive_handler
 .text.irq_add_shared_handler
                0x10000c54      0x234 CMakeFiles/blink.dir/C_/Program_Files/Raspberry_Pi/Pico_SDK_v1.5.0/pico-sdk/src/rp2_common/hardware_irq/irq.c.obj
                0x10000c54                irq_add_shared_handler
 .text.irq_remove_handler
                0x10000e88      0x1ac CMakeFiles/blink.dir/C_/Program_Files/Raspberry_Pi/Pico_SDK_v1.5.0/pico-sdk/src/rp2_common/hardware_irq/irq.c.obj
                0x10000e88                irq_remove_handler
 .text.irq_add_tail_to_free_list
                0x10001034       0xf0 CMakeFiles/blink.dir/C_/Program_Files/Raspberry_Pi/Pico_SDK_v1.5.0/pico-sdk/src/rp2_common/hardware_irq/irq.c.obj
                0x10001034                irq_add_tail_to_free_list
 .text.irq_init_priorities
                0x10001124       0x1c CMakeFiles/blink.dir/C_/Program_Files/Raspberry_Pi/Pico_SDK_v1.5.0/pico-sdk/src/rp2_common/hardware_irq/irq.c.obj
                0x10001124                irq_init_priorities
 .text.user_irq_claim_unused
                0x10001140       0x28 CMakeFiles/blink.dir/C_/Program_Files/Raspberry_Pi/Pico_SDK_v1.5.0/pico-sdk/src/rp2_common/hardware_irq/irq.c.obj
                0x10001140                user_irq_claim_unused
 .text.lock_init
                0x10001168       0x10 CMakeFiles/blink.dir/C_/Program_Files/Raspberry_Pi/Pico_SDK_v1.5.0/pico-sdk/src/common/pico_sync/lock_core.c.obj
                0x10001168                lock_init
 .text.mutex_init
                0x10001178       0x1a CMakeFiles/blink.dir/C_/Program_Files/Raspberry_Pi/Pico_SDK_v1.5.0/pico-sdk/src/common/pico_sync/mutex.c.obj
                0x10001178                mutex_init
 .text.recursive_mutex_init
                0x10001192       0x1e CMakeFiles/blink.dir/C_/Program_Files/Raspberry_Pi/Pico_SDK_v1.5.0/pico-sdk/src/common/pico_sync/mutex.c.obj
                0x10001192                recursive_mutex_init
 .text.critical_section_init_with_lock_num
                0x100011b0       0x14 CMakeFiles/blink.dir/C_/Program_Files/Raspberry_Pi/Pico_SDK_v1.5.0/pico-sdk/src/common/pico_sync/critical_section.c.obj
                0x100011b0                critical_section_init_with_lock_num
 .text.critical_section_init
                0x100011c4       0x14 CMakeFiles/blink.dir/C_/Program_Files/Raspberry_Pi/Pico_SDK_v1.5.0/pico-sdk/src/common/pico_sync/critical_section.c.obj
                0x100011c4                critical_section_init
 .text.alarm_pool_post_alloc_init
                0x100011d8       0x40 CMakeFiles/blink.dir/C_/Program_Files/Raspberry_Pi/Pico_SDK_v1.5.0/pico-sdk/src/common/pico_time/time.c.obj
 .text.sleep_until_callback
                0x10001218       0x30 CMakeFiles/blink.dir/C_/Program_Files/Raspberry_Pi/Pico_SDK_v1.5.0/pico-sdk/src/common/pico_time/time.c.obj
 .text.timer_pool_entry_comparator
                0x10001248       0x7c CMakeFiles/blink.dir/C_/Program_Files/Raspberry_Pi/Pico_SDK_v1.5.0/pico-sdk/src/common/pico_time/time.c.obj
                0x10001248                timer_pool_entry_comparator
 .text.ph_add_child_node
                0x100012c4       0xa4 CMakeFiles/blink.dir/C_/Program_Files/Raspberry_Pi/Pico_SDK_v1.5.0/pico-sdk/src/common/pico_time/time.c.obj
 .text.ph_merge_nodes
                0x10001368       0x3e CMakeFiles/blink.dir/C_/Program_Files/Raspberry_Pi/Pico_SDK_v1.5.0/pico-sdk/src/common/pico_time/time.c.obj
 *fill*         0x100013a6        0x2 
 .text.add_alarm_under_lock
                0x100013a8      0x174 CMakeFiles/blink.dir/C_/Program_Files/Raspberry_Pi/Pico_SDK_v1.5.0/pico-sdk/src/common/pico_time/time.c.obj
 .text.alarm_pool_alarm_callback
                0x1000151c      0x33c CMakeFiles/blink.dir/C_/Program_Files/Raspberry_Pi/Pico_SDK_v1.5.0/pico-sdk/src/common/pico_time/time.c.obj
 .text.alarm_pool_init_default
                0x10001858       0x40 CMakeFiles/blink.dir/C_/Program_Files/Raspberry_Pi/Pico_SDK_v1.5.0/pico-sdk/src/common/pico_time/time.c.obj
                0x10001858                alarm_pool_init_default
 .text.alarm_pool_get_default
                0x10001898       0x2c CMakeFiles/blink.dir/C_/Program_Files/Raspberry_Pi/Pico_SDK_v1.5.0/pico-sdk/src/common/pico_time/time.c.obj
                0x10001898                alarm_pool_get_default
 .text.alarm_pool_add_alarm_at
                0x100018c4      0x168 CMakeFiles/blink.dir/C_/Program_Files/Raspberry_Pi/Pico_SDK_v1.5.0/pico-sdk/src/common/pico_time/time.c.obj
                0x100018c4                alarm_pool_add_alarm_at
 .text.alarm_pool_cancel_alarm
                0x10001a2c       0xf0 CMakeFiles/blink.dir/C_/Program_Files/Raspberry_Pi/Pico_SDK_v1.5.0/pico-sdk/src/common/pico_time/time.c.obj
                0x10001a2c                alarm_pool_cancel_alarm
 .text.alarm_pool_core_num
                0x10001b1c        0x4 CMakeFiles/blink.dir/C_/Program_Files/Raspberry_Pi/Pico_SDK_v1.5.0/pico-sdk/src/common/pico_time/time.c.obj
                0x10001b1c                alarm_pool_core_num
 .text.sleep_until
                0x10001b20       0xfc CMakeFiles/blink.dir/C_/Program_Files/Raspberry_Pi/Pico_SDK_v1.5.0/pico-sdk/src/common/pico_time/time.c.obj
                0x10001b20                sleep_until
 .text.sleep_us
                0x10001c1c       0x58 CMakeFiles/blink.dir/C_/Program_Files/Raspberry_Pi/Pico_SDK_v1.5.0/pico-sdk/src/common/pico_time/time.c.obj
                0x10001c1c                sleep_us
 .text.sleep_ms
                0x10001c74       0x14 CMakeFiles/blink.dir/C_/Program_Files/Raspberry_Pi/Pico_SDK_v1.5.0/pico-sdk/src/common/pico_time/time.c.obj
                0x10001c74                sleep_ms
 .text.best_effort_wfe_or_timeout
                0x10001c88       0xac CMakeFiles/blink.dir/C_/Program_Files/Raspberry_Pi/Pico_SDK_v1.5.0/pico-sdk/src/common/pico_time/time.c.obj
                0x10001c88                best_effort_wfe_or_timeout
 .text.hardware_alarm_irq_handler
                0x10001d34       0x90 CMakeFiles/blink.dir/C_/Program_Files/Raspberry_Pi/Pico_SDK_v1.5.0/pico-sdk/src/rp2_common/hardware_timer/timer.c.obj
 .text.hardware_alarm_claim
                0x10001dc4       0x18 CMakeFiles/blink.dir/C_/Program_Files/Raspberry_Pi/Pico_SDK_v1.5.0/pico-sdk/src/rp2_common/hardware_timer/timer.c.obj
                0x10001dc4                hardware_alarm_claim
 .text.time_us_64
                0x10001ddc       0x18 CMakeFiles/blink.dir/C_/Program_Files/Raspberry_Pi/Pico_SDK_v1.5.0/pico-sdk/src/rp2_common/hardware_timer/timer.c.obj
                0x10001ddc                time_us_64
 .text.busy_wait_until
                0x10001df4       0x28 CMakeFiles/blink.dir/C_/Program_Files/Raspberry_Pi/Pico_SDK_v1.5.0/pico-sdk/src/rp2_common/hardware_timer/timer.c.obj
                0x10001df4                busy_wait_until
 .text.busy_wait_us
                0x10001e1c       0x48 CMakeFiles/blink.dir/C_/Program_Files/Raspberry_Pi/Pico_SDK_v1.5.0/pico-sdk/src/rp2_common/hardware_timer/timer.c.obj
                0x10001e1c                busy_wait_us
 .text.hardware_alarm_set_callback
                0x10001e64       0x90 CMakeFiles/blink.dir/C_/Program_Files/Raspberry_Pi/Pico_SDK_v1.5.0/pico-sdk/src/rp2_common/hardware_timer/timer.c.obj
                0x10001e64                hardware_alarm_set_callback
 .text.hardware_alarm_set_target
                0x10001ef4       0xe8 CMakeFiles/blink.dir/C_/Program_Files/Raspberry_Pi/Pico_SDK_v1.5.0/pico-sdk/src/rp2_common/hardware_timer/timer.c.obj
                0x10001ef4                hardware_alarm_set_target
 .text.hardware_alarm_cancel
                0x10001fdc       0x40 CMakeFiles/blink.dir/C_/Program_Files/Raspberry_Pi/Pico_SDK_v1.5.0/pico-sdk/src/rp2_common/hardware_timer/timer.c.obj
                0x10001fdc                hardware_alarm_cancel
 .text.ph_add_child_node
                0x1000201c       0xa4 CMakeFiles/blink.dir/C_/Program_Files/Raspberry_Pi/Pico_SDK_v1.5.0/pico-sdk/src/common/pico_util/pheap.c.obj
 .text.ph_merge_nodes
                0x100020c0       0x3e CMakeFiles/blink.dir/C_/Program_Files/Raspberry_Pi/Pico_SDK_v1.5.0/pico-sdk/src/common/pico_util/pheap.c.obj
 *fill*         0x100020fe        0x2 
 .text.ph_clear
                0x10002100       0x70 CMakeFiles/blink.dir/C_/Program_Files/Raspberry_Pi/Pico_SDK_v1.5.0/pico-sdk/src/common/pico_util/pheap.c.obj
                0x10002100                ph_clear
 .text.ph_post_alloc_init
                0x10002170        0xe CMakeFiles/blink.dir/C_/Program_Files/Raspberry_Pi/Pico_SDK_v1.5.0/pico-sdk/src/common/pico_util/pheap.c.obj
                0x10002170                ph_post_alloc_init
 *fill*         0x1000217e        0x2 
 .text.ph_merge_two_pass
                0x10002180       0xa8 CMakeFiles/blink.dir/C_/Program_Files/Raspberry_Pi/Pico_SDK_v1.5.0/pico-sdk/src/common/pico_util/pheap.c.obj
                0x10002180                ph_merge_two_pass
 .text.ph_remove_any_head
                0x10002228      0x128 CMakeFiles/blink.dir/C_/Program_Files/Raspberry_Pi/Pico_SDK_v1.5.0/pico-sdk/src/common/pico_util/pheap.c.obj
 .text.ph_remove_head
                0x10002350       0x14 CMakeFiles/blink.dir/C_/Program_Files/Raspberry_Pi/Pico_SDK_v1.5.0/pico-sdk/src/common/pico_util/pheap.c.obj
                0x10002350                ph_remove_head
 .text.ph_remove_and_free_node
                0x10002364       0xf8 CMakeFiles/blink.dir/C_/Program_Files/Raspberry_Pi/Pico_SDK_v1.5.0/pico-sdk/src/common/pico_util/pheap.c.obj
                0x10002364                ph_remove_and_free_node
 .text.clock_configure
                0x1000245c      0x104 CMakeFiles/blink.dir/C_/Program_Files/Raspberry_Pi/Pico_SDK_v1.5.0/pico-sdk/src/rp2_common/hardware_clocks/clocks.c.obj
                0x1000245c                clock_configure
 .text.clocks_init
                0x10002560      0x100 CMakeFiles/blink.dir/C_/Program_Files/Raspberry_Pi/Pico_SDK_v1.5.0/pico-sdk/src/rp2_common/hardware_clocks/clocks.c.obj
                0x10002560                clocks_init
 .text.clock_get_hz
                0x10002660        0xc CMakeFiles/blink.dir/C_/Program_Files/Raspberry_Pi/Pico_SDK_v1.5.0/pico-sdk/src/rp2_common/hardware_clocks/clocks.c.obj
                0x10002660                clock_get_hz
 .text.pll_init
                0x1000266c      0x12c CMakeFiles/blink.dir/C_/Program_Files/Raspberry_Pi/Pico_SDK_v1.5.0/pico-sdk/src/rp2_common/hardware_pll/pll.c.obj
                0x1000266c                pll_init
 .text.watchdog_start_tick
                0x10002798       0x10 CMakeFiles/blink.dir/C_/Program_Files/Raspberry_Pi/Pico_SDK_v1.5.0/pico-sdk/src/rp2_common/hardware_watchdog/watchdog.c.obj
                0x10002798                watchdog_start_tick
 .text.watchdog_update
                0x100027a8       0x14 CMakeFiles/blink.dir/C_/Program_Files/Raspberry_Pi/Pico_SDK_v1.5.0/pico-sdk/src/rp2_common/hardware_watchdog/watchdog.c.obj
                0x100027a8                watchdog_update
 .text._watchdog_enable
                0x100027bc       0x78 CMakeFiles/blink.dir/C_/Program_Files/Raspberry_Pi/Pico_SDK_v1.5.0/pico-sdk/src/rp2_common/hardware_watchdog/watchdog.c.obj
                0x100027bc                _watchdog_enable
 .text.watchdog_reboot
                0x10002834       0x48 CMakeFiles/blink.dir/C_/Program_Files/Raspberry_Pi/Pico_SDK_v1.5.0/pico-sdk/src/rp2_common/hardware_watchdog/watchdog.c.obj
                0x10002834                watchdog_reboot
 .text.xosc_init
                0x1000287c       0x28 CMakeFiles/blink.dir/C_/Program_Files/Raspberry_Pi/Pico_SDK_v1.5.0/pico-sdk/src/rp2_common/hardware_xosc/xosc.c.obj
                0x1000287c                xosc_init
 .text._exit    0x100028a4        0x4 CMakeFiles/blink.dir/C_/Program_Files/Raspberry_Pi/Pico_SDK_v1.5.0/pico-sdk/src/rp2_common/pico_runtime/runtime.c.obj
                0x100028a4                _exit
 .text.exit     0x100028a8        0x6 CMakeFiles/blink.dir/C_/Program_Files/Raspberry_Pi/Pico_SDK_v1.5.0/pico-sdk/src/rp2_common/pico_runtime/runtime.c.obj
                0x100028a8                exit
 *fill*         0x100028ae        0x2 
 .text.__assert_func
                0x100028b0       0x3c CMakeFiles/blink.dir/C_/Program_Files/Raspberry_Pi/Pico_SDK_v1.5.0/pico-sdk/src/rp2_common/pico_runtime/runtime.c.obj
                0x100028b0                __assert_func
 .text.runtime_init
                0x100028ec       0xf8 CMakeFiles/blink.dir/C_/Program_Files/Raspberry_Pi/Pico_SDK_v1.5.0/pico-sdk/src/rp2_common/pico_runtime/runtime.c.obj
                0x100028ec                runtime_init
 .text.panic    0x100029e4       0x30 CMakeFiles/blink.dir/C_/Program_Files/Raspberry_Pi/Pico_SDK_v1.5.0/pico-sdk/src/rp2_common/pico_runtime/runtime.c.obj
                0x100029e4                panic
 .text._out_null
                0x10002a14        0x2 CMakeFiles/blink.dir/C_/Program_Files/Raspberry_Pi/Pico_SDK_v1.5.0/pico-sdk/src/rp2_common/pico_printf/printf.c.obj
 .text._out_fct
                0x10002a16        0xe CMakeFiles/blink.dir/C_/Program_Files/Raspberry_Pi/Pico_SDK_v1.5.0/pico-sdk/src/rp2_common/pico_printf/printf.c.obj
 .text._atoi    0x10002a24       0x24 CMakeFiles/blink.dir/C_/Program_Files/Raspberry_Pi/Pico_SDK_v1.5.0/pico-sdk/src/rp2_common/pico_printf/printf.c.obj
 .text._out_rev
                0x10002a48       0xae CMakeFiles/blink.dir/C_/Program_Files/Raspberry_Pi/Pico_SDK_v1.5.0/pico-sdk/src/rp2_common/pico_printf/printf.c.obj
 .text._ntoa_format
                0x10002af6      0x112 CMakeFiles/blink.dir/C_/Program_Files/Raspberry_Pi/Pico_SDK_v1.5.0/pico-sdk/src/rp2_common/pico_printf/printf.c.obj
 .text._ntoa_long
                0x10002c08       0xbc CMakeFiles/blink.dir/C_/Program_Files/Raspberry_Pi/Pico_SDK_v1.5.0/pico-sdk/src/rp2_common/pico_printf/printf.c.obj
 .text._ntoa_long_long
                0x10002cc4       0xe2 CMakeFiles/blink.dir/C_/Program_Files/Raspberry_Pi/Pico_SDK_v1.5.0/pico-sdk/src/rp2_common/pico_printf/printf.c.obj
 *fill*         0x10002da6        0x2 
 .text._etoa    0x10002da8      0x414 CMakeFiles/blink.dir/C_/Program_Files/Raspberry_Pi/Pico_SDK_v1.5.0/pico-sdk/src/rp2_common/pico_printf/printf.c.obj
 .text._ftoa    0x100031bc      0x354 CMakeFiles/blink.dir/C_/Program_Files/Raspberry_Pi/Pico_SDK_v1.5.0/pico-sdk/src/rp2_common/pico_printf/printf.c.obj
 .text._vsnprintf
                0x10003510      0x624 CMakeFiles/blink.dir/C_/Program_Files/Raspberry_Pi/Pico_SDK_v1.5.0/pico-sdk/src/rp2_common/pico_printf/printf.c.obj
 .text.vfctprintf
                0x10003b34       0x20 CMakeFiles/blink.dir/C_/Program_Files/Raspberry_Pi/Pico_SDK_v1.5.0/pico-sdk/src/rp2_common/pico_printf/printf.c.obj
                0x10003b34                vfctprintf
 .text          0x10003b54       0x10 CMakeFiles/blink.dir/C_/Program_Files/Raspberry_Pi/Pico_SDK_v1.5.0/pico-sdk/src/rp2_common/pico_bit_ops/bit_ops_aeabi.S.obj
 .text.rom_func_lookup
                0x10003b64       0x10 CMakeFiles/blink.dir/C_/Program_Files/Raspberry_Pi/Pico_SDK_v1.5.0/pico-sdk/src/rp2_common/pico_bootrom/bootrom.c.obj
                0x10003b64                rom_func_lookup
 .text.rom_data_lookup
                0x10003b74       0x10 CMakeFiles/blink.dir/C_/Program_Files/Raspberry_Pi/Pico_SDK_v1.5.0/pico-sdk/src/rp2_common/pico_bootrom/bootrom.c.obj
                0x10003b74                rom_data_lookup
 .text.rom_funcs_lookup
                0x10003b84       0x36 CMakeFiles/blink.dir/C_/Program_Files/Raspberry_Pi/Pico_SDK_v1.5.0/pico-sdk/src/rp2_common/pico_bootrom/bootrom.c.obj
                0x10003b84                rom_funcs_lookup
 *fill*         0x10003bba        0x2 
 .text.__wrap___aeabi_idiv
                0x10003bbc       0x50 CMakeFiles/blink.dir/C_/Program_Files/Raspberry_Pi/Pico_SDK_v1.5.0/pico-sdk/src/rp2_common/pico_divider/divider.S.obj
                0x10003bbc                __wrap___aeabi_idivmod
                0x10003bbc                divmod_s32s32
                0x10003bbc                div_s32s32
                0x10003bbc                __wrap___aeabi_idiv
                0x10003bc4                divmod_s32s32_unsafe
                0x10003bf0                divmod_s32s32_savestate
 .text.__wrap___aeabi_uidiv
                0x10003c0c       0x4c CMakeFiles/blink.dir/C_/Program_Files/Raspberry_Pi/Pico_SDK_v1.5.0/pico-sdk/src/rp2_common/pico_divider/divider.S.obj
                0x10003c0c                __wrap___aeabi_uidiv
                0x10003c0c                __wrap___aeabi_uidivmod
                0x10003c0c                div_u32u32
                0x10003c0c                divmod_u32u32
                0x10003c14                divmod_u32u32_unsafe
                0x10003c3c                divmod_u32u32_savestate
 .text.__wrap___aeabi_ldiv
                0x10003c58      0x424 CMakeFiles/blink.dir/C_/Program_Files/Raspberry_Pi/Pico_SDK_v1.5.0/pico-sdk/src/rp2_common/pico_divider/divider.S.obj
                0x10003c58                div_s64s64
                0x10003c58                divmod_s64s64
                0x10003c58                __wrap___aeabi_ldivmod
                0x10003c88                divmod_u64u64
                0x10003c88                div_u64u64
                0x10003c88                __wrap___aeabi_uldivmod
                0x10003c98                divmod_u64u64_savestate
                0x10003cb8                divmod_s64s64_unsafe
                0x10003d40                divmod_u64u64_unsafe
 .text.__wrap___aeabi_darithmetic
                0x1000407c       0x80 CMakeFiles/blink.dir/C_/Program_Files/Raspberry_Pi/Pico_SDK_v1.5.0/pico-sdk/src/rp2_common/pico_double/double_aeabi.S.obj
                0x1000407c                __wrap___aeabi_drsub
                0x10004082                __wrap___aeabi_dsub
                0x10004094                __wrap___aeabi_dadd
                0x100040a6                __wrap___aeabi_ddiv
                0x100040e2                __wrap___aeabi_dmul
 .text.__wrap___aeabi_cdcmple
                0x100040fc       0x6c CMakeFiles/blink.dir/C_/Program_Files/Raspberry_Pi/Pico_SDK_v1.5.0/pico-sdk/src/rp2_common/pico_double/double_aeabi.S.obj
                0x100040fc                __wrap___aeabi_cdrcmple
                0x1000410c                __wrap___aeabi_cdcmpeq
                0x1000410c                __wrap___aeabi_cdcmple
 .text.__wrap___aeabi_dcmplt
                0x10004168        0xc CMakeFiles/blink.dir/C_/Program_Files/Raspberry_Pi/Pico_SDK_v1.5.0/pico-sdk/src/rp2_common/pico_double/double_aeabi.S.obj
                0x10004168                __wrap___aeabi_dcmplt
 .text.__wrap___aeabi_dcmple
                0x10004174       0x10 CMakeFiles/blink.dir/C_/Program_Files/Raspberry_Pi/Pico_SDK_v1.5.0/pico-sdk/src/rp2_common/pico_double/double_aeabi.S.obj
                0x10004174                __wrap___aeabi_dcmple
 .text.__wrap___aeabi_dcmpge
                0x10004184       0x10 CMakeFiles/blink.dir/C_/Program_Files/Raspberry_Pi/Pico_SDK_v1.5.0/pico-sdk/src/rp2_common/pico_double/double_aeabi.S.obj
                0x10004184                __wrap___aeabi_dcmpge
 .text.__wrap___aeabi_dcmpgt
                0x10004194        0xa CMakeFiles/blink.dir/C_/Program_Files/Raspberry_Pi/Pico_SDK_v1.5.0/pico-sdk/src/rp2_common/pico_double/double_aeabi.S.obj
                0x10004194                __wrap___aeabi_dcmpgt
 .text.__wrap___aeabi_dcmpun
                0x1000419e       0x1c CMakeFiles/blink.dir/C_/Program_Files/Raspberry_Pi/Pico_SDK_v1.5.0/pico-sdk/src/rp2_common/pico_double/double_aeabi.S.obj
                0x1000419e                __wrap___aeabi_dcmpun
 *fill*         0x100041ba        0x2 
 .text.__wrap___aeabi_i2d
                0x100041bc       0x38 CMakeFiles/blink.dir/C_/Program_Files/Raspberry_Pi/Pico_SDK_v1.5.0/pico-sdk/src/rp2_common/pico_double/double_aeabi.S.obj
                0x100041bc                __wrap___aeabi_ui2d
                0x100041c4                __wrap___aeabi_i2d
 .text.__wrap___aeabi_d2iz
                0x100041f4       0x48 CMakeFiles/blink.dir/C_/Program_Files/Raspberry_Pi/Pico_SDK_v1.5.0/pico-sdk/src/rp2_common/pico_double/double_aeabi.S.obj
                0x100041f4                double2int_z
                0x100041f4                __wrap___aeabi_d2iz
 .text.__wrap___aeabi_d2uiz
                0x1000423c       0x18 CMakeFiles/blink.dir/C_/Program_Files/Raspberry_Pi/Pico_SDK_v1.5.0/pico-sdk/src/rp2_common/pico_double/double_aeabi.S.obj
                0x1000423c                __wrap___aeabi_d2uiz
                0x1000423c                double2uint
 .text.__aeabi_double_init
                0x10004254       0xc8 CMakeFiles/blink.dir/C_/Program_Files/Raspberry_Pi/Pico_SDK_v1.5.0/pico-sdk/src/rp2_common/pico_double/double_init_rom.c.obj
                0x10004254                __aeabi_double_init
 .text.double_table_shim_on_use_helper
                0x1000431c       0x34 CMakeFiles/blink.dir/C_/Program_Files/Raspberry_Pi/Pico_SDK_v1.5.0/pico-sdk/src/rp2_common/pico_double/double_v1_rom_shim.S.obj
                0x1000431c                double_table_shim_on_use_helper
 .text.__wrap___aeabi_dsub
                0x10004350       0x10 CMakeFiles/blink.dir/C_/Program_Files/Raspberry_Pi/Pico_SDK_v1.5.0/pico-sdk/src/rp2_common/pico_double/double_v1_rom_shim.S.obj
                0x10004350                drsub_shim
                0x10004356                dsub_shim
 .text.dadd_shim
                0x10004360      0x15c CMakeFiles/blink.dir/C_/Program_Files/Raspberry_Pi/Pico_SDK_v1.5.0/pico-sdk/src/rp2_common/pico_double/double_v1_rom_shim.S.obj
                0x10004360                dadd_shim
 .text.dmul_shim
                0x100044bc      0x15c CMakeFiles/blink.dir/C_/Program_Files/Raspberry_Pi/Pico_SDK_v1.5.0/pico-sdk/src/rp2_common/pico_double/double_v1_rom_shim.S.obj
                0x100044bc                dmul_shim
 .text.ddiv_shim
                0x10004618      0x1b0 CMakeFiles/blink.dir/C_/Program_Files/Raspberry_Pi/Pico_SDK_v1.5.0/pico-sdk/src/rp2_common/pico_double/double_v1_rom_shim.S.obj
                0x10004618                ddiv_shim
 .text.double2uint_shim
                0x100047c8        0xe CMakeFiles/blink.dir/C_/Program_Files/Raspberry_Pi/Pico_SDK_v1.5.0/pico-sdk/src/rp2_common/pico_double/double_v1_rom_shim.S.obj
                0x100047c8                double2uint_shim
                0x100047ca                double2ufix_shim
 *fill*         0x100047d6        0x2 
 .text.double2uint64_shim
                0x100047d8       0x70 CMakeFiles/blink.dir/C_/Program_Files/Raspberry_Pi/Pico_SDK_v1.5.0/pico-sdk/src/rp2_common/pico_double/double_v1_rom_shim.S.obj
                0x100047d8                double2uint64_shim
                0x100047da                double2ufix64_shim
                0x100047fa                d2fix_a
 .text.dunpacks
                0x10004848       0x3c CMakeFiles/blink.dir/C_/Program_Files/Raspberry_Pi/Pico_SDK_v1.5.0/pico-sdk/src/rp2_common/pico_double/double_v1_rom_shim.S.obj
                0x10004848                dunpacks
 .text.__aeabi_lmul
                0x10004884       0x32 CMakeFiles/blink.dir/C_/Program_Files/Raspberry_Pi/Pico_SDK_v1.5.0/pico-sdk/src/rp2_common/pico_int64_ops/pico_int64_ops_aeabi.S.obj
                0x10004884                __wrap___aeabi_lmul
 *fill*         0x100048b6        0x2 
 .text.__aeabi_float_init
                0x100048b8       0xfc CMakeFiles/blink.dir/C_/Program_Files/Raspberry_Pi/Pico_SDK_v1.5.0/pico-sdk/src/rp2_common/pico_float/float_init_rom.c.obj
                0x100048b8                __aeabi_float_init
 .text.float_table_shim_on_use_helper
                0x100049b4       0x34 CMakeFiles/blink.dir/C_/Program_Files/Raspberry_Pi/Pico_SDK_v1.5.0/pico-sdk/src/rp2_common/pico_float/float_v1_rom_shim.S.obj
                0x100049b4                float_table_shim_on_use_helper
 .text          0x100049e8       0x10 CMakeFiles/blink.dir/C_/Program_Files/Raspberry_Pi/Pico_SDK_v1.5.0/pico-sdk/src/rp2_common/pico_mem_ops/mem_ops_aeabi.S.obj
                0x100049e8                __aeabi_mem_init
 .text.memset   0x100049f8        0xc CMakeFiles/blink.dir/C_/Program_Files/Raspberry_Pi/Pico_SDK_v1.5.0/pico-sdk/src/rp2_common/pico_mem_ops/mem_ops_aeabi.S.obj
                0x100049f8                __wrap_memset
 .text.memcpy   0x10004a04        0xc CMakeFiles/blink.dir/C_/Program_Files/Raspberry_Pi/Pico_SDK_v1.5.0/pico-sdk/src/rp2_common/pico_mem_ops/mem_ops_aeabi.S.obj
                0x10004a04                __wrap_memcpy
                0x10004a04                __wrap___aeabi_memcpy
 .text.stdio_out_chars_no_crlf
                0x10004a10        0xe CMakeFiles/blink.dir/C_/Program_Files/Raspberry_Pi/Pico_SDK_v1.5.0/pico-sdk/src/rp2_common/pico_stdio/stdio.c.obj
 *fill*         0x10004a1e        0x2 
 .text.stdio_out_chars_crlf
                0x10004a20       0x80 CMakeFiles/blink.dir/C_/Program_Files/Raspberry_Pi/Pico_SDK_v1.5.0/pico-sdk/src/rp2_common/pico_stdio/stdio.c.obj
 .text.stdio_stack_buffer_flush
                0x10004aa0       0x44 CMakeFiles/blink.dir/C_/Program_Files/Raspberry_Pi/Pico_SDK_v1.5.0/pico-sdk/src/rp2_common/pico_stdio/stdio.c.obj
 .text.stdio_buffered_printer
                0x10004ae4       0x20 CMakeFiles/blink.dir/C_/Program_Files/Raspberry_Pi/Pico_SDK_v1.5.0/pico-sdk/src/rp2_common/pico_stdio/stdio.c.obj
 .text.stdio_get_until
                0x10004b04       0x80 CMakeFiles/blink.dir/C_/Program_Files/Raspberry_Pi/Pico_SDK_v1.5.0/pico-sdk/src/rp2_common/pico_stdio/stdio.c.obj
 .text.stdout_serialize_begin
                0x10004b84       0x5c CMakeFiles/blink.dir/C_/Program_Files/Raspberry_Pi/Pico_SDK_v1.5.0/pico-sdk/src/rp2_common/pico_stdio/stdio.c.obj
                0x10004b84                stdout_serialize_begin
 .text.stdout_serialize_end
                0x10004be0       0x10 CMakeFiles/blink.dir/C_/Program_Files/Raspberry_Pi/Pico_SDK_v1.5.0/pico-sdk/src/rp2_common/pico_stdio/stdio.c.obj
                0x10004be0                stdout_serialize_end
 .text.stdio_put_string
                0x10004bf0       0x98 CMakeFiles/blink.dir/C_/Program_Files/Raspberry_Pi/Pico_SDK_v1.5.0/pico-sdk/src/rp2_common/pico_stdio/stdio.c.obj
 .text.__wrap_putchar
                0x10004c88       0x1c CMakeFiles/blink.dir/C_/Program_Files/Raspberry_Pi/Pico_SDK_v1.5.0/pico-sdk/src/rp2_common/pico_stdio/stdio.c.obj
                0x10004c88                __wrap_putchar
 .text.stdio_set_driver_enabled
                0x10004ca4       0x2c CMakeFiles/blink.dir/C_/Program_Files/Raspberry_Pi/Pico_SDK_v1.5.0/pico-sdk/src/rp2_common/pico_stdio/stdio.c.obj
                0x10004ca4                stdio_set_driver_enabled
 .text.stdio_flush
                0x10004cd0       0x20 CMakeFiles/blink.dir/C_/Program_Files/Raspberry_Pi/Pico_SDK_v1.5.0/pico-sdk/src/rp2_common/pico_stdio/stdio.c.obj
                0x10004cd0                stdio_flush
 .text.__wrap_puts
                0x10004cf0       0x1e CMakeFiles/blink.dir/C_/Program_Files/Raspberry_Pi/Pico_SDK_v1.5.0/pico-sdk/src/rp2_common/pico_stdio/stdio.c.obj
                0x10004cf0                __wrap_puts
 *fill*         0x10004d0e        0x2 
 .text.__wrap_vprintf
                0x10004d10       0x40 CMakeFiles/blink.dir/C_/Program_Files/Raspberry_Pi/Pico_SDK_v1.5.0/pico-sdk/src/rp2_common/pico_stdio/stdio.c.obj
                0x10004d10                __wrap_vprintf
 .text.__wrap_printf
                0x10004d50       0x18 CMakeFiles/blink.dir/C_/Program_Files/Raspberry_Pi/Pico_SDK_v1.5.0/pico-sdk/src/rp2_common/pico_stdio/stdio.c.obj
                0x10004d50                __wrap_printf
 .text.stdio_init_all
                0x10004d68        0x8 CMakeFiles/blink.dir/C_/Program_Files/Raspberry_Pi/Pico_SDK_v1.5.0/pico-sdk/src/rp2_common/pico_stdio/stdio.c.obj
                0x10004d68                stdio_init_all
 .text.__wrap_getchar
                0x10004d70       0x40 CMakeFiles/blink.dir/C_/Program_Files/Raspberry_Pi/Pico_SDK_v1.5.0/pico-sdk/src/rp2_common/pico_stdio/stdio.c.obj
                0x10004d70                __wrap_getchar
 .text.resetd_init
                0x10004db0        0x2 CMakeFiles/blink.dir/C_/Program_Files/Raspberry_Pi/Pico_SDK_v1.5.0/pico-sdk/src/rp2_common/pico_stdio_usb/reset_interface.c.obj
 *fill*         0x10004db2        0x2 
 .text.resetd_reset
                0x10004db4        0xc CMakeFiles/blink.dir/C_/Program_Files/Raspberry_Pi/Pico_SDK_v1.5.0/pico-sdk/src/rp2_common/pico_stdio_usb/reset_interface.c.obj
 .text.resetd_open
                0x10004dc0       0x34 CMakeFiles/blink.dir/C_/Program_Files/Raspberry_Pi/Pico_SDK_v1.5.0/pico-sdk/src/rp2_common/pico_stdio_usb/reset_interface.c.obj
 .text.resetd_xfer_cb
                0x10004df4        0x4 CMakeFiles/blink.dir/C_/Program_Files/Raspberry_Pi/Pico_SDK_v1.5.0/pico-sdk/src/rp2_common/pico_stdio_usb/reset_interface.c.obj
 .text.reset_usb_boot
                0x10004df8       0x18 CMakeFiles/blink.dir/C_/Program_Files/Raspberry_Pi/Pico_SDK_v1.5.0/pico-sdk/src/rp2_common/pico_stdio_usb/reset_interface.c.obj
 .text.resetd_control_xfer_cb
                0x10004e10       0x5c CMakeFiles/blink.dir/C_/Program_Files/Raspberry_Pi/Pico_SDK_v1.5.0/pico-sdk/src/rp2_common/pico_stdio_usb/reset_interface.c.obj
 .text.usbd_app_driver_get_cb
                0x10004e6c        0xc CMakeFiles/blink.dir/C_/Program_Files/Raspberry_Pi/Pico_SDK_v1.5.0/pico-sdk/src/rp2_common/pico_stdio_usb/reset_interface.c.obj
                0x10004e6c                usbd_app_driver_get_cb
 .text.tud_cdc_line_coding_cb
                0x10004e78       0x28 CMakeFiles/blink.dir/C_/Program_Files/Raspberry_Pi/Pico_SDK_v1.5.0/pico-sdk/src/rp2_common/pico_stdio_usb/reset_interface.c.obj
                0x10004e78                tud_cdc_line_coding_cb
 .text.stdio_usb_set_chars_available_callback
                0x10004ea0       0x14 CMakeFiles/blink.dir/C_/Program_Files/Raspberry_Pi/Pico_SDK_v1.5.0/pico-sdk/src/rp2_common/pico_stdio_usb/stdio_usb.c.obj
                0x10004ea0                stdio_usb_set_chars_available_callback
 .text.usb_irq  0x10004eb4       0x10 CMakeFiles/blink.dir/C_/Program_Files/Raspberry_Pi/Pico_SDK_v1.5.0/pico-sdk/src/rp2_common/pico_stdio_usb/stdio_usb.c.obj
 .text.timer_task
                0x10004ec4       0x58 CMakeFiles/blink.dir/C_/Program_Files/Raspberry_Pi/Pico_SDK_v1.5.0/pico-sdk/src/rp2_common/pico_stdio_usb/stdio_usb.c.obj
 .text.low_priority_worker_irq
                0x10004f1c       0xd8 CMakeFiles/blink.dir/C_/Program_Files/Raspberry_Pi/Pico_SDK_v1.5.0/pico-sdk/src/rp2_common/pico_stdio_usb/stdio_usb.c.obj
 .text.tud_cdc_rx_cb
                0x10004ff4       0x20 CMakeFiles/blink.dir/C_/Program_Files/Raspberry_Pi/Pico_SDK_v1.5.0/pico-sdk/src/rp2_common/pico_stdio_usb/stdio_usb.c.obj
                0x10004ff4                tud_cdc_rx_cb
 .text.stdio_usb_init
                0x10005014      0x12c CMakeFiles/blink.dir/C_/Program_Files/Raspberry_Pi/Pico_SDK_v1.5.0/pico-sdk/src/rp2_common/pico_stdio_usb/stdio_usb.c.obj
                0x10005014                stdio_usb_init
 .text.stdio_usb_connected
                0x10005140        0xa CMakeFiles/blink.dir/C_/Program_Files/Raspberry_Pi/Pico_SDK_v1.5.0/pico-sdk/src/rp2_common/pico_stdio_usb/stdio_usb.c.obj
                0x10005140                stdio_usb_connected
 *fill*         0x1000514a        0x2 
 .text.stdio_usb_in_chars
                0x1000514c       0xc4 CMakeFiles/blink.dir/C_/Program_Files/Raspberry_Pi/Pico_SDK_v1.5.0/pico-sdk/src/rp2_common/pico_stdio_usb/stdio_usb.c.obj
                0x1000514c                stdio_usb_in_chars
 .text.stdio_usb_out_chars
                0x10005210      0x114 CMakeFiles/blink.dir/C_/Program_Files/Raspberry_Pi/Pico_SDK_v1.5.0/pico-sdk/src/rp2_common/pico_stdio_usb/stdio_usb.c.obj
 .text.tud_descriptor_device_cb
                0x10005324        0x8 CMakeFiles/blink.dir/C_/Program_Files/Raspberry_Pi/Pico_SDK_v1.5.0/pico-sdk/src/rp2_common/pico_stdio_usb/stdio_usb_descriptors.c.obj
                0x10005324                tud_descriptor_device_cb
 .text.tud_descriptor_configuration_cb
                0x1000532c        0x8 CMakeFiles/blink.dir/C_/Program_Files/Raspberry_Pi/Pico_SDK_v1.5.0/pico-sdk/src/rp2_common/pico_stdio_usb/stdio_usb_descriptors.c.obj
                0x1000532c                tud_descriptor_configuration_cb
 .text.tud_descriptor_string_cb
                0x10005334       0x6c CMakeFiles/blink.dir/C_/Program_Files/Raspberry_Pi/Pico_SDK_v1.5.0/pico-sdk/src/rp2_common/pico_stdio_usb/stdio_usb_descriptors.c.obj
                0x10005334                tud_descriptor_string_cb
 .text._retrieve_unique_id_on_boot
                0x100053a0       0x10 CMakeFiles/blink.dir/C_/Program_Files/Raspberry_Pi/Pico_SDK_v1.5.0/pico-sdk/src/rp2_common/pico_unique_id/unique_id.c.obj
 .text.pico_get_unique_board_id
                0x100053b0       0x10 CMakeFiles/blink.dir/C_/Program_Files/Raspberry_Pi/Pico_SDK_v1.5.0/pico-sdk/src/rp2_common/pico_unique_id/unique_id.c.obj
                0x100053b0                pico_get_unique_board_id
 .text.pico_get_unique_board_id_string
                0x100053c0       0x60 CMakeFiles/blink.dir/C_/Program_Files/Raspberry_Pi/Pico_SDK_v1.5.0/pico-sdk/src/rp2_common/pico_unique_id/unique_id.c.obj
                0x100053c0                pico_get_unique_board_id_string
 .text.flash_get_unique_id
                0x10005420       0x46 CMakeFiles/blink.dir/C_/Program_Files/Raspberry_Pi/Pico_SDK_v1.5.0/pico-sdk/src/rp2_common/hardware_flash/flash.c.obj
                0x10005420                flash_get_unique_id
 *fill*         0x10005466        0x2 
 .text.hw_endpoint_get_by_addr
                0x10005468       0x18 CMakeFiles/blink.dir/C_/Program_Files/Raspberry_Pi/Pico_SDK_v1.5.0/pico-sdk/lib/tinyusb/src/portable/raspberrypi/rp2040/dcd_rp2040.c.obj
 .text._hw_endpoint_alloc
                0x10005480       0x70 CMakeFiles/blink.dir/C_/Program_Files/Raspberry_Pi/Pico_SDK_v1.5.0/pico-sdk/lib/tinyusb/src/portable/raspberrypi/rp2040/dcd_rp2040.c.obj
 .text.hw_endpoint_init
                0x100054f0       0x88 CMakeFiles/blink.dir/C_/Program_Files/Raspberry_Pi/Pico_SDK_v1.5.0/pico-sdk/lib/tinyusb/src/portable/raspberrypi/rp2040/dcd_rp2040.c.obj
 .text.hw_endpoint_xfer
                0x10005578       0x14 CMakeFiles/blink.dir/C_/Program_Files/Raspberry_Pi/Pico_SDK_v1.5.0/pico-sdk/lib/tinyusb/src/portable/raspberrypi/rp2040/dcd_rp2040.c.obj
 .text.dcd_int_enable
                0x1000558c       0x2c CMakeFiles/blink.dir/C_/Program_Files/Raspberry_Pi/Pico_SDK_v1.5.0/pico-sdk/lib/tinyusb/src/portable/raspberrypi/rp2040/dcd_rp2040.c.obj
                0x1000558c                dcd_int_enable
 .text.dcd_set_address
                0x100055b8       0x2c CMakeFiles/blink.dir/C_/Program_Files/Raspberry_Pi/Pico_SDK_v1.5.0/pico-sdk/lib/tinyusb/src/portable/raspberrypi/rp2040/dcd_rp2040.c.obj
                0x100055b8                dcd_set_address
 .text.dcd_connect
                0x100055e4       0x10 CMakeFiles/blink.dir/C_/Program_Files/Raspberry_Pi/Pico_SDK_v1.5.0/pico-sdk/lib/tinyusb/src/portable/raspberrypi/rp2040/dcd_rp2040.c.obj
                0x100055e4                dcd_connect
 .text.dcd_init
                0x100055f4       0x80 CMakeFiles/blink.dir/C_/Program_Files/Raspberry_Pi/Pico_SDK_v1.5.0/pico-sdk/lib/tinyusb/src/portable/raspberrypi/rp2040/dcd_rp2040.c.obj
                0x100055f4                dcd_init
 .text.dcd_edpt0_status_complete
                0x10005674       0x1c CMakeFiles/blink.dir/C_/Program_Files/Raspberry_Pi/Pico_SDK_v1.5.0/pico-sdk/lib/tinyusb/src/portable/raspberrypi/rp2040/dcd_rp2040.c.obj
                0x10005674                dcd_edpt0_status_complete
 .text.dcd_edpt_open
                0x10005690       0x40 CMakeFiles/blink.dir/C_/Program_Files/Raspberry_Pi/Pico_SDK_v1.5.0/pico-sdk/lib/tinyusb/src/portable/raspberrypi/rp2040/dcd_rp2040.c.obj
                0x10005690                dcd_edpt_open
 .text.dcd_edpt_close_all
                0x100056d0        0x8 CMakeFiles/blink.dir/C_/Program_Files/Raspberry_Pi/Pico_SDK_v1.5.0/pico-sdk/lib/tinyusb/src/portable/raspberrypi/rp2040/dcd_rp2040.c.obj
                0x100056d0                dcd_edpt_close_all
 .text.dcd_edpt_xfer
                0x100056d8       0x34 CMakeFiles/blink.dir/C_/Program_Files/Raspberry_Pi/Pico_SDK_v1.5.0/pico-sdk/lib/tinyusb/src/portable/raspberrypi/rp2040/dcd_rp2040.c.obj
                0x100056d8                dcd_edpt_xfer
 .text.dcd_edpt_stall
                0x1000570c       0x2c CMakeFiles/blink.dir/C_/Program_Files/Raspberry_Pi/Pico_SDK_v1.5.0/pico-sdk/lib/tinyusb/src/portable/raspberrypi/rp2040/dcd_rp2040.c.obj
                0x1000570c                dcd_edpt_stall
 .text.dcd_edpt_clear_stall
                0x10005738       0x20 CMakeFiles/blink.dir/C_/Program_Files/Raspberry_Pi/Pico_SDK_v1.5.0/pico-sdk/lib/tinyusb/src/portable/raspberrypi/rp2040/dcd_rp2040.c.obj
                0x10005738                dcd_edpt_clear_stall
 .text.rp2040_usb_init
                0x10005758       0x4c CMakeFiles/blink.dir/C_/Program_Files/Raspberry_Pi/Pico_SDK_v1.5.0/pico-sdk/lib/tinyusb/src/portable/raspberrypi/rp2040/rp2040_usb.c.obj
                0x10005758                rp2040_usb_init
 .text.hw_endpoint_xfer_start
                0x100057a4       0x50 CMakeFiles/blink.dir/C_/Program_Files/Raspberry_Pi/Pico_SDK_v1.5.0/pico-sdk/lib/tinyusb/src/portable/raspberrypi/rp2040/rp2040_usb.c.obj
                0x100057a4                hw_endpoint_xfer_start
 .text.configuration_reset
                0x100057f4       0x84 CMakeFiles/blink.dir/C_/Program_Files/Raspberry_Pi/Pico_SDK_v1.5.0/pico-sdk/lib/tinyusb/src/device/usbd.c.obj
 .text.usbd_reset
                0x10005878        0xc CMakeFiles/blink.dir/C_/Program_Files/Raspberry_Pi/Pico_SDK_v1.5.0/pico-sdk/lib/tinyusb/src/device/usbd.c.obj
 .text.invoke_class_control
                0x10005884       0x1a CMakeFiles/blink.dir/C_/Program_Files/Raspberry_Pi/Pico_SDK_v1.5.0/pico-sdk/lib/tinyusb/src/device/usbd.c.obj
 *fill*         0x1000589e        0x2 
 .text.process_set_config
                0x100058a0      0x178 CMakeFiles/blink.dir/C_/Program_Files/Raspberry_Pi/Pico_SDK_v1.5.0/pico-sdk/lib/tinyusb/src/device/usbd.c.obj
 .text.process_get_descriptor
                0x10005a18       0xdc CMakeFiles/blink.dir/C_/Program_Files/Raspberry_Pi/Pico_SDK_v1.5.0/pico-sdk/lib/tinyusb/src/device/usbd.c.obj
 .text.tud_mounted
                0x10005af4       0x10 CMakeFiles/blink.dir/C_/Program_Files/Raspberry_Pi/Pico_SDK_v1.5.0/pico-sdk/lib/tinyusb/src/device/usbd.c.obj
                0x10005af4                tud_mounted
 .text.tud_suspended
                0x10005b04       0x10 CMakeFiles/blink.dir/C_/Program_Files/Raspberry_Pi/Pico_SDK_v1.5.0/pico-sdk/lib/tinyusb/src/device/usbd.c.obj
                0x10005b04                tud_suspended
 .text.tud_inited
                0x10005b14       0x14 CMakeFiles/blink.dir/C_/Program_Files/Raspberry_Pi/Pico_SDK_v1.5.0/pico-sdk/lib/tinyusb/src/device/usbd.c.obj
                0x10005b14                tud_inited
 .text.tud_init
                0x10005b28       0xcc CMakeFiles/blink.dir/C_/Program_Files/Raspberry_Pi/Pico_SDK_v1.5.0/pico-sdk/lib/tinyusb/src/device/usbd.c.obj
                0x10005b28                tud_init
 .text.usbd_defer_func
                0x10005bf4       0x2a CMakeFiles/blink.dir/C_/Program_Files/Raspberry_Pi/Pico_SDK_v1.5.0/pico-sdk/lib/tinyusb/src/device/usbd.c.obj
                0x10005bf4                usbd_defer_func
 *fill*         0x10005c1e        0x2 
 .text.usbd_edpt_open
                0x10005c20       0x34 CMakeFiles/blink.dir/C_/Program_Files/Raspberry_Pi/Pico_SDK_v1.5.0/pico-sdk/lib/tinyusb/src/device/usbd.c.obj
                0x10005c20                usbd_edpt_open
 .text.usbd_open_edpt_pair
                0x10005c54       0x62 CMakeFiles/blink.dir/C_/Program_Files/Raspberry_Pi/Pico_SDK_v1.5.0/pico-sdk/lib/tinyusb/src/device/usbd.c.obj
                0x10005c54                usbd_open_edpt_pair
 *fill*         0x10005cb6        0x2 
 .text.usbd_edpt_claim
                0x10005cb8       0x28 CMakeFiles/blink.dir/C_/Program_Files/Raspberry_Pi/Pico_SDK_v1.5.0/pico-sdk/lib/tinyusb/src/device/usbd.c.obj
                0x10005cb8                usbd_edpt_claim
 .text.usbd_edpt_release
                0x10005ce0       0x28 CMakeFiles/blink.dir/C_/Program_Files/Raspberry_Pi/Pico_SDK_v1.5.0/pico-sdk/lib/tinyusb/src/device/usbd.c.obj
                0x10005ce0                usbd_edpt_release
 .text.usbd_edpt_xfer
                0x10005d08       0x78 CMakeFiles/blink.dir/C_/Program_Files/Raspberry_Pi/Pico_SDK_v1.5.0/pico-sdk/lib/tinyusb/src/device/usbd.c.obj
                0x10005d08                usbd_edpt_xfer
 .text.usbd_edpt_stall
                0x10005d80       0x48 CMakeFiles/blink.dir/C_/Program_Files/Raspberry_Pi/Pico_SDK_v1.5.0/pico-sdk/lib/tinyusb/src/device/usbd.c.obj
                0x10005d80                usbd_edpt_stall
 .text.usbd_edpt_clear_stall
                0x10005dc8       0x48 CMakeFiles/blink.dir/C_/Program_Files/Raspberry_Pi/Pico_SDK_v1.5.0/pico-sdk/lib/tinyusb/src/device/usbd.c.obj
                0x10005dc8                usbd_edpt_clear_stall
 .text.usbd_edpt_stalled
                0x10005e10       0x1c CMakeFiles/blink.dir/C_/Program_Files/Raspberry_Pi/Pico_SDK_v1.5.0/pico-sdk/lib/tinyusb/src/device/usbd.c.obj
                0x10005e10                usbd_edpt_stalled
 .text.process_control_request
                0x10005e2c      0x37c CMakeFiles/blink.dir/C_/Program_Files/Raspberry_Pi/Pico_SDK_v1.5.0/pico-sdk/lib/tinyusb/src/device/usbd.c.obj
 .text.tud_task_ext
                0x100061a8      0x1b4 CMakeFiles/blink.dir/C_/Program_Files/Raspberry_Pi/Pico_SDK_v1.5.0/pico-sdk/lib/tinyusb/src/device/usbd.c.obj
                0x100061a8                tud_task_ext
 .text._data_stage_xact
                0x1000635c       0x58 CMakeFiles/blink.dir/C_/Program_Files/Raspberry_Pi/Pico_SDK_v1.5.0/pico-sdk/lib/tinyusb/src/device/usbd_control.c.obj
 .text.tud_control_status
                0x100063b4       0x38 CMakeFiles/blink.dir/C_/Program_Files/Raspberry_Pi/Pico_SDK_v1.5.0/pico-sdk/lib/tinyusb/src/device/usbd_control.c.obj
                0x100063b4                tud_control_status
 .text.tud_control_xfer
                0x100063ec       0x74 CMakeFiles/blink.dir/C_/Program_Files/Raspberry_Pi/Pico_SDK_v1.5.0/pico-sdk/lib/tinyusb/src/device/usbd_control.c.obj
                0x100063ec                tud_control_xfer
 .text.usbd_control_reset
                0x10006460       0x14 CMakeFiles/blink.dir/C_/Program_Files/Raspberry_Pi/Pico_SDK_v1.5.0/pico-sdk/lib/tinyusb/src/device/usbd_control.c.obj
                0x10006460                usbd_control_reset
 .text.usbd_control_set_complete_callback
                0x10006474        0xc CMakeFiles/blink.dir/C_/Program_Files/Raspberry_Pi/Pico_SDK_v1.5.0/pico-sdk/lib/tinyusb/src/device/usbd_control.c.obj
                0x10006474                usbd_control_set_complete_callback
 .text.usbd_control_set_request
                0x10006480       0x1c CMakeFiles/blink.dir/C_/Program_Files/Raspberry_Pi/Pico_SDK_v1.5.0/pico-sdk/lib/tinyusb/src/device/usbd_control.c.obj
                0x10006480                usbd_control_set_request
 .text.usbd_control_xfer_cb
                0x1000649c       0xcc CMakeFiles/blink.dir/C_/Program_Files/Raspberry_Pi/Pico_SDK_v1.5.0/pico-sdk/lib/tinyusb/src/device/usbd_control.c.obj
                0x1000649c                usbd_control_xfer_cb
 .text._prep_out_transaction
                0x10006568       0x4a CMakeFiles/blink.dir/C_/Program_Files/Raspberry_Pi/Pico_SDK_v1.5.0/pico-sdk/lib/tinyusb/src/class/cdc/cdc_device.c.obj
 *fill*         0x100065b2        0x2 
 .text.tud_cdc_n_connected
                0x100065b4       0x44 CMakeFiles/blink.dir/C_/Program_Files/Raspberry_Pi/Pico_SDK_v1.5.0/pico-sdk/lib/tinyusb/src/class/cdc/cdc_device.c.obj
                0x100065b4                tud_cdc_n_connected
 .text.tud_cdc_n_available
                0x100065f8       0x18 CMakeFiles/blink.dir/C_/Program_Files/Raspberry_Pi/Pico_SDK_v1.5.0/pico-sdk/lib/tinyusb/src/class/cdc/cdc_device.c.obj
                0x100065f8                tud_cdc_n_available
 .text.tud_cdc_n_read
                0x10006610       0x28 CMakeFiles/blink.dir/C_/Program_Files/Raspberry_Pi/Pico_SDK_v1.5.0/pico-sdk/lib/tinyusb/src/class/cdc/cdc_device.c.obj
                0x10006610                tud_cdc_n_read
 .text.tud_cdc_n_write_flush
                0x10006638       0xb8 CMakeFiles/blink.dir/C_/Program_Files/Raspberry_Pi/Pico_SDK_v1.5.0/pico-sdk/lib/tinyusb/src/class/cdc/cdc_device.c.obj
                0x10006638                tud_cdc_n_write_flush
 .text.tud_cdc_n_write
                0x100066f0       0x38 CMakeFiles/blink.dir/C_/Program_Files/Raspberry_Pi/Pico_SDK_v1.5.0/pico-sdk/lib/tinyusb/src/class/cdc/cdc_device.c.obj
                0x100066f0                tud_cdc_n_write
 .text.tud_cdc_n_write_available
                0x10006728       0x1c CMakeFiles/blink.dir/C_/Program_Files/Raspberry_Pi/Pico_SDK_v1.5.0/pico-sdk/lib/tinyusb/src/class/cdc/cdc_device.c.obj
                0x10006728                tud_cdc_n_write_available
 .text.cdcd_init
                0x10006744       0xbc CMakeFiles/blink.dir/C_/Program_Files/Raspberry_Pi/Pico_SDK_v1.5.0/pico-sdk/lib/tinyusb/src/class/cdc/cdc_device.c.obj
                0x10006744                cdcd_init
 .text.cdcd_reset
                0x10006800       0x44 CMakeFiles/blink.dir/C_/Program_Files/Raspberry_Pi/Pico_SDK_v1.5.0/pico-sdk/lib/tinyusb/src/class/cdc/cdc_device.c.obj
                0x10006800                cdcd_reset
 .text.cdcd_open
                0x10006844       0xcc CMakeFiles/blink.dir/C_/Program_Files/Raspberry_Pi/Pico_SDK_v1.5.0/pico-sdk/lib/tinyusb/src/class/cdc/cdc_device.c.obj
                0x10006844                cdcd_open
 .text.cdcd_control_xfer_cb
                0x10006910      0x134 CMakeFiles/blink.dir/C_/Program_Files/Raspberry_Pi/Pico_SDK_v1.5.0/pico-sdk/lib/tinyusb/src/class/cdc/cdc_device.c.obj
                0x10006910                cdcd_control_xfer_cb
 .text.cdcd_xfer_cb
                0x10006a44      0x130 CMakeFiles/blink.dir/C_/Program_Files/Raspberry_Pi/Pico_SDK_v1.5.0/pico-sdk/lib/tinyusb/src/class/cdc/cdc_device.c.obj
                0x10006a44                cdcd_xfer_cb
 .text.tusb_init
                0x10006b74        0xa CMakeFiles/blink.dir/C_/Program_Files/Raspberry_Pi/Pico_SDK_v1.5.0/pico-sdk/lib/tinyusb/src/tusb.c.obj
                0x10006b74                tusb_init
 .text.tusb_inited
                0x10006b7e        0xe CMakeFiles/blink.dir/C_/Program_Files/Raspberry_Pi/Pico_SDK_v1.5.0/pico-sdk/lib/tinyusb/src/tusb.c.obj
                0x10006b7e                tusb_inited
 .text.tu_edpt_claim
                0x10006b8c       0x50 CMakeFiles/blink.dir/C_/Program_Files/Raspberry_Pi/Pico_SDK_v1.5.0/pico-sdk/lib/tinyusb/src/tusb.c.obj
                0x10006b8c                tu_edpt_claim
 .text.tu_edpt_release
                0x10006bdc       0x3c CMakeFiles/blink.dir/C_/Program_Files/Raspberry_Pi/Pico_SDK_v1.5.0/pico-sdk/lib/tinyusb/src/tusb.c.obj
                0x10006bdc                tu_edpt_release
 .text.tu_edpt_validate
                0x10006c18       0x78 CMakeFiles/blink.dir/C_/Program_Files/Raspberry_Pi/Pico_SDK_v1.5.0/pico-sdk/lib/tinyusb/src/tusb.c.obj
                0x10006c18                tu_edpt_validate
 .text.tu_edpt_bind_driver
                0x10006c90       0x26 CMakeFiles/blink.dir/C_/Program_Files/Raspberry_Pi/Pico_SDK_v1.5.0/pico-sdk/lib/tinyusb/src/tusb.c.obj
                0x10006c90                tu_edpt_bind_driver
 .text.advance_index
                0x10006cb6       0x1a CMakeFiles/blink.dir/C_/Program_Files/Raspberry_Pi/Pico_SDK_v1.5.0/pico-sdk/lib/tinyusb/src/common/tusb_fifo.c.obj
 .text._tu_fifo_peek
                0x10006cd0       0x56 CMakeFiles/blink.dir/C_/Program_Files/Raspberry_Pi/Pico_SDK_v1.5.0/pico-sdk/lib/tinyusb/src/common/tusb_fifo.c.obj
 .text._ff_pull_const_addr
                0x10006d26       0x4c CMakeFiles/blink.dir/C_/Program_Files/Raspberry_Pi/Pico_SDK_v1.5.0/pico-sdk/lib/tinyusb/src/common/tusb_fifo.c.obj
 .text._ff_pull_n
                0x10006d72      0x110 CMakeFiles/blink.dir/C_/Program_Files/Raspberry_Pi/Pico_SDK_v1.5.0/pico-sdk/lib/tinyusb/src/common/tusb_fifo.c.obj
 .text._tu_fifo_peek_n
                0x10006e82       0x6a CMakeFiles/blink.dir/C_/Program_Files/Raspberry_Pi/Pico_SDK_v1.5.0/pico-sdk/lib/tinyusb/src/common/tusb_fifo.c.obj
 .text._tu_fifo_read_n
                0x10006eec       0x4e CMakeFiles/blink.dir/C_/Program_Files/Raspberry_Pi/Pico_SDK_v1.5.0/pico-sdk/lib/tinyusb/src/common/tusb_fifo.c.obj
 .text._ff_push_const_addr
                0x10006f3a       0x40 CMakeFiles/blink.dir/C_/Program_Files/Raspberry_Pi/Pico_SDK_v1.5.0/pico-sdk/lib/tinyusb/src/common/tusb_fifo.c.obj
 .text._ff_push_n
                0x10006f7a      0x10c CMakeFiles/blink.dir/C_/Program_Files/Raspberry_Pi/Pico_SDK_v1.5.0/pico-sdk/lib/tinyusb/src/common/tusb_fifo.c.obj
 .text._tu_fifo_write_n
                0x10007086       0xf0 CMakeFiles/blink.dir/C_/Program_Files/Raspberry_Pi/Pico_SDK_v1.5.0/pico-sdk/lib/tinyusb/src/common/tusb_fifo.c.obj
 .text.tu_fifo_config
                0x10007176       0x7c CMakeFiles/blink.dir/C_/Program_Files/Raspberry_Pi/Pico_SDK_v1.5.0/pico-sdk/lib/tinyusb/src/common/tusb_fifo.c.obj
                0x10007176                tu_fifo_config
 .text.tu_fifo_count
                0x100071f2       0x2a CMakeFiles/blink.dir/C_/Program_Files/Raspberry_Pi/Pico_SDK_v1.5.0/pico-sdk/lib/tinyusb/src/common/tusb_fifo.c.obj
                0x100071f2                tu_fifo_count
 .text.tu_fifo_empty
                0x1000721c       0x10 CMakeFiles/blink.dir/C_/Program_Files/Raspberry_Pi/Pico_SDK_v1.5.0/pico-sdk/lib/tinyusb/src/common/tusb_fifo.c.obj
                0x1000721c                tu_fifo_empty
 .text.tu_fifo_full
                0x1000722c       0x28 CMakeFiles/blink.dir/C_/Program_Files/Raspberry_Pi/Pico_SDK_v1.5.0/pico-sdk/lib/tinyusb/src/common/tusb_fifo.c.obj
                0x1000722c                tu_fifo_full
 .text.tu_fifo_remaining
                0x10007254       0x2c CMakeFiles/blink.dir/C_/Program_Files/Raspberry_Pi/Pico_SDK_v1.5.0/pico-sdk/lib/tinyusb/src/common/tusb_fifo.c.obj
                0x10007254                tu_fifo_remaining
 .text.tu_fifo_read
                0x10007280       0x42 CMakeFiles/blink.dir/C_/Program_Files/Raspberry_Pi/Pico_SDK_v1.5.0/pico-sdk/lib/tinyusb/src/common/tusb_fifo.c.obj
                0x10007280                tu_fifo_read
 .text.tu_fifo_read_n
                0x100072c2        0xa CMakeFiles/blink.dir/C_/Program_Files/Raspberry_Pi/Pico_SDK_v1.5.0/pico-sdk/lib/tinyusb/src/common/tusb_fifo.c.obj
                0x100072c2                tu_fifo_read_n
 .text.tu_fifo_write
                0x100072cc       0x64 CMakeFiles/blink.dir/C_/Program_Files/Raspberry_Pi/Pico_SDK_v1.5.0/pico-sdk/lib/tinyusb/src/common/tusb_fifo.c.obj
                0x100072cc                tu_fifo_write
 .text.tu_fifo_write_n
                0x10007330        0xa CMakeFiles/blink.dir/C_/Program_Files/Raspberry_Pi/Pico_SDK_v1.5.0/pico-sdk/lib/tinyusb/src/common/tusb_fifo.c.obj
                0x10007330                tu_fifo_write_n
 .text.tu_fifo_clear
                0x1000733a       0x3e CMakeFiles/blink.dir/C_/Program_Files/Raspberry_Pi/Pico_SDK_v1.5.0/pico-sdk/lib/tinyusb/src/common/tusb_fifo.c.obj
                0x1000733a                tu_fifo_clear
 .text.tu_fifo_set_overwritable
                0x10007378       0x46 CMakeFiles/blink.dir/C_/Program_Files/Raspberry_Pi/Pico_SDK_v1.5.0/pico-sdk/lib/tinyusb/src/common/tusb_fifo.c.obj
                0x10007378                tu_fifo_set_overwritable
 *fill*         0x100073be        0x2 
 .text.splitmix64
                0x100073c0       0x5c CMakeFiles/blink.dir/C_/Program_Files/Raspberry_Pi/Pico_SDK_v1.5.0/pico-sdk/src/rp2_common/pico_rand/rand.c.obj
 .text.sdbm_hash64_sram
                0x1000741c       0x64 CMakeFiles/blink.dir/C_/Program_Files/Raspberry_Pi/Pico_SDK_v1.5.0/pico-sdk/src/rp2_common/pico_rand/rand.c.obj
 .text.xoroshiro128ss
                0x10007480       0xb8 CMakeFiles/blink.dir/C_/Program_Files/Raspberry_Pi/Pico_SDK_v1.5.0/pico-sdk/src/rp2_common/pico_rand/rand.c.obj
 .text.capture_additional_rosc_samples
                0x10007538      0x1a4 CMakeFiles/blink.dir/C_/Program_Files/Raspberry_Pi/Pico_SDK_v1.5.0/pico-sdk/src/rp2_common/pico_rand/rand.c.obj
 .text.initialise_rand
                0x100076dc      0x118 CMakeFiles/blink.dir/C_/Program_Files/Raspberry_Pi/Pico_SDK_v1.5.0/pico-sdk/src/rp2_common/pico_rand/rand.c.obj
 .text.get_rand_64
                0x100077f4      0x11c CMakeFiles/blink.dir/C_/Program_Files/Raspberry_Pi/Pico_SDK_v1.5.0/pico-sdk/src/rp2_common/pico_rand/rand.c.obj
                0x100077f4                get_rand_64
 .text.get_rand_32
                0x10007910        0x8 CMakeFiles/blink.dir/C_/Program_Files/Raspberry_Pi/Pico_SDK_v1.5.0/pico-sdk/src/rp2_common/pico_rand/rand.c.obj
                0x10007910                get_rand_32
 .text.core1_trampoline
                0x10007918        0x2 CMakeFiles/blink.dir/C_/Program_Files/Raspberry_Pi/Pico_SDK_v1.5.0/pico-sdk/src/rp2_common/pico_multicore/multicore.c.obj
 .text.core1_wrapper
                0x1000791a        0xc CMakeFiles/blink.dir/C_/Program_Files/Raspberry_Pi/Pico_SDK_v1.5.0/pico-sdk/src/rp2_common/pico_multicore/multicore.c.obj
                0x1000791a                core1_wrapper
 .text.multicore_fifo_push_blocking
                0x10007926       0x14 CMakeFiles/blink.dir/C_/Program_Files/Raspberry_Pi/Pico_SDK_v1.5.0/pico-sdk/src/rp2_common/pico_multicore/multicore.c.obj
                0x10007926                multicore_fifo_push_blocking
 .text.multicore_fifo_pop_blocking
                0x1000793a       0x16 CMakeFiles/blink.dir/C_/Program_Files/Raspberry_Pi/Pico_SDK_v1.5.0/pico-sdk/src/rp2_common/pico_multicore/multicore.c.obj
                0x1000793a                multicore_fifo_pop_blocking
 .text.multicore_launch_core1_raw
                0x10007950       0x6e CMakeFiles/blink.dir/C_/Program_Files/Raspberry_Pi/Pico_SDK_v1.5.0/pico-sdk/src/rp2_common/pico_multicore/multicore.c.obj
                0x10007950                multicore_launch_core1_raw
 *fill*         0x100079be        0x2 
 .text.multicore_launch_core1_with_stack
                0x100079c0       0x50 CMakeFiles/blink.dir/C_/Program_Files/Raspberry_Pi/Pico_SDK_v1.5.0/pico-sdk/src/rp2_common/pico_multicore/multicore.c.obj
                0x100079c0                multicore_launch_core1_with_stack
 .text.multicore_launch_core1
                0x10007a10       0x24 CMakeFiles/blink.dir/C_/Program_Files/Raspberry_Pi/Pico_SDK_v1.5.0/pico-sdk/src/rp2_common/pico_multicore/multicore.c.obj
                0x10007a10                multicore_launch_core1
 .text._pio_can_add_program_at_offset
                0x10007a34       0x3c CMakeFiles/blink.dir/C_/Program_Files/Raspberry_Pi/Pico_SDK_v1.5.0/pico-sdk/src/rp2_common/hardware_pio/pio.c.obj
 .text._pio_find_offset_for_program
                0x10007a70       0x7c CMakeFiles/blink.dir/C_/Program_Files/Raspberry_Pi/Pico_SDK_v1.5.0/pico-sdk/src/rp2_common/hardware_pio/pio.c.obj
 .text._pio_add_program_at_offset
                0x10007aec       0x78 CMakeFiles/blink.dir/C_/Program_Files/Raspberry_Pi/Pico_SDK_v1.5.0/pico-sdk/src/rp2_common/hardware_pio/pio.c.obj
 .text.pio_claim_unused_sm
                0x10007b64       0x3c CMakeFiles/blink.dir/C_/Program_Files/Raspberry_Pi/Pico_SDK_v1.5.0/pico-sdk/src/rp2_common/hardware_pio/pio.c.obj
                0x10007b64                pio_claim_unused_sm
 .text.pio_add_program
                0x10007ba0       0x38 CMakeFiles/blink.dir/C_/Program_Files/Raspberry_Pi/Pico_SDK_v1.5.0/pico-sdk/src/rp2_common/hardware_pio/pio.c.obj
                0x10007ba0                pio_add_program
 .text.pio_sm_set_consecutive_pindirs
                0x10007bd8       0xa4 CMakeFiles/blink.dir/C_/Program_Files/Raspberry_Pi/Pico_SDK_v1.5.0/pico-sdk/src/rp2_common/hardware_pio/pio.c.obj
                0x10007bd8                pio_sm_set_consecutive_pindirs
 .text.pio_sm_init
                0x10007c7c       0xe4 CMakeFiles/blink.dir/C_/Program_Files/Raspberry_Pi/Pico_SDK_v1.5.0/pico-sdk/src/rp2_common/hardware_pio/pio.c.obj
                0x10007c7c                pio_sm_init
 .text.dma_claim_unused_channel
                0x10007d60       0x20 CMakeFiles/blink.dir/C_/Program_Files/Raspberry_Pi/Pico_SDK_v1.5.0/pico-sdk/src/rp2_common/hardware_dma/dma.c.obj
                0x10007d60                dma_claim_unused_channel
 .text.strlen   0x10007d80       0x5c c:/progra~1/raspbe~1/picosd~1.0/gcc-ar~1/bin/../lib/gcc/arm-none-eabi/10.3.1/../../../../arm-none-eabi/lib/thumb/v6-m/nofp\libg.a(lib_a-strlen-stub.o)
                0x10007d80                strlen
 *(.fini)
 .fini          0x10007ddc        0x4 c:/progra~1/raspbe~1/picosd~1.0/gcc-ar~1/bin/../lib/gcc/arm-none-eabi/10.3.1/thumb/v6-m/nofp/crti.o
                0x10007ddc                _fini
 .fini.__stub   0x10007de0       0xe0 linker stubs
 *crtbegin.o(.ctors)
 *crtbegin?.o(.ctors)
 *(EXCLUDE_FILE(*crtend.o *crtend?.o) .ctors)
 *(SORT_BY_NAME(.ctors.*))
 *(.ctors)
 *crtbegin.o(.dtors)
 *crtbegin?.o(.dtors)
 *(EXCLUDE_FILE(*crtend.o *crtend?.o) .dtors)
 *(SORT_BY_NAME(.dtors.*))
 *(.dtors)
 *(.eh_frame*)
 .eh_frame      0x10007ec0        0x0 c:/progra~1/raspbe~1/picosd~1.0/gcc-ar~1/bin/../lib/gcc/arm-none-eabi/10.3.1/thumb/v6-m/nofp/crtbegin.o
                0x10007ec0                . = ALIGN (0x4)

.glue_7         0x10007ec0        0x0
 .glue_7        0x10007ec0        0x0 linker stubs

.glue_7t        0x10007ec0        0x0
 .glue_7t       0x10007ec0        0x0 linker stubs

.vfp11_veneer   0x10007ec0        0x0
 .vfp11_veneer  0x10007ec0        0x0 linker stubs

.v4_bx          0x10007ec0        0x0
 .v4_bx         0x10007ec0        0x0 linker stubs

.iplt           0x10007ec0        0x0
 .iplt          0x10007ec0        0x0 c:/progra~1/raspbe~1/picosd~1.0/gcc-ar~1/bin/../lib/gcc/arm-none-eabi/10.3.1/thumb/v6-m/nofp/crtbegin.o

.rodata         0x10007ec0     0x1cbc
 *(EXCLUDE_FILE(*libm.a: *libc.a:*lib_a-mem*.o *libgcc.a:) .rodata*)
 .rodata.channel_config_set_chain_to.str1.4
                0x10007ec0       0xc6 CMakeFiles/blink.dir/main.cpp.obj
 *fill*         0x10007f86        0x2 
 .rodata.main.str1.4
                0x10007f88       0xb6 CMakeFiles/blink.dir/main.cpp.obj
 *fill*         0x1000803e        0x2 
 .rodata.main   0x10008040       0x24 CMakeFiles/blink.dir/main.cpp.obj
 .rodata._ZL14output_program
                0x10008064        0x6 CMakeFiles/blink.dir/main.cpp.obj
 *fill*         0x1000806a        0x2 
 .rodata._ZL27output_program_instructions
                0x1000806c        0x2 CMakeFiles/blink.dir/main.cpp.obj
 *fill*         0x1000806e        0x2 
 .rodata.spin_lock_claim_unused.str1.4
                0x10008070       0x1b CMakeFiles/blink.dir/C_/Program_Files/Raspberry_Pi/Pico_SDK_v1.5.0/pico-sdk/src/rp2_common/hardware_sync/sync.c.obj
 *fill*         0x1000808b        0x1 
 .rodata.make_branch.str1.4
                0x1000808c       0x89 CMakeFiles/blink.dir/C_/Program_Files/Raspberry_Pi/Pico_SDK_v1.5.0/pico-sdk/src/rp2_common/hardware_irq/irq.c.obj
 *fill*         0x10008115        0x3 
 .rodata.insert_branch_and_link.str1.4
                0x10008118       0x10 CMakeFiles/blink.dir/C_/Program_Files/Raspberry_Pi/Pico_SDK_v1.5.0/pico-sdk/src/rp2_common/hardware_irq/irq.c.obj
 .rodata.irq_set_exclusive_handler.str1.4
                0x10008128       0x36 CMakeFiles/blink.dir/C_/Program_Files/Raspberry_Pi/Pico_SDK_v1.5.0/pico-sdk/src/rp2_common/hardware_irq/irq.c.obj
 *fill*         0x1000815e        0x2 
 .rodata.irq_add_shared_handler.str1.4
                0x10008160       0xd9 CMakeFiles/blink.dir/C_/Program_Files/Raspberry_Pi/Pico_SDK_v1.5.0/pico-sdk/src/rp2_common/hardware_irq/irq.c.obj
 *fill*         0x10008239        0x3 
 .rodata.irq_remove_handler.str1.4
                0x1000823c       0x3a CMakeFiles/blink.dir/C_/Program_Files/Raspberry_Pi/Pico_SDK_v1.5.0/pico-sdk/src/rp2_common/hardware_irq/irq.c.obj
 *fill*         0x10008276        0x2 
 .rodata.irq_add_tail_to_free_list.str1.4
                0x10008278       0x3a CMakeFiles/blink.dir/C_/Program_Files/Raspberry_Pi/Pico_SDK_v1.5.0/pico-sdk/src/rp2_common/hardware_irq/irq.c.obj
 *fill*         0x100082b2        0x2 
 .rodata.user_irq_claim_unused.str1.4
                0x100082b4       0x1b CMakeFiles/blink.dir/C_/Program_Files/Raspberry_Pi/Pico_SDK_v1.5.0/pico-sdk/src/rp2_common/hardware_irq/irq.c.obj
 *fill*         0x100082cf        0x1 
 .rodata.__func__.0
                0x100082d0       0x1a CMakeFiles/blink.dir/C_/Program_Files/Raspberry_Pi/Pico_SDK_v1.5.0/pico-sdk/src/rp2_common/hardware_irq/irq.c.obj
 *fill*         0x100082ea        0x2 
 .rodata.__func__.1
                0x100082ec       0x17 CMakeFiles/blink.dir/C_/Program_Files/Raspberry_Pi/Pico_SDK_v1.5.0/pico-sdk/src/rp2_common/hardware_irq/irq.c.obj
 *fill*         0x10008303        0x1 
 .rodata.__func__.2
                0x10008304       0x13 CMakeFiles/blink.dir/C_/Program_Files/Raspberry_Pi/Pico_SDK_v1.5.0/pico-sdk/src/rp2_common/hardware_irq/irq.c.obj
 *fill*         0x10008317        0x1 
 .rodata.__func__.3
                0x10008318        0xc CMakeFiles/blink.dir/C_/Program_Files/Raspberry_Pi/Pico_SDK_v1.5.0/pico-sdk/src/rp2_common/hardware_irq/irq.c.obj
 .rodata.__func__.4
                0x10008324        0xf CMakeFiles/blink.dir/C_/Program_Files/Raspberry_Pi/Pico_SDK_v1.5.0/pico-sdk/src/rp2_common/hardware_irq/irq.c.obj
 *fill*         0x10008333        0x1 
 .rodata.__func__.5
                0x10008334       0x17 CMakeFiles/blink.dir/C_/Program_Files/Raspberry_Pi/Pico_SDK_v1.5.0/pico-sdk/src/rp2_common/hardware_irq/irq.c.obj
 *fill*         0x1000834b        0x1 
 .rodata.__func__.6
                0x1000834c       0x1a CMakeFiles/blink.dir/C_/Program_Files/Raspberry_Pi/Pico_SDK_v1.5.0/pico-sdk/src/rp2_common/hardware_irq/irq.c.obj
 *fill*         0x10008366        0x2 
 .rodata.str1.4
                0x10008368      0x125 CMakeFiles/blink.dir/C_/Program_Files/Raspberry_Pi/Pico_SDK_v1.5.0/pico-sdk/src/common/pico_sync/mutex.c.obj
 *fill*         0x1000848d        0x3 
 .rodata.__func__.1
                0x10008490        0xb CMakeFiles/blink.dir/C_/Program_Files/Raspberry_Pi/Pico_SDK_v1.5.0/pico-sdk/src/common/pico_sync/mutex.c.obj
 *fill*         0x1000849b        0x1 
 .rodata.__func__.3
                0x1000849c       0x18 CMakeFiles/blink.dir/C_/Program_Files/Raspberry_Pi/Pico_SDK_v1.5.0/pico-sdk/src/common/pico_sync/mutex.c.obj
 .rodata.__func__.4
                0x100084b4       0x15 CMakeFiles/blink.dir/C_/Program_Files/Raspberry_Pi/Pico_SDK_v1.5.0/pico-sdk/src/common/pico_sync/mutex.c.obj
 *fill*         0x100084c9        0x3 
 .rodata.repeating_timer_callback.str1.4
                0x100084cc       0x67 CMakeFiles/blink.dir/C_/Program_Files/Raspberry_Pi/Pico_SDK_v1.5.0/pico-sdk/src/common/pico_time/time.c.obj
 *fill*         0x10008533        0x1 
 .rodata.timer_pool_entry_comparator.str1.4
                0x10008534       0x22 CMakeFiles/blink.dir/C_/Program_Files/Raspberry_Pi/Pico_SDK_v1.5.0/pico-sdk/src/common/pico_time/time.c.obj
 *fill*         0x10008556        0x2 
 .rodata.ph_add_child_node.str1.4
                0x10008558       0xb2 CMakeFiles/blink.dir/C_/Program_Files/Raspberry_Pi/Pico_SDK_v1.5.0/pico-sdk/src/common/pico_time/time.c.obj
 *fill*         0x1000860a        0x2 
 .rodata.add_alarm_under_lock.str1.4
                0x1000860c       0x28 CMakeFiles/blink.dir/C_/Program_Files/Raspberry_Pi/Pico_SDK_v1.5.0/pico-sdk/src/common/pico_time/time.c.obj
                                 0x2b (size before relaxing)
 .rodata.alarm_pool_alarm_callback.str1.4
                0x10008634       0x98 CMakeFiles/blink.dir/C_/Program_Files/Raspberry_Pi/Pico_SDK_v1.5.0/pico-sdk/src/common/pico_time/time.c.obj
                                0x118 (size before relaxing)
 .rodata.alarm_pool_get_default.str1.4
                0x100086cc       0x21 CMakeFiles/blink.dir/C_/Program_Files/Raspberry_Pi/Pico_SDK_v1.5.0/pico-sdk/src/common/pico_time/time.c.obj
 *fill*         0x100086ed        0x3 
 .rodata.alarm_pool_cancel_alarm.str1.4
                0x100086f0       0x27 CMakeFiles/blink.dir/C_/Program_Files/Raspberry_Pi/Pico_SDK_v1.5.0/pico-sdk/src/common/pico_time/time.c.obj
 *fill*         0x10008717        0x1 
 .rodata.sleep_until.str1.4
                0x10008718       0x4d CMakeFiles/blink.dir/C_/Program_Files/Raspberry_Pi/Pico_SDK_v1.5.0/pico-sdk/src/common/pico_time/time.c.obj
 *fill*         0x10008765        0x3 
 .rodata.__func__.1
                0x10008768       0x18 CMakeFiles/blink.dir/C_/Program_Files/Raspberry_Pi/Pico_SDK_v1.5.0/pico-sdk/src/common/pico_time/time.c.obj
 .rodata.__func__.10
                0x10008780       0x15 CMakeFiles/blink.dir/C_/Program_Files/Raspberry_Pi/Pico_SDK_v1.5.0/pico-sdk/src/common/pico_time/time.c.obj
 *fill*         0x10008795        0x3 
 .rodata.__func__.11
                0x10008798       0x1a CMakeFiles/blink.dir/C_/Program_Files/Raspberry_Pi/Pico_SDK_v1.5.0/pico-sdk/src/common/pico_time/time.c.obj
 *fill*         0x100087b2        0x2 
 .rodata.__func__.12
                0x100087b4        0xa CMakeFiles/blink.dir/C_/Program_Files/Raspberry_Pi/Pico_SDK_v1.5.0/pico-sdk/src/common/pico_time/time.c.obj
 *fill*         0x100087be        0x2 
 .rodata.__func__.3
                0x100087c0       0x17 CMakeFiles/blink.dir/C_/Program_Files/Raspberry_Pi/Pico_SDK_v1.5.0/pico-sdk/src/common/pico_time/time.c.obj
 *fill*         0x100087d7        0x1 
 .rodata.__func__.4
                0x100087d8       0x12 CMakeFiles/blink.dir/C_/Program_Files/Raspberry_Pi/Pico_SDK_v1.5.0/pico-sdk/src/common/pico_time/time.c.obj
 *fill*         0x100087ea        0x2 
 .rodata.__func__.5
                0x100087ec        0xd CMakeFiles/blink.dir/C_/Program_Files/Raspberry_Pi/Pico_SDK_v1.5.0/pico-sdk/src/common/pico_time/time.c.obj
 *fill*         0x100087f9        0x3 
 .rodata.__func__.6
                0x100087fc       0x12 CMakeFiles/blink.dir/C_/Program_Files/Raspberry_Pi/Pico_SDK_v1.5.0/pico-sdk/src/common/pico_time/time.c.obj
 *fill*         0x1000880e        0x2 
 .rodata.__func__.7
                0x10008810        0xf CMakeFiles/blink.dir/C_/Program_Files/Raspberry_Pi/Pico_SDK_v1.5.0/pico-sdk/src/common/pico_time/time.c.obj
 *fill*         0x1000881f        0x1 
 .rodata.__func__.8
                0x10008820        0xc CMakeFiles/blink.dir/C_/Program_Files/Raspberry_Pi/Pico_SDK_v1.5.0/pico-sdk/src/common/pico_time/time.c.obj
 .rodata.__func__.9
                0x1000882c       0x15 CMakeFiles/blink.dir/C_/Program_Files/Raspberry_Pi/Pico_SDK_v1.5.0/pico-sdk/src/common/pico_time/time.c.obj
 *fill*         0x10008841        0x7 
 .rodata.at_the_end_of_time
                0x10008848        0x8 CMakeFiles/blink.dir/C_/Program_Files/Raspberry_Pi/Pico_SDK_v1.5.0/pico-sdk/src/common/pico_time/time.c.obj
                0x10008848                at_the_end_of_time
 .rodata.hardware_alarm_claim.str1.4
                0x10008850       0x22 CMakeFiles/blink.dir/C_/Program_Files/Raspberry_Pi/Pico_SDK_v1.5.0/pico-sdk/src/rp2_common/hardware_timer/timer.c.obj
 .rodata.busy_wait_us.str1.4
                0x10008872       0x7d CMakeFiles/blink.dir/C_/Program_Files/Raspberry_Pi/Pico_SDK_v1.5.0/pico-sdk/src/rp2_common/hardware_timer/timer.c.obj
 *fill*         0x10008872        0x2 
 .rodata.hardware_alarm_set_target.str1.4
                0x10008874       0x81 CMakeFiles/blink.dir/C_/Program_Files/Raspberry_Pi/Pico_SDK_v1.5.0/pico-sdk/src/rp2_common/hardware_timer/timer.c.obj
 *fill*         0x100088f5        0x3 
 .rodata.__func__.0
                0x100088f8       0x1a CMakeFiles/blink.dir/C_/Program_Files/Raspberry_Pi/Pico_SDK_v1.5.0/pico-sdk/src/rp2_common/hardware_timer/timer.c.obj
 *fill*         0x10008912        0x2 
 .rodata.__func__.1
                0x10008914       0x15 CMakeFiles/blink.dir/C_/Program_Files/Raspberry_Pi/Pico_SDK_v1.5.0/pico-sdk/src/rp2_common/hardware_timer/timer.c.obj
 .rodata.ph_add_child_node.str1.4
                0x10008929       0xb2 CMakeFiles/blink.dir/C_/Program_Files/Raspberry_Pi/Pico_SDK_v1.5.0/pico-sdk/src/common/pico_util/pheap.c.obj
 *fill*         0x10008929        0x3 
 .rodata.ph_remove_any_head.str1.4
                0x1000892c       0xa8 CMakeFiles/blink.dir/C_/Program_Files/Raspberry_Pi/Pico_SDK_v1.5.0/pico-sdk/src/common/pico_util/pheap.c.obj
                                 0xbc (size before relaxing)
 .rodata.ph_remove_and_free_node.str1.4
                0x100089d4       0x1e CMakeFiles/blink.dir/C_/Program_Files/Raspberry_Pi/Pico_SDK_v1.5.0/pico-sdk/src/common/pico_util/pheap.c.obj
                                 0x26 (size before relaxing)
 *fill*         0x100089f2        0x2 
 .rodata.__func__.0
                0x100089f4       0x18 CMakeFiles/blink.dir/C_/Program_Files/Raspberry_Pi/Pico_SDK_v1.5.0/pico-sdk/src/common/pico_util/pheap.c.obj
 .rodata.__func__.1
                0x10008a0c       0x13 CMakeFiles/blink.dir/C_/Program_Files/Raspberry_Pi/Pico_SDK_v1.5.0/pico-sdk/src/common/pico_util/pheap.c.obj
 *fill*         0x10008a1f        0x1 
 .rodata.__func__.2
                0x10008a20       0x12 CMakeFiles/blink.dir/C_/Program_Files/Raspberry_Pi/Pico_SDK_v1.5.0/pico-sdk/src/common/pico_util/pheap.c.obj
 *fill*         0x10008a32        0x2 
 .rodata.__func__.3
                0x10008a34        0xc CMakeFiles/blink.dir/C_/Program_Files/Raspberry_Pi/Pico_SDK_v1.5.0/pico-sdk/src/common/pico_util/pheap.c.obj
 .rodata.clock_configure.str1.4
                0x10008a40       0x73 CMakeFiles/blink.dir/C_/Program_Files/Raspberry_Pi/Pico_SDK_v1.5.0/pico-sdk/src/rp2_common/hardware_clocks/clocks.c.obj
 *fill*         0x10008ab3        0x1 
 .rodata.__func__.1
                0x10008ab4       0x10 CMakeFiles/blink.dir/C_/Program_Files/Raspberry_Pi/Pico_SDK_v1.5.0/pico-sdk/src/rp2_common/hardware_clocks/clocks.c.obj
 .rodata.pll_init.str1.4
                0x10008ac4      0x13f CMakeFiles/blink.dir/C_/Program_Files/Raspberry_Pi/Pico_SDK_v1.5.0/pico-sdk/src/rp2_common/hardware_pll/pll.c.obj
 *fill*         0x10008c03        0x1 
 .rodata.__func__.0
                0x10008c04        0x9 CMakeFiles/blink.dir/C_/Program_Files/Raspberry_Pi/Pico_SDK_v1.5.0/pico-sdk/src/rp2_common/hardware_pll/pll.c.obj
 *fill*         0x10008c0d        0x3 
 .rodata.__assert_func.str1.4
                0x10008c10       0x3f CMakeFiles/blink.dir/C_/Program_Files/Raspberry_Pi/Pico_SDK_v1.5.0/pico-sdk/src/rp2_common/pico_runtime/runtime.c.obj
                                 0x43 (size before relaxing)
 *fill*         0x10008c4f        0x1 
 .rodata.runtime_init.str1.4
                0x10008c50       0x7d CMakeFiles/blink.dir/C_/Program_Files/Raspberry_Pi/Pico_SDK_v1.5.0/pico-sdk/src/rp2_common/pico_runtime/runtime.c.obj
 *fill*         0x10008ccd        0x3 
 .rodata.panic.str1.4
                0x10008cd0       0x12 CMakeFiles/blink.dir/C_/Program_Files/Raspberry_Pi/Pico_SDK_v1.5.0/pico-sdk/src/rp2_common/pico_runtime/runtime.c.obj
 *fill*         0x10008ce2        0x2 
 .rodata.__func__.2
                0x10008ce4        0xd CMakeFiles/blink.dir/C_/Program_Files/Raspberry_Pi/Pico_SDK_v1.5.0/pico-sdk/src/rp2_common/pico_runtime/runtime.c.obj
 *fill*         0x10008cf1        0x3 
 .rodata._ftoa.str1.4
                0x10008cf4       0x15 CMakeFiles/blink.dir/C_/Program_Files/Raspberry_Pi/Pico_SDK_v1.5.0/pico-sdk/src/rp2_common/pico_printf/printf.c.obj
 *fill*         0x10008d09        0x3 
 .rodata._vsnprintf
                0x10008d0c      0x1e0 CMakeFiles/blink.dir/C_/Program_Files/Raspberry_Pi/Pico_SDK_v1.5.0/pico-sdk/src/rp2_common/pico_printf/printf.c.obj
 *fill*         0x10008eec        0x4 
 .rodata.pow10.0
                0x10008ef0       0x50 CMakeFiles/blink.dir/C_/Program_Files/Raspberry_Pi/Pico_SDK_v1.5.0/pico-sdk/src/rp2_common/pico_printf/printf.c.obj
 .rodata.__aeabi_double_init.str1.4
                0x10008f40       0xc4 CMakeFiles/blink.dir/C_/Program_Files/Raspberry_Pi/Pico_SDK_v1.5.0/pico-sdk/src/rp2_common/pico_double/double_init_rom.c.obj
 .rodata.__func__.0
                0x10009004       0x14 CMakeFiles/blink.dir/C_/Program_Files/Raspberry_Pi/Pico_SDK_v1.5.0/pico-sdk/src/rp2_common/pico_double/double_init_rom.c.obj
 .rodata.__aeabi_float_init.str1.4
                0x10009018       0x96 CMakeFiles/blink.dir/C_/Program_Files/Raspberry_Pi/Pico_SDK_v1.5.0/pico-sdk/src/rp2_common/pico_float/float_init_rom.c.obj
                                 0x9a (size before relaxing)
 *fill*         0x100090ae        0x2 
 .rodata.__func__.0
                0x100090b0       0x13 CMakeFiles/blink.dir/C_/Program_Files/Raspberry_Pi/Pico_SDK_v1.5.0/pico-sdk/src/rp2_common/pico_float/float_init_rom.c.obj
 *fill*         0x100090c3        0x1 
 .rodata.str1.4
                0x100090c4       0x40 CMakeFiles/blink.dir/C_/Program_Files/Raspberry_Pi/Pico_SDK_v1.5.0/pico-sdk/src/rp2_common/pico_standard_link/binary_info.c.obj
 .rodata.__bi_44
                0x10009104        0xc CMakeFiles/blink.dir/C_/Program_Files/Raspberry_Pi/Pico_SDK_v1.5.0/pico-sdk/src/rp2_common/pico_standard_link/binary_info.c.obj
 .rodata.__bi_75
                0x10009110        0xc CMakeFiles/blink.dir/C_/Program_Files/Raspberry_Pi/Pico_SDK_v1.5.0/pico-sdk/src/rp2_common/pico_standard_link/binary_info.c.obj
 .rodata.__bi_81
                0x1000911c        0xc CMakeFiles/blink.dir/C_/Program_Files/Raspberry_Pi/Pico_SDK_v1.5.0/pico-sdk/src/rp2_common/pico_standard_link/binary_info.c.obj
 .rodata.stdout_serialize_begin.str1.4
                0x10009128       0x7d CMakeFiles/blink.dir/C_/Program_Files/Raspberry_Pi/Pico_SDK_v1.5.0/pico-sdk/src/rp2_common/pico_stdio/stdio.c.obj
 .rodata.__wrap_getchar.str1.4
                0x10009128       0x65 CMakeFiles/blink.dir/C_/Program_Files/Raspberry_Pi/Pico_SDK_v1.5.0/pico-sdk/src/rp2_common/pico_stdio/stdio.c.obj
 *fill*         0x1000918d        0x3 
 .rodata.__func__.1
                0x10009190        0xf CMakeFiles/blink.dir/C_/Program_Files/Raspberry_Pi/Pico_SDK_v1.5.0/pico-sdk/src/rp2_common/pico_stdio/stdio.c.obj
 *fill*         0x1000919f        0x1 
 .rodata.__func__.3
                0x100091a0       0x15 CMakeFiles/blink.dir/C_/Program_Files/Raspberry_Pi/Pico_SDK_v1.5.0/pico-sdk/src/rp2_common/pico_stdio/stdio.c.obj
 *fill*         0x100091b5        0x3 
 .rodata.crlf_str.2
                0x100091b8        0x2 CMakeFiles/blink.dir/C_/Program_Files/Raspberry_Pi/Pico_SDK_v1.5.0/pico-sdk/src/rp2_common/pico_stdio/stdio.c.obj
 *fill*         0x100091ba        0x2 
 .rodata._resetd_driver
                0x100091bc       0x18 CMakeFiles/blink.dir/C_/Program_Files/Raspberry_Pi/Pico_SDK_v1.5.0/pico-sdk/src/rp2_common/pico_stdio_usb/reset_interface.c.obj
 .rodata.low_priority_worker_irq.str1.4
                0x100091d4       0x7d CMakeFiles/blink.dir/C_/Program_Files/Raspberry_Pi/Pico_SDK_v1.5.0/pico-sdk/src/rp2_common/pico_stdio_usb/stdio_usb.c.obj
 .rodata.stdio_usb_init.str1.4
                0x100091d4       0x61 CMakeFiles/blink.dir/C_/Program_Files/Raspberry_Pi/Pico_SDK_v1.5.0/pico-sdk/src/rp2_common/pico_stdio_usb/stdio_usb.c.obj
                                 0x69 (size before relaxing)
 *fill*         0x10009235        0x3 
 .rodata.str1.4
                0x10009238       0x13 CMakeFiles/blink.dir/C_/Program_Files/Raspberry_Pi/Pico_SDK_v1.5.0/pico-sdk/src/rp2_common/pico_stdio_usb/stdio_usb.c.obj
 *fill*         0x1000924b        0x1 
 .rodata.__bi_188.0
                0x1000924c        0xc CMakeFiles/blink.dir/C_/Program_Files/Raspberry_Pi/Pico_SDK_v1.5.0/pico-sdk/src/rp2_common/pico_stdio_usb/stdio_usb.c.obj
 .rodata.__func__.1
                0x10009258        0xf CMakeFiles/blink.dir/C_/Program_Files/Raspberry_Pi/Pico_SDK_v1.5.0/pico-sdk/src/rp2_common/pico_stdio_usb/stdio_usb.c.obj
 *fill*         0x10009267        0x1 
 .rodata.__func__.3
                0x10009268       0x15 CMakeFiles/blink.dir/C_/Program_Files/Raspberry_Pi/Pico_SDK_v1.5.0/pico-sdk/src/rp2_common/pico_stdio_usb/stdio_usb.c.obj
 *fill*         0x1000927d        0x3 
 .rodata.str1.4
                0x10009280       0x2a CMakeFiles/blink.dir/C_/Program_Files/Raspberry_Pi/Pico_SDK_v1.5.0/pico-sdk/src/rp2_common/pico_stdio_usb/stdio_usb_descriptors.c.obj
 *fill*         0x100092aa        0x2 
 .rodata.usbd_desc_cfg
                0x100092ac       0x54 CMakeFiles/blink.dir/C_/Program_Files/Raspberry_Pi/Pico_SDK_v1.5.0/pico-sdk/src/rp2_common/pico_stdio_usb/stdio_usb_descriptors.c.obj
 .rodata.usbd_desc_device
                0x10009300       0x12 CMakeFiles/blink.dir/C_/Program_Files/Raspberry_Pi/Pico_SDK_v1.5.0/pico-sdk/src/rp2_common/pico_stdio_usb/stdio_usb_descriptors.c.obj
 *fill*         0x10009312        0x2 
 .rodata.usbd_desc_str
                0x10009314       0x18 CMakeFiles/blink.dir/C_/Program_Files/Raspberry_Pi/Pico_SDK_v1.5.0/pico-sdk/src/rp2_common/pico_stdio_usb/stdio_usb_descriptors.c.obj
 .rodata.pico_get_unique_board_id_string.str1.4
                0x1000932c       0x69 CMakeFiles/blink.dir/C_/Program_Files/Raspberry_Pi/Pico_SDK_v1.5.0/pico-sdk/src/rp2_common/pico_unique_id/unique_id.c.obj
 *fill*         0x10009395        0x3 
 .rodata.__func__.0
                0x10009398       0x20 CMakeFiles/blink.dir/C_/Program_Files/Raspberry_Pi/Pico_SDK_v1.5.0/pico-sdk/src/rp2_common/pico_unique_id/unique_id.c.obj
 .rodata.str1.4
                0x100093b8      0x176 CMakeFiles/blink.dir/C_/Program_Files/Raspberry_Pi/Pico_SDK_v1.5.0/pico-sdk/src/rp2_common/hardware_flash/flash.c.obj
 *fill*         0x1000952e        0x2 
 .rodata.__func__.0
                0x10009530        0xd CMakeFiles/blink.dir/C_/Program_Files/Raspberry_Pi/Pico_SDK_v1.5.0/pico-sdk/src/rp2_common/hardware_flash/flash.c.obj
 *fill*         0x1000953d        0x3 
 .rodata._hw_endpoint_alloc.str1.4
                0x10009540       0xd1 CMakeFiles/blink.dir/C_/Program_Files/Raspberry_Pi/Pico_SDK_v1.5.0/pico-sdk/lib/tinyusb/src/portable/raspberrypi/rp2040/dcd_rp2040.c.obj
 *fill*         0x10009611        0x3 
 .rodata.str1.4
                0x10009614       0x14 CMakeFiles/blink.dir/C_/Program_Files/Raspberry_Pi/Pico_SDK_v1.5.0/pico-sdk/lib/tinyusb/src/portable/raspberrypi/rp2040/dcd_rp2040.c.obj
 .rodata.dcd_int_enable.str1.4
                0x10009628        0xc CMakeFiles/blink.dir/C_/Program_Files/Raspberry_Pi/Pico_SDK_v1.5.0/pico-sdk/lib/tinyusb/src/portable/raspberrypi/rp2040/dcd_rp2040.c.obj
 .rodata.__func__.0
                0x10009634        0xe CMakeFiles/blink.dir/C_/Program_Files/Raspberry_Pi/Pico_SDK_v1.5.0/pico-sdk/lib/tinyusb/src/portable/raspberrypi/rp2040/dcd_rp2040.c.obj
 *fill*         0x10009642        0x2 
 .rodata.__func__.1
                0x10009644        0xe CMakeFiles/blink.dir/C_/Program_Files/Raspberry_Pi/Pico_SDK_v1.5.0/pico-sdk/lib/tinyusb/src/portable/raspberrypi/rp2040/dcd_rp2040.c.obj
 *fill*         0x10009652        0x2 
 .rodata.__func__.3
                0x10009654       0x10 CMakeFiles/blink.dir/C_/Program_Files/Raspberry_Pi/Pico_SDK_v1.5.0/pico-sdk/lib/tinyusb/src/portable/raspberrypi/rp2040/dcd_rp2040.c.obj
 .rodata.__func__.5
                0x10009664        0xf CMakeFiles/blink.dir/C_/Program_Files/Raspberry_Pi/Pico_SDK_v1.5.0/pico-sdk/lib/tinyusb/src/portable/raspberrypi/rp2040/dcd_rp2040.c.obj
 *fill*         0x10009673        0x1 
 .rodata.__func__.6
                0x10009674       0x13 CMakeFiles/blink.dir/C_/Program_Files/Raspberry_Pi/Pico_SDK_v1.5.0/pico-sdk/lib/tinyusb/src/portable/raspberrypi/rp2040/dcd_rp2040.c.obj
 *fill*         0x10009687        0x1 
 .rodata.__func__.7
                0x10009688        0x9 CMakeFiles/blink.dir/C_/Program_Files/Raspberry_Pi/Pico_SDK_v1.5.0/pico-sdk/lib/tinyusb/src/portable/raspberrypi/rp2040/dcd_rp2040.c.obj
 *fill*         0x10009691        0x3 
 .rodata.str1.4
                0x10009694      0x103 CMakeFiles/blink.dir/C_/Program_Files/Raspberry_Pi/Pico_SDK_v1.5.0/pico-sdk/lib/tinyusb/src/portable/raspberrypi/rp2040/rp2040_usb.c.obj
 *fill*         0x10009797        0x1 
 .rodata.__func__.0
                0x10009798        0xf CMakeFiles/blink.dir/C_/Program_Files/Raspberry_Pi/Pico_SDK_v1.5.0/pico-sdk/lib/tinyusb/src/portable/raspberrypi/rp2040/rp2040_usb.c.obj
 *fill*         0x100097a7        0x1 
 .rodata.process_get_descriptor
                0x100097a8       0x40 CMakeFiles/blink.dir/C_/Program_Files/Raspberry_Pi/Pico_SDK_v1.5.0/pico-sdk/lib/tinyusb/src/device/usbd.c.obj
 .rodata.process_control_request
                0x100097e8       0x28 CMakeFiles/blink.dir/C_/Program_Files/Raspberry_Pi/Pico_SDK_v1.5.0/pico-sdk/lib/tinyusb/src/device/usbd.c.obj
 .rodata.tud_task_ext
                0x10009810       0x24 CMakeFiles/blink.dir/C_/Program_Files/Raspberry_Pi/Pico_SDK_v1.5.0/pico-sdk/lib/tinyusb/src/device/usbd.c.obj
 .rodata._usbd_driver
                0x10009834       0x18 CMakeFiles/blink.dir/C_/Program_Files/Raspberry_Pi/Pico_SDK_v1.5.0/pico-sdk/lib/tinyusb/src/device/usbd.c.obj
 .rodata.capture_additional_rosc_samples.str1.4
                0x1000984c      0x11f CMakeFiles/blink.dir/C_/Program_Files/Raspberry_Pi/Pico_SDK_v1.5.0/pico-sdk/src/rp2_common/pico_rand/rand.c.obj
                                0x1a1 (size before relaxing)
 *fill*         0x1000996b        0x1 
 .rodata.initialise_rand.str1.4
                0x1000996c        0xa CMakeFiles/blink.dir/C_/Program_Files/Raspberry_Pi/Pico_SDK_v1.5.0/pico-sdk/src/rp2_common/pico_rand/rand.c.obj
 *fill*         0x10009976        0x2 
 .rodata.__func__.0
                0x10009978       0x15 CMakeFiles/blink.dir/C_/Program_Files/Raspberry_Pi/Pico_SDK_v1.5.0/pico-sdk/src/rp2_common/pico_rand/rand.c.obj
 *fill*         0x1000998d        0x3 
 .rodata.__func__.2
                0x10009990       0x20 CMakeFiles/blink.dir/C_/Program_Files/Raspberry_Pi/Pico_SDK_v1.5.0/pico-sdk/src/rp2_common/pico_rand/rand.c.obj
 .rodata.__func__.3
                0x100099b0       0x10 CMakeFiles/blink.dir/C_/Program_Files/Raspberry_Pi/Pico_SDK_v1.5.0/pico-sdk/src/rp2_common/pico_rand/rand.c.obj
 .rodata.multicore_lockout_start_block_until.str1.4
                0x100099c0       0x79 CMakeFiles/blink.dir/C_/Program_Files/Raspberry_Pi/Pico_SDK_v1.5.0/pico-sdk/src/rp2_common/pico_multicore/multicore.c.obj
 *fill*         0x10009a39        0x3 
 .rodata.multicore_launch_core1_with_stack.str1.4
                0x10009a3c       0x19 CMakeFiles/blink.dir/C_/Program_Files/Raspberry_Pi/Pico_SDK_v1.5.0/pico-sdk/src/rp2_common/pico_multicore/multicore.c.obj
 *fill*         0x10009a55        0x3 
 .rodata.__func__.2
                0x10009a58       0x22 CMakeFiles/blink.dir/C_/Program_Files/Raspberry_Pi/Pico_SDK_v1.5.0/pico-sdk/src/rp2_common/pico_multicore/multicore.c.obj
 *fill*         0x10009a7a        0x2 
 .rodata._pio_find_offset_for_program.str1.4
                0x10009a7c       0x85 CMakeFiles/blink.dir/C_/Program_Files/Raspberry_Pi/Pico_SDK_v1.5.0/pico-sdk/src/rp2_common/hardware_pio/pio.c.obj
 *fill*         0x10009b01        0x3 
 .rodata._pio_add_program_at_offset.str1.4
                0x10009b04       0x11 CMakeFiles/blink.dir/C_/Program_Files/Raspberry_Pi/Pico_SDK_v1.5.0/pico-sdk/src/rp2_common/hardware_pio/pio.c.obj
 *fill*         0x10009b15        0x3 
 .rodata.pio_claim_unused_sm.str1.4
                0x10009b18       0x24 CMakeFiles/blink.dir/C_/Program_Files/Raspberry_Pi/Pico_SDK_v1.5.0/pico-sdk/src/rp2_common/hardware_pio/pio.c.obj
 .rodata.__func__.1