Archive member included to satisfy reference by file (symbol)

c:/progra~1/raspbe~1/picosd~1.0/gcc-ar~1/bin/../lib/gcc/arm-none-eabi/10.3.1/thumb/v6-m/nofp\libgcc.a(_dvmd_tls.o)
                              CMakeFiles/blink.dir/C_/Program_Files/Raspberry_Pi/Pico_SDK_v1.5.0/pico-sdk/src/rp2_common/pico_divider/divider.S.obj (__aeabi_idiv0)
c:/progra~1/raspbe~1/picosd~1.0/gcc-ar~1/bin/../lib/gcc/arm-none-eabi/10.3.1/../../../../arm-none-eabi/lib/thumb/v6-m/nofp\libg.a(lib_a-calloc.o)
                              CMakeFiles/blink.dir/C_/Program_Files/Raspberry_Pi/Pico_SDK_v1.5.0/pico-sdk/src/rp2_common/pico_malloc/pico_malloc.c.obj (calloc)
c:/progra~1/raspbe~1/picosd~1.0/gcc-ar~1/bin/../lib/gcc/arm-none-eabi/10.3.1/../../../../arm-none-eabi/lib/thumb/v6-m/nofp\libg.a(lib_a-callocr.o)
                              c:/progra~1/raspbe~1/picosd~1.0/gcc-ar~1/bin/../lib/gcc/arm-none-eabi/10.3.1/../../../../arm-none-eabi/lib/thumb/v6-m/nofp\libg.a(lib_a-calloc.o) (_calloc_r)
c:/progra~1/raspbe~1/picosd~1.0/gcc-ar~1/bin/../lib/gcc/arm-none-eabi/10.3.1/../../../../arm-none-eabi/lib/thumb/v6-m/nofp\libg.a(lib_a-errno.o)
                              c:/progra~1/raspbe~1/picosd~1.0/gcc-ar~1/bin/../lib/gcc/arm-none-eabi/10.3.1/../../../../arm-none-eabi/lib/thumb/v6-m/nofp\libg.a(lib_a-callocr.o) (__errno)
c:/progra~1/raspbe~1/picosd~1.0/gcc-ar~1/bin/../lib/gcc/arm-none-eabi/10.3.1/../../../../arm-none-eabi/lib/thumb/v6-m/nofp\libg.a(lib_a-impure.o)
                              c:/progra~1/raspbe~1/picosd~1.0/gcc-ar~1/bin/../lib/gcc/arm-none-eabi/10.3.1/../../../../arm-none-eabi/lib/thumb/v6-m/nofp\libg.a(lib_a-calloc.o) (_impure_ptr)
c:/progra~1/raspbe~1/picosd~1.0/gcc-ar~1/bin/../lib/gcc/arm-none-eabi/10.3.1/../../../../arm-none-eabi/lib/thumb/v6-m/nofp\libg.a(lib_a-init.o)
                              c:/progra~1/raspbe~1/picosd~1.0/gcc-ar~1/bin/../lib/gcc/arm-none-eabi/10.3.1/../../../../arm-none-eabi/lib/thumb/v6-m/nofp/crt0.o (__libc_init_array)
c:/progra~1/raspbe~1/picosd~1.0/gcc-ar~1/bin/../lib/gcc/arm-none-eabi/10.3.1/../../../../arm-none-eabi/lib/thumb/v6-m/nofp\libg.a(lib_a-malloc.o)
                              CMakeFiles/blink.dir/C_/Program_Files/Raspberry_Pi/Pico_SDK_v1.5.0/pico-sdk/src/rp2_common/pico_malloc/pico_malloc.c.obj (malloc)
c:/progra~1/raspbe~1/picosd~1.0/gcc-ar~1/bin/../lib/gcc/arm-none-eabi/10.3.1/../../../../arm-none-eabi/lib/thumb/v6-m/nofp\libg.a(lib_a-mallocr.o)
                              c:/progra~1/raspbe~1/picosd~1.0/gcc-ar~1/bin/../lib/gcc/arm-none-eabi/10.3.1/../../../../arm-none-eabi/lib/thumb/v6-m/nofp\libg.a(lib_a-callocr.o) (_malloc_r)
c:/progra~1/raspbe~1/picosd~1.0/gcc-ar~1/bin/../lib/gcc/arm-none-eabi/10.3.1/../../../../arm-none-eabi/lib/thumb/v6-m/nofp\libg.a(lib_a-mlock.o)
                              c:/progra~1/raspbe~1/picosd~1.0/gcc-ar~1/bin/../lib/gcc/arm-none-eabi/10.3.1/../../../../arm-none-eabi/lib/thumb/v6-m/nofp\libg.a(lib_a-mallocr.o) (__malloc_lock)
c:/progra~1/raspbe~1/picosd~1.0/gcc-ar~1/bin/../lib/gcc/arm-none-eabi/10.3.1/../../../../arm-none-eabi/lib/thumb/v6-m/nofp\libg.a(lib_a-realloc.o)
                              CMakeFiles/blink.dir/C_/Program_Files/Raspberry_Pi/Pico_SDK_v1.5.0/pico-sdk/src/rp2_common/pico_malloc/pico_malloc.c.obj (realloc)
c:/progra~1/raspbe~1/picosd~1.0/gcc-ar~1/bin/../lib/gcc/arm-none-eabi/10.3.1/../../../../arm-none-eabi/lib/thumb/v6-m/nofp\libg.a(lib_a-reallocr.o)
                              c:/progra~1/raspbe~1/picosd~1.0/gcc-ar~1/bin/../lib/gcc/arm-none-eabi/10.3.1/../../../../arm-none-eabi/lib/thumb/v6-m/nofp\libg.a(lib_a-realloc.o) (_realloc_r)
c:/progra~1/raspbe~1/picosd~1.0/gcc-ar~1/bin/../lib/gcc/arm-none-eabi/10.3.1/../../../../arm-none-eabi/lib/thumb/v6-m/nofp\libg.a(lib_a-sbrkr.o)
                              c:/progra~1/raspbe~1/picosd~1.0/gcc-ar~1/bin/../lib/gcc/arm-none-eabi/10.3.1/../../../../arm-none-eabi/lib/thumb/v6-m/nofp\libg.a(lib_a-mallocr.o) (_sbrk_r)
c:/progra~1/raspbe~1/picosd~1.0/gcc-ar~1/bin/../lib/gcc/arm-none-eabi/10.3.1/../../../../arm-none-eabi/lib/thumb/v6-m/nofp\libg.a(lib_a-strlen-stub.o)
                              CMakeFiles/blink.dir/C_/Program_Files/Raspberry_Pi/Pico_SDK_v1.5.0/pico-sdk/src/rp2_common/pico_stdio/stdio.c.obj (strlen)
c:/progra~1/raspbe~1/picosd~1.0/gcc-ar~1/bin/../lib/gcc/arm-none-eabi/10.3.1/../../../../arm-none-eabi/lib/thumb/v6-m/nofp\libg.a(lib_a-freer.o)
                              c:/progra~1/raspbe~1/picosd~1.0/gcc-ar~1/bin/../lib/gcc/arm-none-eabi/10.3.1/../../../../arm-none-eabi/lib/thumb/v6-m/nofp\libg.a(lib_a-malloc.o) (_free_r)
c:/progra~1/raspbe~1/picosd~1.0/gcc-ar~1/bin/../lib/gcc/arm-none-eabi/10.3.1/../../../../arm-none-eabi/lib/thumb/v6-m/nofp\libg.a(lib_a-lock.o)
                              c:/progra~1/raspbe~1/picosd~1.0/gcc-ar~1/bin/../lib/gcc/arm-none-eabi/10.3.1/../../../../arm-none-eabi/lib/thumb/v6-m/nofp\libg.a(lib_a-mlock.o) (__retarget_lock_acquire_recursive)
[...]
Memory Configuration

Name             Origin             Length             Attributes
FLASH            0x10000000         0x00200000         xr
RAM              0x20000000         0x00040000         xrw
SCRATCH_X        0x20040000         0x00001000         xrw
SCRATCH_Y        0x20041000         0x00001000         xrw
*default*        0x00000000         0xffffffff

Linker script and memory map

LOAD c:/progra~1/raspbe~1/picosd~1.0/gcc-ar~1/bin/../lib/gcc/arm-none-eabi/10.3.1/thumb/v6-m/nofp/crti.o
LOAD c:/progra~1/raspbe~1/picosd~1.0/gcc-ar~1/bin/../lib/gcc/arm-none-eabi/10.3.1/thumb/v6-m/nofp/crtbegin.o
LOAD c:/progra~1/raspbe~1/picosd~1.0/gcc-ar~1/bin/../lib/gcc/arm-none-eabi/10.3.1/../../../../arm-none-eabi/lib/thumb/v6-m/nofp/crt0.o

.flash_begin    0x10000000        0x0
                0x10000000                __flash_binary_start = .

.boot2          0x10000000      0x100
                0x10000000                __boot2_start__ = .
 *(.boot2)
 .boot2         0x10000000      0x100 C:\Users\vivek\AppData\Local\Temp\ccaESUJx.o
                0x10000100                __boot2_end__ = .
                0x00000001                ASSERT (((__boot2_end__ - __boot2_start__) == 0x100), ERROR: Pico second stage bootloader must be 256 bytes in size)

.text           0x10000100     0x7998
                0x10000100                __logical_binary_start = .
 *(.vectors)
 .vectors       0x10000100       0xd4 CMakeFiles/blink.dir/C_/Program_Files/Raspberry_Pi/Pico_SDK_v1.5.0/pico-sdk/src/rp2_common/pico_standard_link/crt0.S.obj
                0x10000100                __VECTOR_TABLE
                0x10000100                __vectors
                0x100001c0                isr_invalid
                0x100001c0                __default_isrs_start
                0x100001c2                isr_nmi
                0x100001c4                isr_hardfault
                0x100001c6                isr_svcall
                0x100001c8                isr_pendsv
                0x100001ca                isr_systick
                0x100001cc                isr_irq23
                0x100001cc                isr_irq18
                0x100001cc                isr_irq11
                0x100001cc                isr_irq28
                0x100001cc                isr_irq19
                0x100001cc                isr_irq0
                0x100001cc                isr_irq6
                0x100001cc                isr_irq5
                0x100001cc                isr_irq12
                0x100001cc                isr_irq22
                0x100001cc                isr_irq31
                0x100001cc                isr_irq17
                0x100001cc                isr_irq27
                0x100001cc                isr_irq30
                0x100001cc                isr_irq2
                0x100001cc                isr_irq10
                0x100001cc                isr_irq8
                0x100001cc                isr_irq24
                0x100001cc                isr_irq1
                0x100001cc                isr_irq7
                0x100001cc                isr_irq21
                0x100001cc                isr_irq20
                0x100001cc                isr_irq15
                0x100001cc                isr_irq25
                0x100001cc                isr_irq13
                0x100001cc                __unhandled_user_irq
                0x100001cc                isr_irq4
                0x100001cc                isr_irq16
                0x100001cc                isr_irq29
                0x100001cc                isr_irq26
                0x100001cc                __default_isrs_end
                0x100001cc                isr_irq3
                0x100001cc                isr_irq14
                0x100001cc                isr_irq9
                0x100001d2                unhandled_user_irq_num_in_r0
 *(.binary_info_header)
 .binary_info_header
                0x100001d4       0x14 CMakeFiles/blink.dir/C_/Program_Files/Raspberry_Pi/Pico_SDK_v1.5.0/pico-sdk/src/rp2_common/pico_standard_link/crt0.S.obj
                0x100001e8                __binary_info_header_end = .
 *(.reset)
 .reset         0x100001e8       0xa0 CMakeFiles/blink.dir/C_/Program_Files/Raspberry_Pi/Pico_SDK_v1.5.0/pico-sdk/src/rp2_common/pico_standard_link/crt0.S.obj
                0x100001e8                _entry_point
 .reset         0x10000288       0x30 CMakeFiles/blink.dir/C_/Program_Files/Raspberry_Pi/Pico_SDK_v1.5.0/pico-sdk/src/rp2_common/pico_standard_link/binary_info.c.obj
 *(.init)
 .init          0x100002b8        0x4 c:/progra~1/raspbe~1/picosd~1.0/gcc-ar~1/bin/../lib/gcc/arm-none-eabi/10.3.1/thumb/v6-m/nofp/crti.o
                0x100002b8                _init
 *(EXCLUDE_FILE(*libm.a: *libc.a:*lib_a-mem*.o *libgcc.a:) .text*)
 .text          0x100002bc       0x48 c:/progra~1/raspbe~1/picosd~1.0/gcc-ar~1/bin/../lib/gcc/arm-none-eabi/10.3.1/thumb/v6-m/nofp/crtbegin.o
 .text.channel_config_set_chain_to
                0x10000304       0x30 CMakeFiles/blink.dir/main.cpp.obj
 .text.dma_channel_get_default_config
                0x10000334       0x60 CMakeFiles/blink.dir/main.cpp.obj
 .text._Z19output_program_initP8pio_hw_tjjj
                0x10000394       0xf0 CMakeFiles/blink.dir/main.cpp.obj
                0x10000394                output_program_init(pio_hw_t*, unsigned int, unsigned int, unsigned int)
 .text._Z11get_on_bitsh
                0x10000484       0x22 CMakeFiles/blink.dir/main.cpp.obj
                0x10000484                get_on_bits(unsigned char)
 .text._Z11random_bitshm
                0x100004a6       0x44 CMakeFiles/blink.dir/main.cpp.obj
                0x100004a6                random_bits(unsigned char, unsigned long)
 *fill*         0x100004ea        0x2 
 .text.main     0x100004ec      0x15c CMakeFiles/blink.dir/main.cpp.obj
                0x100004ec                main
 .text.set_sys_clock_pll
                0x10000648       0x78 CMakeFiles/blink.dir/C_/Program_Files/Raspberry_Pi/Pico_SDK_v1.5.0/pico-sdk/src/rp2_common/pico_stdlib/stdlib.c.obj
                0x10000648                set_sys_clock_pll
 .text.check_sys_clock_khz
                0x100006c0       0xb0 CMakeFiles/blink.dir/C_/Program_Files/Raspberry_Pi/Pico_SDK_v1.5.0/pico-sdk/src/rp2_common/pico_stdlib/stdlib.c.obj
                0x100006c0                check_sys_clock_khz
 .text.gpio_set_function
                0x10000770       0x30 CMakeFiles/blink.dir/C_/Program_Files/Raspberry_Pi/Pico_SDK_v1.5.0/pico-sdk/src/rp2_common/hardware_gpio/gpio.c.obj
                0x10000770                gpio_set_function
 .text.gpio_init
                0x100007a0       0x16 CMakeFiles/blink.dir/C_/Program_Files/Raspberry_Pi/Pico_SDK_v1.5.0/pico-sdk/src/rp2_common/hardware_gpio/gpio.c.obj
                0x100007a0                gpio_init
 *fill*         0x100007b6        0x2 
 .text.running_on_fpga
                0x100007b8       0x14 CMakeFiles/blink.dir/C_/Program_Files/Raspberry_Pi/Pico_SDK_v1.5.0/pico-sdk/src/rp2_common/pico_platform/platform.c.obj
                0x100007b8                running_on_fpga
 .text.hw_claim_lock
                0x100007cc       0x18 CMakeFiles/blink.dir/C_/Program_Files/Raspberry_Pi/Pico_SDK_v1.5.0/pico-sdk/src/rp2_common/hardware_claim/claim.c.obj
                0x100007cc                hw_claim_lock
 .text.hw_claim_unlock
                0x100007e4       0x14 CMakeFiles/blink.dir/C_/Program_Files/Raspberry_Pi/Pico_SDK_v1.5.0/pico-sdk/src/rp2_common/hardware_claim/claim.c.obj
                0x100007e4                hw_claim_unlock
 .text.hw_claim_or_assert
                0x100007f8       0x32 CMakeFiles/blink.dir/C_/Program_Files/Raspberry_Pi/Pico_SDK_v1.5.0/pico-sdk/src/rp2_common/hardware_claim/claim.c.obj
                0x100007f8                hw_claim_or_assert
 .text.hw_claim_unused_from_range
                0x1000082a       0x50 CMakeFiles/blink.dir/C_/Program_Files/Raspberry_Pi/Pico_SDK_v1.5.0/pico-sdk/src/rp2_common/hardware_claim/claim.c.obj
                0x1000082a                hw_claim_unused_from_range
 *fill*         0x1000087a        0x2 
 .text.spin_locks_reset
                0x1000087c       0x20 CMakeFiles/blink.dir/C_/Program_Files/Raspberry_Pi/Pico_SDK_v1.5.0/pico-sdk/src/rp2_common/hardware_sync/sync.c.obj
                0x1000087c                spin_locks_reset
 .text.next_striped_spin_lock_num
                0x1000089c       0x1c CMakeFiles/blink.dir/C_/Program_Files/Raspberry_Pi/Pico_SDK_v1.5.0/pico-sdk/src/rp2_common/hardware_sync/sync.c.obj
                0x1000089c                next_striped_spin_lock_num
 .text.spin_lock_claim_unused
                0x100008b8       0x20 CMakeFiles/blink.dir/C_/Program_Files/Raspberry_Pi/Pico_SDK_v1.5.0/pico-sdk/src/rp2_common/hardware_sync/sync.c.obj
                0x100008b8                spin_lock_claim_unused
 .text.set_raw_irq_handler_and_unlock
                0x100008d8       0x28 CMakeFiles/blink.dir/C_/Program_Files/Raspberry_Pi/Pico_SDK_v1.5.0/pico-sdk/src/rp2_common/hardware_irq/irq.c.obj
 .text.make_branch
                0x10000900       0x48 CMakeFiles/blink.dir/C_/Program_Files/Raspberry_Pi/Pico_SDK_v1.5.0/pico-sdk/src/rp2_common/hardware_irq/irq.c.obj
 .text.insert_branch_and_link
                0x10000948       0x40 CMakeFiles/blink.dir/C_/Program_Files/Raspberry_Pi/Pico_SDK_v1.5.0/pico-sdk/src/rp2_common/hardware_irq/irq.c.obj
 .text.irq_is_enabled
                0x10000988       0x18 CMakeFiles/blink.dir/C_/Program_Files/Raspberry_Pi/Pico_SDK_v1.5.0/pico-sdk/src/rp2_common/hardware_irq/irq.c.obj
                0x10000988                irq_is_enabled
 .text.irq_set_mask_enabled
                0x100009a0       0x20 CMakeFiles/blink.dir/C_/Program_Files/Raspberry_Pi/Pico_SDK_v1.5.0/pico-sdk/src/rp2_common/hardware_irq/irq.c.obj
                0x100009a0                irq_set_mask_enabled
 .text.irq_set_enabled
                0x100009c0        0xe CMakeFiles/blink.dir/C_/Program_Files/Raspberry_Pi/Pico_SDK_v1.5.0/pico-sdk/src/rp2_common/hardware_irq/irq.c.obj
                0x100009c0                irq_set_enabled
 *fill*         0x100009ce        0x2 
 .text.irq_set_pending
                0x100009d0       0x10 CMakeFiles/blink.dir/C_/Program_Files/Raspberry_Pi/Pico_SDK_v1.5.0/pico-sdk/src/rp2_common/hardware_irq/irq.c.obj
                0x100009d0                irq_set_pending
 .text.irq_get_vtable_handler
                0x100009e0       0x10 CMakeFiles/blink.dir/C_/Program_Files/Raspberry_Pi/Pico_SDK_v1.5.0/pico-sdk/src/rp2_common/hardware_irq/irq.c.obj
                0x100009e0                irq_get_vtable_handler
 .text.irq_has_shared_handler
                0x100009f0       0x24 CMakeFiles/blink.dir/C_/Program_Files/Raspberry_Pi/Pico_SDK_v1.5.0/pico-sdk/src/rp2_common/hardware_irq/irq.c.obj
                0x100009f0                irq_has_shared_handler
 .text.irq_set_exclusive_handler
                0x10000a14       0x54 CMakeFiles/blink.dir/C_/Program_Files/Raspberry_Pi/Pico_SDK_v1.5.0/pico-sdk/src/rp2_common/hardware_irq/irq.c.obj
                0x10000a14                irq_set_exclusive_handler
 .text.irq_add_shared_handler
                0x10000a68      0x234 CMakeFiles/blink.dir/C_/Program_Files/Raspberry_Pi/Pico_SDK_v1.5.0/pico-sdk/src/rp2_common/hardware_irq/irq.c.obj
                0x10000a68                irq_add_shared_handler
 .text.irq_remove_handler
                0x10000c9c      0x1ac CMakeFiles/blink.dir/C_/Program_Files/Raspberry_Pi/Pico_SDK_v1.5.0/pico-sdk/src/rp2_common/hardware_irq/irq.c.obj
                0x10000c9c                irq_remove_handler
 .text.irq_add_tail_to_free_list
                0x10000e48       0xf0 CMakeFiles/blink.dir/C_/Program_Files/Raspberry_Pi/Pico_SDK_v1.5.0/pico-sdk/src/rp2_common/hardware_irq/irq.c.obj
                0x10000e48                irq_add_tail_to_free_list
 .text.irq_init_priorities
                0x10000f38       0x1c CMakeFiles/blink.dir/C_/Program_Files/Raspberry_Pi/Pico_SDK_v1.5.0/pico-sdk/src/rp2_common/hardware_irq/irq.c.obj
                0x10000f38                irq_init_priorities
 .text.user_irq_claim_unused
                0x10000f54       0x28 CMakeFiles/blink.dir/C_/Program_Files/Raspberry_Pi/Pico_SDK_v1.5.0/pico-sdk/src/rp2_common/hardware_irq/irq.c.obj
                0x10000f54                user_irq_claim_unused
 .text.lock_init
                0x10000f7c       0x10 CMakeFiles/blink.dir/C_/Program_Files/Raspberry_Pi/Pico_SDK_v1.5.0/pico-sdk/src/common/pico_sync/lock_core.c.obj
                0x10000f7c                lock_init
 .text.mutex_init
                0x10000f8c       0x1a CMakeFiles/blink.dir/C_/Program_Files/Raspberry_Pi/Pico_SDK_v1.5.0/pico-sdk/src/common/pico_sync/mutex.c.obj
                0x10000f8c                mutex_init
 .text.recursive_mutex_init
                0x10000fa6       0x1e CMakeFiles/blink.dir/C_/Program_Files/Raspberry_Pi/Pico_SDK_v1.5.0/pico-sdk/src/common/pico_sync/mutex.c.obj
                0x10000fa6                recursive_mutex_init
 .text.critical_section_init_with_lock_num
                0x10000fc4       0x14 CMakeFiles/blink.dir/C_/Program_Files/Raspberry_Pi/Pico_SDK_v1.5.0/pico-sdk/src/common/pico_sync/critical_section.c.obj
                0x10000fc4                critical_section_init_with_lock_num
 .text.critical_section_init
                0x10000fd8       0x14 CMakeFiles/blink.dir/C_/Program_Files/Raspberry_Pi/Pico_SDK_v1.5.0/pico-sdk/src/common/pico_sync/critical_section.c.obj
                0x10000fd8                critical_section_init
 .text.alarm_pool_post_alloc_init
                0x10000fec       0x40 CMakeFiles/blink.dir/C_/Program_Files/Raspberry_Pi/Pico_SDK_v1.5.0/pico-sdk/src/common/pico_time/time.c.obj
 .text.sleep_until_callback
                0x1000102c       0x30 CMakeFiles/blink.dir/C_/Program_Files/Raspberry_Pi/Pico_SDK_v1.5.0/pico-sdk/src/common/pico_time/time.c.obj
 .text.timer_pool_entry_comparator
                0x1000105c       0x7c CMakeFiles/blink.dir/C_/Program_Files/Raspberry_Pi/Pico_SDK_v1.5.0/pico-sdk/src/common/pico_time/time.c.obj
                0x1000105c                timer_pool_entry_comparator
 .text.ph_add_child_node
                0x100010d8       0xa4 CMakeFiles/blink.dir/C_/Program_Files/Raspberry_Pi/Pico_SDK_v1.5.0/pico-sdk/src/common/pico_time/time.c.obj
 .text.ph_merge_nodes
                0x1000117c       0x3e CMakeFiles/blink.dir/C_/Program_Files/Raspberry_Pi/Pico_SDK_v1.5.0/pico-sdk/src/common/pico_time/time.c.obj
 *fill*         0x100011ba        0x2 
 .text.add_alarm_under_lock
                0x100011bc      0x174 CMakeFiles/blink.dir/C_/Program_Files/Raspberry_Pi/Pico_SDK_v1.5.0/pico-sdk/src/common/pico_time/time.c.obj
 .text.alarm_pool_alarm_callback
                0x10001330      0x33c CMakeFiles/blink.dir/C_/Program_Files/Raspberry_Pi/Pico_SDK_v1.5.0/pico-sdk/src/common/pico_time/time.c.obj
 .text.alarm_pool_init_default
                0x1000166c       0x40 CMakeFiles/blink.dir/C_/Program_Files/Raspberry_Pi/Pico_SDK_v1.5.0/pico-sdk/src/common/pico_time/time.c.obj
                0x1000166c                alarm_pool_init_default
 .text.alarm_pool_get_default
                0x100016ac       0x2c CMakeFiles/blink.dir/C_/Program_Files/Raspberry_Pi/Pico_SDK_v1.5.0/pico-sdk/src/common/pico_time/time.c.obj
                0x100016ac                alarm_pool_get_default
 .text.alarm_pool_add_alarm_at
                0x100016d8      0x168 CMakeFiles/blink.dir/C_/Program_Files/Raspberry_Pi/Pico_SDK_v1.5.0/pico-sdk/src/common/pico_time/time.c.obj
                0x100016d8                alarm_pool_add_alarm_at
 .text.alarm_pool_cancel_alarm
                0x10001840       0xf0 CMakeFiles/blink.dir/C_/Program_Files/Raspberry_Pi/Pico_SDK_v1.5.0/pico-sdk/src/common/pico_time/time.c.obj
                0x10001840                alarm_pool_cancel_alarm
 .text.alarm_pool_core_num
                0x10001930        0x4 CMakeFiles/blink.dir/C_/Program_Files/Raspberry_Pi/Pico_SDK_v1.5.0/pico-sdk/src/common/pico_time/time.c.obj
                0x10001930                alarm_pool_core_num
 .text.sleep_until
                0x10001934       0xfc CMakeFiles/blink.dir/C_/Program_Files/Raspberry_Pi/Pico_SDK_v1.5.0/pico-sdk/src/common/pico_time/time.c.obj
                0x10001934                sleep_until
 .text.sleep_us
                0x10001a30       0x58 CMakeFiles/blink.dir/C_/Program_Files/Raspberry_Pi/Pico_SDK_v1.5.0/pico-sdk/src/common/pico_time/time.c.obj
                0x10001a30                sleep_us
 .text.sleep_ms
                0x10001a88       0x14 CMakeFiles/blink.dir/C_/Program_Files/Raspberry_Pi/Pico_SDK_v1.5.0/pico-sdk/src/common/pico_time/time.c.obj
                0x10001a88                sleep_ms
 .text.best_effort_wfe_or_timeout
                0x10001a9c       0xac CMakeFiles/blink.dir/C_/Program_Files/Raspberry_Pi/Pico_SDK_v1.5.0/pico-sdk/src/common/pico_time/time.c.obj
                0x10001a9c                best_effort_wfe_or_timeout
 .text.hardware_alarm_irq_handler
                0x10001b48       0x90 CMakeFiles/blink.dir/C_/Program_Files/Raspberry_Pi/Pico_SDK_v1.5.0/pico-sdk/src/rp2_common/hardware_timer/timer.c.obj
 .text.hardware_alarm_claim
                0x10001bd8       0x18 CMakeFiles/blink.dir/C_/Program_Files/Raspberry_Pi/Pico_SDK_v1.5.0/pico-sdk/src/rp2_common/hardware_timer/timer.c.obj
                0x10001bd8                hardware_alarm_claim
 .text.time_us_64
                0x10001bf0       0x18 CMakeFiles/blink.dir/C_/Program_Files/Raspberry_Pi/Pico_SDK_v1.5.0/pico-sdk/src/rp2_common/hardware_timer/timer.c.obj
                0x10001bf0                time_us_64
 .text.busy_wait_until
                0x10001c08       0x28 CMakeFiles/blink.dir/C_/Program_Files/Raspberry_Pi/Pico_SDK_v1.5.0/pico-sdk/src/rp2_common/hardware_timer/timer.c.obj
                0x10001c08                busy_wait_until
 .text.hardware_alarm_set_callback
                0x10001c30       0x90 CMakeFiles/blink.dir/C_/Program_Files/Raspberry_Pi/Pico_SDK_v1.5.0/pico-sdk/src/rp2_common/hardware_timer/timer.c.obj
                0x10001c30                hardware_alarm_set_callback
 .text.hardware_alarm_set_target
                0x10001cc0       0xe8 CMakeFiles/blink.dir/C_/Program_Files/Raspberry_Pi/Pico_SDK_v1.5.0/pico-sdk/src/rp2_common/hardware_timer/timer.c.obj
                0x10001cc0                hardware_alarm_set_target
 .text.hardware_alarm_cancel
                0x10001da8       0x40 CMakeFiles/blink.dir/C_/Program_Files/Raspberry_Pi/Pico_SDK_v1.5.0/pico-sdk/src/rp2_common/hardware_timer/timer.c.obj
                0x10001da8                hardware_alarm_cancel
 .text.ph_add_child_node
                0x10001de8       0xa4 CMakeFiles/blink.dir/C_/Program_Files/Raspberry_Pi/Pico_SDK_v1.5.0/pico-sdk/src/common/pico_util/pheap.c.obj
 .text.ph_merge_nodes
                0x10001e8c       0x3e CMakeFiles/blink.dir/C_/Program_Files/Raspberry_Pi/Pico_SDK_v1.5.0/pico-sdk/src/common/pico_util/pheap.c.obj
 *fill*         0x10001eca        0x2 
 .text.ph_clear
                0x10001ecc       0x70 CMakeFiles/blink.dir/C_/Program_Files/Raspberry_Pi/Pico_SDK_v1.5.0/pico-sdk/src/common/pico_util/pheap.c.obj
                0x10001ecc                ph_clear
 .text.ph_post_alloc_init
                0x10001f3c        0xe CMakeFiles/blink.dir/C_/Program_Files/Raspberry_Pi/Pico_SDK_v1.5.0/pico-sdk/src/common/pico_util/pheap.c.obj
                0x10001f3c                ph_post_alloc_init
 *fill*         0x10001f4a        0x2 
 .text.ph_merge_two_pass
                0x10001f4c       0xa8 CMakeFiles/blink.dir/C_/Program_Files/Raspberry_Pi/Pico_SDK_v1.5.0/pico-sdk/src/common/pico_util/pheap.c.obj
                0x10001f4c                ph_merge_two_pass
 .text.ph_remove_any_head
                0x10001ff4      0x128 CMakeFiles/blink.dir/C_/Program_Files/Raspberry_Pi/Pico_SDK_v1.5.0/pico-sdk/src/common/pico_util/pheap.c.obj
 .text.ph_remove_head
                0x1000211c       0x14 CMakeFiles/blink.dir/C_/Program_Files/Raspberry_Pi/Pico_SDK_v1.5.0/pico-sdk/src/common/pico_util/pheap.c.obj
                0x1000211c                ph_remove_head
 .text.ph_remove_and_free_node
                0x10002130       0xf8 CMakeFiles/blink.dir/C_/Program_Files/Raspberry_Pi/Pico_SDK_v1.5.0/pico-sdk/src/common/pico_util/pheap.c.obj
                0x10002130                ph_remove_and_free_node
 .text.clock_configure
                0x10002228      0x104 CMakeFiles/blink.dir/C_/Program_Files/Raspberry_Pi/Pico_SDK_v1.5.0/pico-sdk/src/rp2_common/hardware_clocks/clocks.c.obj
                0x10002228                clock_configure
 .text.clocks_init
                0x1000232c      0x100 CMakeFiles/blink.dir/C_/Program_Files/Raspberry_Pi/Pico_SDK_v1.5.0/pico-sdk/src/rp2_common/hardware_clocks/clocks.c.obj
                0x1000232c                clocks_init
 .text.clock_get_hz
                0x1000242c        0xc CMakeFiles/blink.dir/C_/Program_Files/Raspberry_Pi/Pico_SDK_v1.5.0/pico-sdk/src/rp2_common/hardware_clocks/clocks.c.obj
                0x1000242c                clock_get_hz
 .text.pll_init
                0x10002438      0x12c CMakeFiles/blink.dir/C_/Program_Files/Raspberry_Pi/Pico_SDK_v1.5.0/pico-sdk/src/rp2_common/hardware_pll/pll.c.obj
                0x10002438                pll_init
 .text.watchdog_start_tick
                0x10002564       0x10 CMakeFiles/blink.dir/C_/Program_Files/Raspberry_Pi/Pico_SDK_v1.5.0/pico-sdk/src/rp2_common/hardware_watchdog/watchdog.c.obj
                0x10002564                watchdog_start_tick
 .text.watchdog_update
                0x10002574       0x14 CMakeFiles/blink.dir/C_/Program_Files/Raspberry_Pi/Pico_SDK_v1.5.0/pico-sdk/src/rp2_common/hardware_watchdog/watchdog.c.obj
                0x10002574                watchdog_update
 .text._watchdog_enable
                0x10002588       0x78 CMakeFiles/blink.dir/C_/Program_Files/Raspberry_Pi/Pico_SDK_v1.5.0/pico-sdk/src/rp2_common/hardware_watchdog/watchdog.c.obj
                0x10002588                _watchdog_enable
 .text.watchdog_reboot
                0x10002600       0x48 CMakeFiles/blink.dir/C_/Program_Files/Raspberry_Pi/Pico_SDK_v1.5.0/pico-sdk/src/rp2_common/hardware_watchdog/watchdog.c.obj
                0x10002600                watchdog_reboot
 .text.xosc_init
                0x10002648       0x28 CMakeFiles/blink.dir/C_/Program_Files/Raspberry_Pi/Pico_SDK_v1.5.0/pico-sdk/src/rp2_common/hardware_xosc/xosc.c.obj
                0x10002648                xosc_init
 .text._exit    0x10002670        0x4 CMakeFiles/blink.dir/C_/Program_Files/Raspberry_Pi/Pico_SDK_v1.5.0/pico-sdk/src/rp2_common/pico_runtime/runtime.c.obj
                0x10002670                _exit
 .text.exit     0x10002674        0x6 CMakeFiles/blink.dir/C_/Program_Files/Raspberry_Pi/Pico_SDK_v1.5.0/pico-sdk/src/rp2_common/pico_runtime/runtime.c.obj
                0x10002674                exit
 *fill*         0x1000267a        0x2 
 .text.__assert_func
                0x1000267c       0x3c CMakeFiles/blink.dir/C_/Program_Files/Raspberry_Pi/Pico_SDK_v1.5.0/pico-sdk/src/rp2_common/pico_runtime/runtime.c.obj
                0x1000267c                __assert_func
 .text.runtime_init
                0x100026b8       0xf8 CMakeFiles/blink.dir/C_/Program_Files/Raspberry_Pi/Pico_SDK_v1.5.0/pico-sdk/src/rp2_common/pico_runtime/runtime.c.obj
                0x100026b8                runtime_init
 .text.panic    0x100027b0       0x30 CMakeFiles/blink.dir/C_/Program_Files/Raspberry_Pi/Pico_SDK_v1.5.0/pico-sdk/src/rp2_common/pico_runtime/runtime.c.obj
                0x100027b0                panic
 .text._out_null
                0x100027e0        0x2 CMakeFiles/blink.dir/C_/Program_Files/Raspberry_Pi/Pico_SDK_v1.5.0/pico-sdk/src/rp2_common/pico_printf/printf.c.obj
 .text._out_fct
                0x100027e2        0xe CMakeFiles/blink.dir/C_/Program_Files/Raspberry_Pi/Pico_SDK_v1.5.0/pico-sdk/src/rp2_common/pico_printf/printf.c.obj
 .text._atoi    0x100027f0       0x24 CMakeFiles/blink.dir/C_/Program_Files/Raspberry_Pi/Pico_SDK_v1.5.0/pico-sdk/src/rp2_common/pico_printf/printf.c.obj
 .text._out_rev
                0x10002814       0xae CMakeFiles/blink.dir/C_/Program_Files/Raspberry_Pi/Pico_SDK_v1.5.0/pico-sdk/src/rp2_common/pico_printf/printf.c.obj
 .text._ntoa_format
                0x100028c2      0x112 CMakeFiles/blink.dir/C_/Program_Files/Raspberry_Pi/Pico_SDK_v1.5.0/pico-sdk/src/rp2_common/pico_printf/printf.c.obj
 .text._ntoa_long
                0x100029d4       0xbc CMakeFiles/blink.dir/C_/Program_Files/Raspberry_Pi/Pico_SDK_v1.5.0/pico-sdk/src/rp2_common/pico_printf/printf.c.obj
 .text._ntoa_long_long
                0x10002a90       0xe2 CMakeFiles/blink.dir/C_/Program_Files/Raspberry_Pi/Pico_SDK_v1.5.0/pico-sdk/src/rp2_common/pico_printf/printf.c.obj
 *fill*         0x10002b72        0x2 
 .text._etoa    0x10002b74      0x414 CMakeFiles/blink.dir/C_/Program_Files/Raspberry_Pi/Pico_SDK_v1.5.0/pico-sdk/src/rp2_common/pico_printf/printf.c.obj
 .text._ftoa    0x10002f88      0x354 CMakeFiles/blink.dir/C_/Program_Files/Raspberry_Pi/Pico_SDK_v1.5.0/pico-sdk/src/rp2_common/pico_printf/printf.c.obj
 .text._vsnprintf
                0x100032dc      0x624 CMakeFiles/blink.dir/C_/Program_Files/Raspberry_Pi/Pico_SDK_v1.5.0/pico-sdk/src/rp2_common/pico_printf/printf.c.obj
 .text.vfctprintf
                0x10003900       0x20 CMakeFiles/blink.dir/C_/Program_Files/Raspberry_Pi/Pico_SDK_v1.5.0/pico-sdk/src/rp2_common/pico_printf/printf.c.obj
                0x10003900                vfctprintf
 .text          0x10003920       0x10 CMakeFiles/blink.dir/C_/Program_Files/Raspberry_Pi/Pico_SDK_v1.5.0/pico-sdk/src/rp2_common/pico_bit_ops/bit_ops_aeabi.S.obj
 .text.rom_func_lookup
                0x10003930       0x10 CMakeFiles/blink.dir/C_/Program_Files/Raspberry_Pi/Pico_SDK_v1.5.0/pico-sdk/src/rp2_common/pico_bootrom/bootrom.c.obj
                0x10003930                rom_func_lookup
 .text.rom_data_lookup
                0x10003940       0x10 CMakeFiles/blink.dir/C_/Program_Files/Raspberry_Pi/Pico_SDK_v1.5.0/pico-sdk/src/rp2_common/pico_bootrom/bootrom.c.obj
                0x10003940                rom_data_lookup
 .text.rom_funcs_lookup
                0x10003950       0x36 CMakeFiles/blink.dir/C_/Program_Files/Raspberry_Pi/Pico_SDK_v1.5.0/pico-sdk/src/rp2_common/pico_bootrom/bootrom.c.obj
                0x10003950                rom_funcs_lookup
 *fill*         0x10003986        0x2 
 .text.__wrap___aeabi_idiv
                0x10003988       0x50 CMakeFiles/blink.dir/C_/Program_Files/Raspberry_Pi/Pico_SDK_v1.5.0/pico-sdk/src/rp2_common/pico_divider/divider.S.obj
                0x10003988                __wrap___aeabi_idivmod
                0x10003988                divmod_s32s32
                0x10003988                div_s32s32
                0x10003988                __wrap___aeabi_idiv
                0x10003990                divmod_s32s32_unsafe
                0x100039bc                divmod_s32s32_savestate
 .text.__wrap___aeabi_uidiv
                0x100039d8       0x4c CMakeFiles/blink.dir/C_/Program_Files/Raspberry_Pi/Pico_SDK_v1.5.0/pico-sdk/src/rp2_common/pico_divider/divider.S.obj
                0x100039d8                __wrap___aeabi_uidiv
                0x100039d8                __wrap___aeabi_uidivmod
                0x100039d8                div_u32u32
                0x100039d8                divmod_u32u32
                0x100039e0                divmod_u32u32_unsafe
                0x10003a08                divmod_u32u32_savestate
 .text.__wrap___aeabi_ldiv
                0x10003a24      0x424 CMakeFiles/blink.dir/C_/Program_Files/Raspberry_Pi/Pico_SDK_v1.5.0/pico-sdk/src/rp2_common/pico_divider/divider.S.obj
                0x10003a24                div_s64s64
                0x10003a24                divmod_s64s64
                0x10003a24                __wrap___aeabi_ldivmod
                0x10003a54                divmod_u64u64
                0x10003a54                div_u64u64
                0x10003a54                __wrap___aeabi_uldivmod
                0x10003a64                divmod_u64u64_savestate
                0x10003a84                divmod_s64s64_unsafe
                0x10003b0c                divmod_u64u64_unsafe
 .text.__wrap___aeabi_darithmetic
                0x10003e48       0x80 CMakeFiles/blink.dir/C_/Program_Files/Raspberry_Pi/Pico_SDK_v1.5.0/pico-sdk/src/rp2_common/pico_double/double_aeabi.S.obj
                0x10003e48                __wrap___aeabi_drsub
                0x10003e4e                __wrap___aeabi_dsub
                0x10003e60                __wrap___aeabi_dadd
                0x10003e72                __wrap___aeabi_ddiv
                0x10003eae                __wrap___aeabi_dmul
 .text.__wrap___aeabi_cdcmple
                0x10003ec8       0x6c CMakeFiles/blink.dir/C_/Program_Files/Raspberry_Pi/Pico_SDK_v1.5.0/pico-sdk/src/rp2_common/pico_double/double_aeabi.S.obj
                0x10003ec8                __wrap___aeabi_cdrcmple
                0x10003ed8                __wrap___aeabi_cdcmpeq
                0x10003ed8                __wrap___aeabi_cdcmple
 .text.__wrap___aeabi_dcmplt
                0x10003f34        0xc CMakeFiles/blink.dir/C_/Program_Files/Raspberry_Pi/Pico_SDK_v1.5.0/pico-sdk/src/rp2_common/pico_double/double_aeabi.S.obj
                0x10003f34                __wrap___aeabi_dcmplt
 .text.__wrap___aeabi_dcmple
                0x10003f40       0x10 CMakeFiles/blink.dir/C_/Program_Files/Raspberry_Pi/Pico_SDK_v1.5.0/pico-sdk/src/rp2_common/pico_double/double_aeabi.S.obj
                0x10003f40                __wrap___aeabi_dcmple
 .text.__wrap___aeabi_dcmpge
                0x10003f50       0x10 CMakeFiles/blink.dir/C_/Program_Files/Raspberry_Pi/Pico_SDK_v1.5.0/pico-sdk/src/rp2_common/pico_double/double_aeabi.S.obj
                0x10003f50                __wrap___aeabi_dcmpge
 .text.__wrap___aeabi_dcmpgt
                0x10003f60        0xa CMakeFiles/blink.dir/C_/Program_Files/Raspberry_Pi/Pico_SDK_v1.5.0/pico-sdk/src/rp2_common/pico_double/double_aeabi.S.obj
                0x10003f60                __wrap___aeabi_dcmpgt
 .text.__wrap___aeabi_dcmpun
                0x10003f6a       0x1c CMakeFiles/blink.dir/C_/Program_Files/Raspberry_Pi/Pico_SDK_v1.5.0/pico-sdk/src/rp2_common/pico_double/double_aeabi.S.obj
                0x10003f6a                __wrap___aeabi_dcmpun
 *fill*         0x10003f86        0x2 
 .text.__wrap___aeabi_i2d
                0x10003f88       0x38 CMakeFiles/blink.dir/C_/Program_Files/Raspberry_Pi/Pico_SDK_v1.5.0/pico-sdk/src/rp2_common/pico_double/double_aeabi.S.obj
                0x10003f88                __wrap___aeabi_ui2d
                0x10003f90                __wrap___aeabi_i2d
 .text.__wrap___aeabi_d2iz
                0x10003fc0       0x48 CMakeFiles/blink.dir/C_/Program_Files/Raspberry_Pi/Pico_SDK_v1.5.0/pico-sdk/src/rp2_common/pico_double/double_aeabi.S.obj
                0x10003fc0                double2int_z
                0x10003fc0                __wrap___aeabi_d2iz
 .text.__wrap___aeabi_d2uiz
                0x10004008       0x18 CMakeFiles/blink.dir/C_/Program_Files/Raspberry_Pi/Pico_SDK_v1.5.0/pico-sdk/src/rp2_common/pico_double/double_aeabi.S.obj
                0x10004008                __wrap___aeabi_d2uiz
                0x10004008                double2uint
 .text.__aeabi_double_init
                0x10004020       0xc8 CMakeFiles/blink.dir/C_/Program_Files/Raspberry_Pi/Pico_SDK_v1.5.0/pico-sdk/src/rp2_common/pico_double/double_init_rom.c.obj
                0x10004020                __aeabi_double_init
 .text.double_table_shim_on_use_helper
                0x100040e8       0x34 CMakeFiles/blink.dir/C_/Program_Files/Raspberry_Pi/Pico_SDK_v1.5.0/pico-sdk/src/rp2_common/pico_double/double_v1_rom_shim.S.obj
                0x100040e8                double_table_shim_on_use_helper
 .text.__wrap___aeabi_dsub
                0x1000411c       0x10 CMakeFiles/blink.dir/C_/Program_Files/Raspberry_Pi/Pico_SDK_v1.5.0/pico-sdk/src/rp2_common/pico_double/double_v1_rom_shim.S.obj
                0x1000411c                drsub_shim
                0x10004122                dsub_shim
 .text.dadd_shim
                0x1000412c      0x15c CMakeFiles/blink.dir/C_/Program_Files/Raspberry_Pi/Pico_SDK_v1.5.0/pico-sdk/src/rp2_common/pico_double/double_v1_rom_shim.S.obj
                0x1000412c                dadd_shim
 .text.dmul_shim
                0x10004288      0x15c CMakeFiles/blink.dir/C_/Program_Files/Raspberry_Pi/Pico_SDK_v1.5.0/pico-sdk/src/rp2_common/pico_double/double_v1_rom_shim.S.obj
                0x10004288                dmul_shim
 .text.ddiv_shim
                0x100043e4      0x1b0 CMakeFiles/blink.dir/C_/Program_Files/Raspberry_Pi/Pico_SDK_v1.5.0/pico-sdk/src/rp2_common/pico_double/double_v1_rom_shim.S.obj
                0x100043e4                ddiv_shim
 .text.double2uint_shim
                0x10004594        0xe CMakeFiles/blink.dir/C_/Program_Files/Raspberry_Pi/Pico_SDK_v1.5.0/pico-sdk/src/rp2_common/pico_double/double_v1_rom_shim.S.obj
                0x10004594                double2uint_shim
                0x10004596                double2ufix_shim
 *fill*         0x100045a2        0x2 
 .text.double2uint64_shim
                0x100045a4       0x70 CMakeFiles/blink.dir/C_/Program_Files/Raspberry_Pi/Pico_SDK_v1.5.0/pico-sdk/src/rp2_common/pico_double/double_v1_rom_shim.S.obj
                0x100045a4                double2uint64_shim
                0x100045a6                double2ufix64_shim
                0x100045c6                d2fix_a
 .text.dunpacks
                0x10004614       0x3c CMakeFiles/blink.dir/C_/Program_Files/Raspberry_Pi/Pico_SDK_v1.5.0/pico-sdk/src/rp2_common/pico_double/double_v1_rom_shim.S.obj
                0x10004614                dunpacks
 .text.__aeabi_lmul
                0x10004650       0x32 CMakeFiles/blink.dir/C_/Program_Files/Raspberry_Pi/Pico_SDK_v1.5.0/pico-sdk/src/rp2_common/pico_int64_ops/pico_int64_ops_aeabi.S.obj
                0x10004650                __wrap___aeabi_lmul
 *fill*         0x10004682        0x2 
 .text.__aeabi_float_init
                0x10004684       0xfc CMakeFiles/blink.dir/C_/Program_Files/Raspberry_Pi/Pico_SDK_v1.5.0/pico-sdk/src/rp2_common/pico_float/float_init_rom.c.obj
                0x10004684                __aeabi_float_init
 .text.float_table_shim_on_use_helper
                0x10004780       0x34 CMakeFiles/blink.dir/C_/Program_Files/Raspberry_Pi/Pico_SDK_v1.5.0/pico-sdk/src/rp2_common/pico_float/float_v1_rom_shim.S.obj
                0x10004780                float_table_shim_on_use_helper
 .text          0x100047b4       0x10 CMakeFiles/blink.dir/C_/Program_Files/Raspberry_Pi/Pico_SDK_v1.5.0/pico-sdk/src/rp2_common/pico_mem_ops/mem_ops_aeabi.S.obj
                0x100047b4                __aeabi_mem_init
 .text.memset   0x100047c4        0xc CMakeFiles/blink.dir/C_/Program_Files/Raspberry_Pi/Pico_SDK_v1.5.0/pico-sdk/src/rp2_common/pico_mem_ops/mem_ops_aeabi.S.obj
                0x100047c4                __wrap_memset
 .text.memcpy   0x100047d0        0xc CMakeFiles/blink.dir/C_/Program_Files/Raspberry_Pi/Pico_SDK_v1.5.0/pico-sdk/src/rp2_common/pico_mem_ops/mem_ops_aeabi.S.obj
                0x100047d0                __wrap_memcpy
                0x100047d0                __wrap___aeabi_memcpy
 .text.stdio_out_chars_no_crlf
                0x100047dc        0xe CMakeFiles/blink.dir/C_/Program_Files/Raspberry_Pi/Pico_SDK_v1.5.0/pico-sdk/src/rp2_common/pico_stdio/stdio.c.obj
 *fill*         0x100047ea        0x2 
 .text.stdio_out_chars_crlf
                0x100047ec       0x80 CMakeFiles/blink.dir/C_/Program_Files/Raspberry_Pi/Pico_SDK_v1.5.0/pico-sdk/src/rp2_common/pico_stdio/stdio.c.obj
 .text.stdio_stack_buffer_flush
                0x1000486c       0x44 CMakeFiles/blink.dir/C_/Program_Files/Raspberry_Pi/Pico_SDK_v1.5.0/pico-sdk/src/rp2_common/pico_stdio/stdio.c.obj
 .text.stdio_buffered_printer
                0x100048b0       0x20 CMakeFiles/blink.dir/C_/Program_Files/Raspberry_Pi/Pico_SDK_v1.5.0/pico-sdk/src/rp2_common/pico_stdio/stdio.c.obj
 .text.stdout_serialize_begin
                0x100048d0       0x5c CMakeFiles/blink.dir/C_/Program_Files/Raspberry_Pi/Pico_SDK_v1.5.0/pico-sdk/src/rp2_common/pico_stdio/stdio.c.obj
                0x100048d0                stdout_serialize_begin
 .text.stdout_serialize_end
                0x1000492c       0x10 CMakeFiles/blink.dir/C_/Program_Files/Raspberry_Pi/Pico_SDK_v1.5.0/pico-sdk/src/rp2_common/pico_stdio/stdio.c.obj
                0x1000492c                stdout_serialize_end
 .text.stdio_put_string
                0x1000493c       0x98 CMakeFiles/blink.dir/C_/Program_Files/Raspberry_Pi/Pico_SDK_v1.5.0/pico-sdk/src/rp2_common/pico_stdio/stdio.c.obj
 .text.stdio_set_driver_enabled
                0x100049d4       0x2c CMakeFiles/blink.dir/C_/Program_Files/Raspberry_Pi/Pico_SDK_v1.5.0/pico-sdk/src/rp2_common/pico_stdio/stdio.c.obj
                0x100049d4                stdio_set_driver_enabled
 .text.stdio_flush
                0x10004a00       0x20 CMakeFiles/blink.dir/C_/Program_Files/Raspberry_Pi/Pico_SDK_v1.5.0/pico-sdk/src/rp2_common/pico_stdio/stdio.c.obj
                0x10004a00                stdio_flush
 .text.__wrap_puts
                0x10004a20       0x1e CMakeFiles/blink.dir/C_/Program_Files/Raspberry_Pi/Pico_SDK_v1.5.0/pico-sdk/src/rp2_common/pico_stdio/stdio.c.obj
                0x10004a20                __wrap_puts
 *fill*         0x10004a3e        0x2 
 .text.__wrap_vprintf
                0x10004a40       0x40 CMakeFiles/blink.dir/C_/Program_Files/Raspberry_Pi/Pico_SDK_v1.5.0/pico-sdk/src/rp2_common/pico_stdio/stdio.c.obj
                0x10004a40                __wrap_vprintf
 .text.__wrap_printf
                0x10004a80       0x18 CMakeFiles/blink.dir/C_/Program_Files/Raspberry_Pi/Pico_SDK_v1.5.0/pico-sdk/src/rp2_common/pico_stdio/stdio.c.obj
                0x10004a80                __wrap_printf
 .text.stdio_init_all
                0x10004a98        0x8 CMakeFiles/blink.dir/C_/Program_Files/Raspberry_Pi/Pico_SDK_v1.5.0/pico-sdk/src/rp2_common/pico_stdio/stdio.c.obj
                0x10004a98                stdio_init_all
 .text.resetd_init
                0x10004aa0        0x2 CMakeFiles/blink.dir/C_/Program_Files/Raspberry_Pi/Pico_SDK_v1.5.0/pico-sdk/src/rp2_common/pico_stdio_usb/reset_interface.c.obj
 *fill*         0x10004aa2        0x2 
 .text.resetd_reset
                0x10004aa4        0xc CMakeFiles/blink.dir/C_/Program_Files/Raspberry_Pi/Pico_SDK_v1.5.0/pico-sdk/src/rp2_common/pico_stdio_usb/reset_interface.c.obj
 .text.resetd_open
                0x10004ab0       0x34 CMakeFiles/blink.dir/C_/Program_Files/Raspberry_Pi/Pico_SDK_v1.5.0/pico-sdk/src/rp2_common/pico_stdio_usb/reset_interface.c.obj
 .text.resetd_xfer_cb
                0x10004ae4        0x4 CMakeFiles/blink.dir/C_/Program_Files/Raspberry_Pi/Pico_SDK_v1.5.0/pico-sdk/src/rp2_common/pico_stdio_usb/reset_interface.c.obj
 .text.reset_usb_boot
                0x10004ae8       0x18 CMakeFiles/blink.dir/C_/Program_Files/Raspberry_Pi/Pico_SDK_v1.5.0/pico-sdk/src/rp2_common/pico_stdio_usb/reset_interface.c.obj
 .text.resetd_control_xfer_cb
                0x10004b00       0x5c CMakeFiles/blink.dir/C_/Program_Files/Raspberry_Pi/Pico_SDK_v1.5.0/pico-sdk/src/rp2_common/pico_stdio_usb/reset_interface.c.obj
 .text.usbd_app_driver_get_cb
                0x10004b5c        0xc CMakeFiles/blink.dir/C_/Program_Files/Raspberry_Pi/Pico_SDK_v1.5.0/pico-sdk/src/rp2_common/pico_stdio_usb/reset_interface.c.obj
                0x10004b5c                usbd_app_driver_get_cb
 .text.tud_cdc_line_coding_cb
                0x10004b68       0x28 CMakeFiles/blink.dir/C_/Program_Files/Raspberry_Pi/Pico_SDK_v1.5.0/pico-sdk/src/rp2_common/pico_stdio_usb/reset_interface.c.obj
                0x10004b68                tud_cdc_line_coding_cb
 .text.stdio_usb_set_chars_available_callback
                0x10004b90       0x14 CMakeFiles/blink.dir/C_/Program_Files/Raspberry_Pi/Pico_SDK_v1.5.0/pico-sdk/src/rp2_common/pico_stdio_usb/stdio_usb.c.obj
                0x10004b90                stdio_usb_set_chars_available_callback
 .text.usb_irq  0x10004ba4       0x10 CMakeFiles/blink.dir/C_/Program_Files/Raspberry_Pi/Pico_SDK_v1.5.0/pico-sdk/src/rp2_common/pico_stdio_usb/stdio_usb.c.obj
 .text.timer_task
                0x10004bb4       0x58 CMakeFiles/blink.dir/C_/Program_Files/Raspberry_Pi/Pico_SDK_v1.5.0/pico-sdk/src/rp2_common/pico_stdio_usb/stdio_usb.c.obj
 .text.low_priority_worker_irq
                0x10004c0c       0xd8 CMakeFiles/blink.dir/C_/Program_Files/Raspberry_Pi/Pico_SDK_v1.5.0/pico-sdk/src/rp2_common/pico_stdio_usb/stdio_usb.c.obj
 .text.tud_cdc_rx_cb
                0x10004ce4       0x20 CMakeFiles/blink.dir/C_/Program_Files/Raspberry_Pi/Pico_SDK_v1.5.0/pico-sdk/src/rp2_common/pico_stdio_usb/stdio_usb.c.obj
                0x10004ce4                tud_cdc_rx_cb
 .text.stdio_usb_init
                0x10004d04      0x12c CMakeFiles/blink.dir/C_/Program_Files/Raspberry_Pi/Pico_SDK_v1.5.0/pico-sdk/src/rp2_common/pico_stdio_usb/stdio_usb.c.obj
                0x10004d04                stdio_usb_init
 .text.stdio_usb_connected
                0x10004e30        0xa CMakeFiles/blink.dir/C_/Program_Files/Raspberry_Pi/Pico_SDK_v1.5.0/pico-sdk/src/rp2_common/pico_stdio_usb/stdio_usb.c.obj
                0x10004e30                stdio_usb_connected
 *fill*         0x10004e3a        0x2 
 .text.stdio_usb_in_chars
                0x10004e3c       0xc4 CMakeFiles/blink.dir/C_/Program_Files/Raspberry_Pi/Pico_SDK_v1.5.0/pico-sdk/src/rp2_common/pico_stdio_usb/stdio_usb.c.obj
                0x10004e3c                stdio_usb_in_chars
 .text.stdio_usb_out_chars
                0x10004f00      0x114 CMakeFiles/blink.dir/C_/Program_Files/Raspberry_Pi/Pico_SDK_v1.5.0/pico-sdk/src/rp2_common/pico_stdio_usb/stdio_usb.c.obj
 .text.tud_descriptor_device_cb
                0x10005014        0x8 CMakeFiles/blink.dir/C_/Program_Files/Raspberry_Pi/Pico_SDK_v1.5.0/pico-sdk/src/rp2_common/pico_stdio_usb/stdio_usb_descriptors.c.obj
                0x10005014                tud_descriptor_device_cb
 .text.tud_descriptor_configuration_cb
                0x1000501c        0x8 CMakeFiles/blink.dir/C_/Program_Files/Raspberry_Pi/Pico_SDK_v1.5.0/pico-sdk/src/rp2_common/pico_stdio_usb/stdio_usb_descriptors.c.obj
                0x1000501c                tud_descriptor_configuration_cb
 .text.tud_descriptor_string_cb
                0x10005024       0x6c CMakeFiles/blink.dir/C_/Program_Files/Raspberry_Pi/Pico_SDK_v1.5.0/pico-sdk/src/rp2_common/pico_stdio_usb/stdio_usb_descriptors.c.obj
                0x10005024                tud_descriptor_string_cb
 .text._retrieve_unique_id_on_boot
                0x10005090       0x10 CMakeFiles/blink.dir/C_/Program_Files/Raspberry_Pi/Pico_SDK_v1.5.0/pico-sdk/src/rp2_common/pico_unique_id/unique_id.c.obj
 .text.pico_get_unique_board_id
                0x100050a0       0x10 CMakeFiles/blink.dir/C_/Program_Files/Raspberry_Pi/Pico_SDK_v1.5.0/pico-sdk/src/rp2_common/pico_unique_id/unique_id.c.obj
                0x100050a0                pico_get_unique_board_id
 .text.pico_get_unique_board_id_string
                0x100050b0       0x60 CMakeFiles/blink.dir/C_/Program_Files/Raspberry_Pi/Pico_SDK_v1.5.0/pico-sdk/src/rp2_common/pico_unique_id/unique_id.c.obj
                0x100050b0                pico_get_unique_board_id_string
 .text.flash_get_unique_id
                0x10005110       0x46 CMakeFiles/blink.dir/C_/Program_Files/Raspberry_Pi/Pico_SDK_v1.5.0/pico-sdk/src/rp2_common/hardware_flash/flash.c.obj
                0x10005110                flash_get_unique_id
 *fill*         0x10005156        0x2 
 .text.hw_endpoint_get_by_addr
                0x10005158       0x18 CMakeFiles/blink.dir/C_/Program_Files/Raspberry_Pi/Pico_SDK_v1.5.0/pico-sdk/lib/tinyusb/src/portable/raspberrypi/rp2040/dcd_rp2040.c.obj
 .text._hw_endpoint_alloc
                0x10005170       0x70 CMakeFiles/blink.dir/C_/Program_Files/Raspberry_Pi/Pico_SDK_v1.5.0/pico-sdk/lib/tinyusb/src/portable/raspberrypi/rp2040/dcd_rp2040.c.obj
 .text.hw_endpoint_init
                0x100051e0       0x88 CMakeFiles/blink.dir/C_/Program_Files/Raspberry_Pi/Pico_SDK_v1.5.0/pico-sdk/lib/tinyusb/src/portable/raspberrypi/rp2040/dcd_rp2040.c.obj
 .text.hw_endpoint_xfer
                0x10005268       0x14 CMakeFiles/blink.dir/C_/Program_Files/Raspberry_Pi/Pico_SDK_v1.5.0/pico-sdk/lib/tinyusb/src/portable/raspberrypi/rp2040/dcd_rp2040.c.obj
 .text.dcd_int_enable
                0x1000527c       0x2c CMakeFiles/blink.dir/C_/Program_Files/Raspberry_Pi/Pico_SDK_v1.5.0/pico-sdk/lib/tinyusb/src/portable/raspberrypi/rp2040/dcd_rp2040.c.obj
                0x1000527c                dcd_int_enable
 .text.dcd_set_address
                0x100052a8       0x2c CMakeFiles/blink.dir/C_/Program_Files/Raspberry_Pi/Pico_SDK_v1.5.0/pico-sdk/lib/tinyusb/src/portable/raspberrypi/rp2040/dcd_rp2040.c.obj
                0x100052a8                dcd_set_address
 .text.dcd_connect
                0x100052d4       0x10 CMakeFiles/blink.dir/C_/Program_Files/Raspberry_Pi/Pico_SDK_v1.5.0/pico-sdk/lib/tinyusb/src/portable/raspberrypi/rp2040/dcd_rp2040.c.obj
                0x100052d4                dcd_connect
 .text.dcd_init
                0x100052e4       0x80 CMakeFiles/blink.dir/C_/Program_Files/Raspberry_Pi/Pico_SDK_v1.5.0/pico-sdk/lib/tinyusb/src/portable/raspberrypi/rp2040/dcd_rp2040.c.obj
                0x100052e4                dcd_init
 .text.dcd_edpt0_status_complete
                0x10005364       0x1c CMakeFiles/blink.dir/C_/Program_Files/Raspberry_Pi/Pico_SDK_v1.5.0/pico-sdk/lib/tinyusb/src/portable/raspberrypi/rp2040/dcd_rp2040.c.obj
                0x10005364                dcd_edpt0_status_complete
 .text.dcd_edpt_open
                0x10005380       0x40 CMakeFiles/blink.dir/C_/Program_Files/Raspberry_Pi/Pico_SDK_v1.5.0/pico-sdk/lib/tinyusb/src/portable/raspberrypi/rp2040/dcd_rp2040.c.obj
                0x10005380                dcd_edpt_open
 .text.dcd_edpt_close_all
                0x100053c0        0x8 CMakeFiles/blink.dir/C_/Program_Files/Raspberry_Pi/Pico_SDK_v1.5.0/pico-sdk/lib/tinyusb/src/portable/raspberrypi/rp2040/dcd_rp2040.c.obj
                0x100053c0                dcd_edpt_close_all
 .text.dcd_edpt_xfer
                0x100053c8       0x34 CMakeFiles/blink.dir/C_/Program_Files/Raspberry_Pi/Pico_SDK_v1.5.0/pico-sdk/lib/tinyusb/src/portable/raspberrypi/rp2040/dcd_rp2040.c.obj
                0x100053c8                dcd_edpt_xfer
 .text.dcd_edpt_stall
                0x100053fc       0x2c CMakeFiles/blink.dir/C_/Program_Files/Raspberry_Pi/Pico_SDK_v1.5.0/pico-sdk/lib/tinyusb/src/portable/raspberrypi/rp2040/dcd_rp2040.c.obj
                0x100053fc                dcd_edpt_stall
 .text.dcd_edpt_clear_stall
                0x10005428       0x20 CMakeFiles/blink.dir/C_/Program_Files/Raspberry_Pi/Pico_SDK_v1.5.0/pico-sdk/lib/tinyusb/src/portable/raspberrypi/rp2040/dcd_rp2040.c.obj
                0x10005428                dcd_edpt_clear_stall
 .text.rp2040_usb_init
                0x10005448       0x4c CMakeFiles/blink.dir/C_/Program_Files/Raspberry_Pi/Pico_SDK_v1.5.0/pico-sdk/lib/tinyusb/src/portable/raspberrypi/rp2040/rp2040_usb.c.obj
                0x10005448                rp2040_usb_init
 .text.hw_endpoint_xfer_start
                0x10005494       0x50 CMakeFiles/blink.dir/C_/Program_Files/Raspberry_Pi/Pico_SDK_v1.5.0/pico-sdk/lib/tinyusb/src/portable/raspberrypi/rp2040/rp2040_usb.c.obj
                0x10005494                hw_endpoint_xfer_start
 .text.configuration_reset
                0x100054e4       0x84 CMakeFiles/blink.dir/C_/Program_Files/Raspberry_Pi/Pico_SDK_v1.5.0/pico-sdk/lib/tinyusb/src/device/usbd.c.obj
 .text.usbd_reset
                0x10005568        0xc CMakeFiles/blink.dir/C_/Program_Files/Raspberry_Pi/Pico_SDK_v1.5.0/pico-sdk/lib/tinyusb/src/device/usbd.c.obj
 .text.invoke_class_control
                0x10005574       0x1a CMakeFiles/blink.dir/C_/Program_Files/Raspberry_Pi/Pico_SDK_v1.5.0/pico-sdk/lib/tinyusb/src/device/usbd.c.obj
 *fill*         0x1000558e        0x2 
 .text.process_set_config
                0x10005590      0x178 CMakeFiles/blink.dir/C_/Program_Files/Raspberry_Pi/Pico_SDK_v1.5.0/pico-sdk/lib/tinyusb/src/device/usbd.c.obj
 .text.process_get_descriptor
                0x10005708       0xdc CMakeFiles/blink.dir/C_/Program_Files/Raspberry_Pi/Pico_SDK_v1.5.0/pico-sdk/lib/tinyusb/src/device/usbd.c.obj
 .text.tud_mounted
                0x100057e4       0x10 CMakeFiles/blink.dir/C_/Program_Files/Raspberry_Pi/Pico_SDK_v1.5.0/pico-sdk/lib/tinyusb/src/device/usbd.c.obj
                0x100057e4                tud_mounted
 .text.tud_suspended
                0x100057f4       0x10 CMakeFiles/blink.dir/C_/Program_Files/Raspberry_Pi/Pico_SDK_v1.5.0/pico-sdk/lib/tinyusb/src/device/usbd.c.obj
                0x100057f4                tud_suspended
 .text.tud_inited
                0x10005804       0x14 CMakeFiles/blink.dir/C_/Program_Files/Raspberry_Pi/Pico_SDK_v1.5.0/pico-sdk/lib/tinyusb/src/device/usbd.c.obj
                0x10005804                tud_inited
 .text.tud_init
                0x10005818       0xcc CMakeFiles/blink.dir/C_/Program_Files/Raspberry_Pi/Pico_SDK_v1.5.0/pico-sdk/lib/tinyusb/src/device/usbd.c.obj
                0x10005818                tud_init
 .text.usbd_defer_func
                0x100058e4       0x2a CMakeFiles/blink.dir/C_/Program_Files/Raspberry_Pi/Pico_SDK_v1.5.0/pico-sdk/lib/tinyusb/src/device/usbd.c.obj
                0x100058e4                usbd_defer_func
 *fill*         0x1000590e        0x2 
 .text.usbd_edpt_open
                0x10005910       0x34 CMakeFiles/blink.dir/C_/Program_Files/Raspberry_Pi/Pico_SDK_v1.5.0/pico-sdk/lib/tinyusb/src/device/usbd.c.obj
                0x10005910                usbd_edpt_open
 .text.usbd_open_edpt_pair
                0x10005944       0x62 CMakeFiles/blink.dir/C_/Program_Files/Raspberry_Pi/Pico_SDK_v1.5.0/pico-sdk/lib/tinyusb/src/device/usbd.c.obj
                0x10005944                usbd_open_edpt_pair
 *fill*         0x100059a6        0x2 
 .text.usbd_edpt_claim
                0x100059a8       0x28 CMakeFiles/blink.dir/C_/Program_Files/Raspberry_Pi/Pico_SDK_v1.5.0/pico-sdk/lib/tinyusb/src/device/usbd.c.obj
                0x100059a8                usbd_edpt_claim
 .text.usbd_edpt_release
                0x100059d0       0x28 CMakeFiles/blink.dir/C_/Program_Files/Raspberry_Pi/Pico_SDK_v1.5.0/pico-sdk/lib/tinyusb/src/device/usbd.c.obj
                0x100059d0                usbd_edpt_release
 .text.usbd_edpt_xfer
                0x100059f8       0x78 CMakeFiles/blink.dir/C_/Program_Files/Raspberry_Pi/Pico_SDK_v1.5.0/pico-sdk/lib/tinyusb/src/device/usbd.c.obj
                0x100059f8                usbd_edpt_xfer
 .text.usbd_edpt_stall
                0x10005a70       0x48 CMakeFiles/blink.dir/C_/Program_Files/Raspberry_Pi/Pico_SDK_v1.5.0/pico-sdk/lib/tinyusb/src/device/usbd.c.obj
                0x10005a70                usbd_edpt_stall
 .text.usbd_edpt_clear_stall
                0x10005ab8       0x48 CMakeFiles/blink.dir/C_/Program_Files/Raspberry_Pi/Pico_SDK_v1.5.0/pico-sdk/lib/tinyusb/src/device/usbd.c.obj
                0x10005ab8                usbd_edpt_clear_stall
 .text.usbd_edpt_stalled
                0x10005b00       0x1c CMakeFiles/blink.dir/C_/Program_Files/Raspberry_Pi/Pico_SDK_v1.5.0/pico-sdk/lib/tinyusb/src/device/usbd.c.obj
                0x10005b00                usbd_edpt_stalled
 .text.process_control_request
                0x10005b1c      0x37c CMakeFiles/blink.dir/C_/Program_Files/Raspberry_Pi/Pico_SDK_v1.5.0/pico-sdk/lib/tinyusb/src/device/usbd.c.obj
 .text.tud_task_ext
                0x10005e98      0x1b4 CMakeFiles/blink.dir/C_/Program_Files/Raspberry_Pi/Pico_SDK_v1.5.0/pico-sdk/lib/tinyusb/src/device/usbd.c.obj
                0x10005e98                tud_task_ext
 .text._data_stage_xact
                0x1000604c       0x58 CMakeFiles/blink.dir/C_/Program_Files/Raspberry_Pi/Pico_SDK_v1.5.0/pico-sdk/lib/tinyusb/src/device/usbd_control.c.obj
 .text.tud_control_status
                0x100060a4       0x38 CMakeFiles/blink.dir/C_/Program_Files/Raspberry_Pi/Pico_SDK_v1.5.0/pico-sdk/lib/tinyusb/src/device/usbd_control.c.obj
                0x100060a4                tud_control_status
 .text.tud_control_xfer
                0x100060dc       0x74 CMakeFiles/blink.dir/C_/Program_Files/Raspberry_Pi/Pico_SDK_v1.5.0/pico-sdk/lib/tinyusb/src/device/usbd_control.c.obj
                0x100060dc                tud_control_xfer
 .text.usbd_control_reset
                0x10006150       0x14 CMakeFiles/blink.dir/C_/Program_Files/Raspberry_Pi/Pico_SDK_v1.5.0/pico-sdk/lib/tinyusb/src/device/usbd_control.c.obj
                0x10006150                usbd_control_reset
 .text.usbd_control_set_complete_callback
                0x10006164        0xc CMakeFiles/blink.dir/C_/Program_Files/Raspberry_Pi/Pico_SDK_v1.5.0/pico-sdk/lib/tinyusb/src/device/usbd_control.c.obj
                0x10006164                usbd_control_set_complete_callback
 .text.usbd_control_set_request
                0x10006170       0x1c CMakeFiles/blink.dir/C_/Program_Files/Raspberry_Pi/Pico_SDK_v1.5.0/pico-sdk/lib/tinyusb/src/device/usbd_control.c.obj
                0x10006170                usbd_control_set_request
 .text.usbd_control_xfer_cb
                0x1000618c       0xcc CMakeFiles/blink.dir/C_/Program_Files/Raspberry_Pi/Pico_SDK_v1.5.0/pico-sdk/lib/tinyusb/src/device/usbd_control.c.obj
                0x1000618c                usbd_control_xfer_cb
 .text._prep_out_transaction
                0x10006258       0x4a CMakeFiles/blink.dir/C_/Program_Files/Raspberry_Pi/Pico_SDK_v1.5.0/pico-sdk/lib/tinyusb/src/class/cdc/cdc_device.c.obj
 *fill*         0x100062a2        0x2 
 .text.tud_cdc_n_connected
                0x100062a4       0x44 CMakeFiles/blink.dir/C_/Program_Files/Raspberry_Pi/Pico_SDK_v1.5.0/pico-sdk/lib/tinyusb/src/class/cdc/cdc_device.c.obj
                0x100062a4                tud_cdc_n_connected
 .text.tud_cdc_n_available
                0x100062e8       0x18 CMakeFiles/blink.dir/C_/Program_Files/Raspberry_Pi/Pico_SDK_v1.5.0/pico-sdk/lib/tinyusb/src/class/cdc/cdc_device.c.obj
                0x100062e8                tud_cdc_n_available
 .text.tud_cdc_n_read
                0x10006300       0x28 CMakeFiles/blink.dir/C_/Program_Files/Raspberry_Pi/Pico_SDK_v1.5.0/pico-sdk/lib/tinyusb/src/class/cdc/cdc_device.c.obj
                0x10006300                tud_cdc_n_read
 .text.tud_cdc_n_write_flush
                0x10006328       0xb8 CMakeFiles/blink.dir/C_/Program_Files/Raspberry_Pi/Pico_SDK_v1.5.0/pico-sdk/lib/tinyusb/src/class/cdc/cdc_device.c.obj
                0x10006328                tud_cdc_n_write_flush
 .text.tud_cdc_n_write
                0x100063e0       0x38 CMakeFiles/blink.dir/C_/Program_Files/Raspberry_Pi/Pico_SDK_v1.5.0/pico-sdk/lib/tinyusb/src/class/cdc/cdc_device.c.obj
                0x100063e0                tud_cdc_n_write
 .text.tud_cdc_n_write_available
                0x10006418       0x1c CMakeFiles/blink.dir/C_/Program_Files/Raspberry_Pi/Pico_SDK_v1.5.0/pico-sdk/lib/tinyusb/src/class/cdc/cdc_device.c.obj
                0x10006418                tud_cdc_n_write_available
 .text.cdcd_init
                0x10006434       0xbc CMakeFiles/blink.dir/C_/Program_Files/Raspberry_Pi/Pico_SDK_v1.5.0/pico-sdk/lib/tinyusb/src/class/cdc/cdc_device.c.obj
                0x10006434                cdcd_init
 .text.cdcd_reset
                0x100064f0       0x44 CMakeFiles/blink.dir/C_/Program_Files/Raspberry_Pi/Pico_SDK_v1.5.0/pico-sdk/lib/tinyusb/src/class/cdc/cdc_device.c.obj
                0x100064f0                cdcd_reset
 .text.cdcd_open
                0x10006534       0xcc CMakeFiles/blink.dir/C_/Program_Files/Raspberry_Pi/Pico_SDK_v1.5.0/pico-sdk/lib/tinyusb/src/class/cdc/cdc_device.c.obj
                0x10006534                cdcd_open
 .text.cdcd_control_xfer_cb
                0x10006600      0x134 CMakeFiles/blink.dir/C_/Program_Files/Raspberry_Pi/Pico_SDK_v1.5.0/pico-sdk/lib/tinyusb/src/class/cdc/cdc_device.c.obj
                0x10006600                cdcd_control_xfer_cb
 .text.cdcd_xfer_cb
                0x10006734      0x130 CMakeFiles/blink.dir/C_/Program_Files/Raspberry_Pi/Pico_SDK_v1.5.0/pico-sdk/lib/tinyusb/src/class/cdc/cdc_device.c.obj
                0x10006734                cdcd_xfer_cb
 .text.tusb_init
                0x10006864        0xa CMakeFiles/blink.dir/C_/Program_Files/Raspberry_Pi/Pico_SDK_v1.5.0/pico-sdk/lib/tinyusb/src/tusb.c.obj
                0x10006864                tusb_init
 .text.tusb_inited
                0x1000686e        0xe CMakeFiles/blink.dir/C_/Program_Files/Raspberry_Pi/Pico_SDK_v1.5.0/pico-sdk/lib/tinyusb/src/tusb.c.obj
                0x1000686e                tusb_inited
 .text.tu_edpt_claim
                0x1000687c       0x50 CMakeFiles/blink.dir/C_/Program_Files/Raspberry_Pi/Pico_SDK_v1.5.0/pico-sdk/lib/tinyusb/src/tusb.c.obj
                0x1000687c                tu_edpt_claim
 .text.tu_edpt_release
                0x100068cc       0x3c CMakeFiles/blink.dir/C_/Program_Files/Raspberry_Pi/Pico_SDK_v1.5.0/pico-sdk/lib/tinyusb/src/tusb.c.obj
                0x100068cc                tu_edpt_release
 .text.tu_edpt_validate
                0x10006908       0x78 CMakeFiles/blink.dir/C_/Program_Files/Raspberry_Pi/Pico_SDK_v1.5.0/pico-sdk/lib/tinyusb/src/tusb.c.obj
                0x10006908                tu_edpt_validate
 .text.tu_edpt_bind_driver
                0x10006980       0x26 CMakeFiles/blink.dir/C_/Program_Files/Raspberry_Pi/Pico_SDK_v1.5.0/pico-sdk/lib/tinyusb/src/tusb.c.obj
                0x10006980                tu_edpt_bind_driver
 .text.advance_index
                0x100069a6       0x1a CMakeFiles/blink.dir/C_/Program_Files/Raspberry_Pi/Pico_SDK_v1.5.0/pico-sdk/lib/tinyusb/src/common/tusb_fifo.c.obj
 .text._tu_fifo_peek
                0x100069c0       0x56 CMakeFiles/blink.dir/C_/Program_Files/Raspberry_Pi/Pico_SDK_v1.5.0/pico-sdk/lib/tinyusb/src/common/tusb_fifo.c.obj
 .text._ff_pull_const_addr
                0x10006a16       0x4c CMakeFiles/blink.dir/C_/Program_Files/Raspberry_Pi/Pico_SDK_v1.5.0/pico-sdk/lib/tinyusb/src/common/tusb_fifo.c.obj
 .text._ff_pull_n
                0x10006a62      0x110 CMakeFiles/blink.dir/C_/Program_Files/Raspberry_Pi/Pico_SDK_v1.5.0/pico-sdk/lib/tinyusb/src/common/tusb_fifo.c.obj
 .text._tu_fifo_peek_n
                0x10006b72       0x6a CMakeFiles/blink.dir/C_/Program_Files/Raspberry_Pi/Pico_SDK_v1.5.0/pico-sdk/lib/tinyusb/src/common/tusb_fifo.c.obj
 .text._tu_fifo_read_n
                0x10006bdc       0x4e CMakeFiles/blink.dir/C_/Program_Files/Raspberry_Pi/Pico_SDK_v1.5.0/pico-sdk/lib/tinyusb/src/common/tusb_fifo.c.obj
 .text._ff_push_const_addr
                0x10006c2a       0x40 CMakeFiles/blink.dir/C_/Program_Files/Raspberry_Pi/Pico_SDK_v1.5.0/pico-sdk/lib/tinyusb/src/common/tusb_fifo.c.obj
 .text._ff_push_n
                0x10006c6a      0x10c CMakeFiles/blink.dir/C_/Program_Files/Raspberry_Pi/Pico_SDK_v1.5.0/pico-sdk/lib/tinyusb/src/common/tusb_fifo.c.obj
 .text._tu_fifo_write_n
                0x10006d76       0xf0 CMakeFiles/blink.dir/C_/Program_Files/Raspberry_Pi/Pico_SDK_v1.5.0/pico-sdk/lib/tinyusb/src/common/tusb_fifo.c.obj
 .text.tu_fifo_config
                0x10006e66       0x7c CMakeFiles/blink.dir/C_/Program_Files/Raspberry_Pi/Pico_SDK_v1.5.0/pico-sdk/lib/tinyusb/src/common/tusb_fifo.c.obj
                0x10006e66                tu_fifo_config
 .text.tu_fifo_count
                0x10006ee2       0x2a CMakeFiles/blink.dir/C_/Program_Files/Raspberry_Pi/Pico_SDK_v1.5.0/pico-sdk/lib/tinyusb/src/common/tusb_fifo.c.obj
                0x10006ee2                tu_fifo_count
 .text.tu_fifo_empty
                0x10006f0c       0x10 CMakeFiles/blink.dir/C_/Program_Files/Raspberry_Pi/Pico_SDK_v1.5.0/pico-sdk/lib/tinyusb/src/common/tusb_fifo.c.obj
                0x10006f0c                tu_fifo_empty
 .text.tu_fifo_full
                0x10006f1c       0x28 CMakeFiles/blink.dir/C_/Program_Files/Raspberry_Pi/Pico_SDK_v1.5.0/pico-sdk/lib/tinyusb/src/common/tusb_fifo.c.obj
                0x10006f1c                tu_fifo_full
 .text.tu_fifo_remaining
                0x10006f44       0x2c CMakeFiles/blink.dir/C_/Program_Files/Raspberry_Pi/Pico_SDK_v1.5.0/pico-sdk/lib/tinyusb/src/common/tusb_fifo.c.obj
                0x10006f44                tu_fifo_remaining
 .text.tu_fifo_read
                0x10006f70       0x42 CMakeFiles/blink.dir/C_/Program_Files/Raspberry_Pi/Pico_SDK_v1.5.0/pico-sdk/lib/tinyusb/src/common/tusb_fifo.c.obj
                0x10006f70                tu_fifo_read
 .text.tu_fifo_read_n
                0x10006fb2        0xa CMakeFiles/blink.dir/C_/Program_Files/Raspberry_Pi/Pico_SDK_v1.5.0/pico-sdk/lib/tinyusb/src/common/tusb_fifo.c.obj
                0x10006fb2                tu_fifo_read_n
 .text.tu_fifo_write
                0x10006fbc       0x64 CMakeFiles/blink.dir/C_/Program_Files/Raspberry_Pi/Pico_SDK_v1.5.0/pico-sdk/lib/tinyusb/src/common/tusb_fifo.c.obj
                0x10006fbc                tu_fifo_write
 .text.tu_fifo_write_n
                0x10007020        0xa CMakeFiles/blink.dir/C_/Program_Files/Raspberry_Pi/Pico_SDK_v1.5.0/pico-sdk/lib/tinyusb/src/common/tusb_fifo.c.obj
                0x10007020                tu_fifo_write_n
 .text.tu_fifo_clear
                0x1000702a       0x3e CMakeFiles/blink.dir/C_/Program_Files/Raspberry_Pi/Pico_SDK_v1.5.0/pico-sdk/lib/tinyusb/src/common/tusb_fifo.c.obj
                0x1000702a                tu_fifo_clear
 .text.tu_fifo_set_overwritable
                0x10007068       0x46 CMakeFiles/blink.dir/C_/Program_Files/Raspberry_Pi/Pico_SDK_v1.5.0/pico-sdk/lib/tinyusb/src/common/tusb_fifo.c.obj
                0x10007068                tu_fifo_set_overwritable
 *fill*         0x100070ae        0x2 
 .text.splitmix64
                0x100070b0       0x5c CMakeFiles/blink.dir/C_/Program_Files/Raspberry_Pi/Pico_SDK_v1.5.0/pico-sdk/src/rp2_common/pico_rand/rand.c.obj
 .text.sdbm_hash64_sram
                0x1000710c       0x64 CMakeFiles/blink.dir/C_/Program_Files/Raspberry_Pi/Pico_SDK_v1.5.0/pico-sdk/src/rp2_common/pico_rand/rand.c.obj
 .text.xoroshiro128ss
                0x10007170       0xb8 CMakeFiles/blink.dir/C_/Program_Files/Raspberry_Pi/Pico_SDK_v1.5.0/pico-sdk/src/rp2_common/pico_rand/rand.c.obj
 .text.capture_additional_rosc_samples
                0x10007228      0x1a4 CMakeFiles/blink.dir/C_/Program_Files/Raspberry_Pi/Pico_SDK_v1.5.0/pico-sdk/src/rp2_common/pico_rand/rand.c.obj
 .text.initialise_rand
                0x100073cc      0x118 CMakeFiles/blink.dir/C_/Program_Files/Raspberry_Pi/Pico_SDK_v1.5.0/pico-sdk/src/rp2_common/pico_rand/rand.c.obj
 .text.get_rand_64
                0x100074e4      0x11c CMakeFiles/blink.dir/C_/Program_Files/Raspberry_Pi/Pico_SDK_v1.5.0/pico-sdk/src/rp2_common/pico_rand/rand.c.obj
                0x100074e4                get_rand_64
 .text.get_rand_32
                0x10007600        0x8 CMakeFiles/blink.dir/C_/Program_Files/Raspberry_Pi/Pico_SDK_v1.5.0/pico-sdk/src/rp2_common/pico_rand/rand.c.obj
                0x10007600                get_rand_32
 .text._pio_can_add_program_at_offset
                0x10007608       0x3c CMakeFiles/blink.dir/C_/Program_Files/Raspberry_Pi/Pico_SDK_v1.5.0/pico-sdk/src/rp2_common/hardware_pio/pio.c.obj
 .text._pio_find_offset_for_program
                0x10007644       0x7c CMakeFiles/blink.dir/C_/Program_Files/Raspberry_Pi/Pico_SDK_v1.5.0/pico-sdk/src/rp2_common/hardware_pio/pio.c.obj
 .text._pio_add_program_at_offset
                0x100076c0       0x78 CMakeFiles/blink.dir/C_/Program_Files/Raspberry_Pi/Pico_SDK_v1.5.0/pico-sdk/src/rp2_common/hardware_pio/pio.c.obj
 .text.pio_claim_unused_sm
                0x10007738       0x3c CMakeFiles/blink.dir/C_/Program_Files/Raspberry_Pi/Pico_SDK_v1.5.0/pico-sdk/src/rp2_common/hardware_pio/pio.c.obj
                0x10007738                pio_claim_unused_sm
 .text.pio_add_program
                0x10007774       0x38 CMakeFiles/blink.dir/C_/Program_Files/Raspberry_Pi/Pico_SDK_v1.5.0/pico-sdk/src/rp2_common/hardware_pio/pio.c.obj
                0x10007774                pio_add_program
 .text.pio_sm_set_consecutive_pindirs
                0x100077ac       0xa4 CMakeFiles/blink.dir/C_/Program_Files/Raspberry_Pi/Pico_SDK_v1.5.0/pico-sdk/src/rp2_common/hardware_pio/pio.c.obj
                0x100077ac                pio_sm_set_consecutive_pindirs
 .text.pio_sm_init
                0x10007850       0xe4 CMakeFiles/blink.dir/C_/Program_Files/Raspberry_Pi/Pico_SDK_v1.5.0/pico-sdk/src/rp2_common/hardware_pio/pio.c.obj
                0x10007850                pio_sm_init
 .text.dma_claim_unused_channel
                0x10007934       0x20 CMakeFiles/blink.dir/C_/Program_Files/Raspberry_Pi/Pico_SDK_v1.5.0/pico-sdk/src/rp2_common/hardware_dma/dma.c.obj
                0x10007934                dma_claim_unused_channel
 .text.strlen   0x10007954       0x5c c:/progra~1/raspbe~1/picosd~1.0/gcc-ar~1/bin/../lib/gcc/arm-none-eabi/10.3.1/../../../../arm-none-eabi/lib/thumb/v6-m/nofp\libg.a(lib_a-strlen-stub.o)
                0x10007954                strlen
 *(.fini)
 .fini          0x100079b0        0x4 c:/progra~1/raspbe~1/picosd~1.0/gcc-ar~1/bin/../lib/gcc/arm-none-eabi/10.3.1/thumb/v6-m/nofp/crti.o
                0x100079b0                _fini
 *fill*         0x100079b4        0x4 
 .fini.__stub   0x100079b8       0xe0 linker stubs
 *crtbegin.o(.ctors)
 *crtbegin?.o(.ctors)
 *(EXCLUDE_FILE(*crtend.o *crtend?.o) .ctors)
 *(SORT_BY_NAME(.ctors.*))
 *(.ctors)
 *crtbegin.o(.dtors)
 *crtbegin?.o(.dtors)
 *(EXCLUDE_FILE(*crtend.o *crtend?.o) .dtors)
 *(SORT_BY_NAME(.dtors.*))
 *(.dtors)
 *(.eh_frame*)
 .eh_frame      0x10007a98        0x0 c:/progra~1/raspbe~1/picosd~1.0/gcc-ar~1/bin/../lib/gcc/arm-none-eabi/10.3.1/thumb/v6-m/nofp/crtbegin.o
                0x10007a98                . = ALIGN (0x4)

.glue_7         0x10007a98        0x0
 .glue_7        0x10007a98        0x0 linker stubs

.glue_7t        0x10007a98        0x0
 .glue_7t       0x10007a98        0x0 linker stubs

.vfp11_veneer   0x10007a98        0x0
 .vfp11_veneer  0x10007a98        0x0 linker stubs

.v4_bx          0x10007a98        0x0
 .v4_bx         0x10007a98        0x0 linker stubs

.iplt           0x10007a98        0x0
 .iplt          0x10007a98        0x0 c:/progra~1/raspbe~1/picosd~1.0/gcc-ar~1/bin/../lib/gcc/arm-none-eabi/10.3.1/thumb/v6-m/nofp/crtbegin.o

.rodata         0x10007a98     0x1ab8
 *(EXCLUDE_FILE(*libm.a: *libc.a:*lib_a-mem*.o *libgcc.a:) .rodata*)
 .rodata.channel_config_set_chain_to.str1.4
                0x10007a98       0xc6 CMakeFiles/blink.dir/main.cpp.obj
 *fill*         0x10007b5e        0x2 
 .rodata.main.str1.4
                0x10007b60       0x32 CMakeFiles/blink.dir/main.cpp.obj
 *fill*         0x10007b92        0x2 
 .rodata._ZL14output_program
                0x10007b94        0x6 CMakeFiles/blink.dir/main.cpp.obj
 *fill*         0x10007b9a        0x2 
 .rodata._ZL27output_program_instructions
                0x10007b9c        0x2 CMakeFiles/blink.dir/main.cpp.obj
 *fill*         0x10007b9e        0x2 
 .rodata.spin_lock_claim_unused.str1.4
                0x10007ba0       0x1b CMakeFiles/blink.dir/C_/Program_Files/Raspberry_Pi/Pico_SDK_v1.5.0/pico-sdk/src/rp2_common/hardware_sync/sync.c.obj
 *fill*         0x10007bbb        0x1 
 .rodata.make_branch.str1.4
                0x10007bbc       0x89 CMakeFiles/blink.dir/C_/Program_Files/Raspberry_Pi/Pico_SDK_v1.5.0/pico-sdk/src/rp2_common/hardware_irq/irq.c.obj
 *fill*         0x10007c45        0x3 
 .rodata.insert_branch_and_link.str1.4
                0x10007c48       0x10 CMakeFiles/blink.dir/C_/Program_Files/Raspberry_Pi/Pico_SDK_v1.5.0/pico-sdk/src/rp2_common/hardware_irq/irq.c.obj
 .rodata.irq_set_exclusive_handler.str1.4
                0x10007c58       0x36 CMakeFiles/blink.dir/C_/Program_Files/Raspberry_Pi/Pico_SDK_v1.5.0/pico-sdk/src/rp2_common/hardware_irq/irq.c.obj
 *fill*         0x10007c8e        0x2 
 .rodata.irq_add_shared_handler.str1.4
                0x10007c90       0xd9 CMakeFiles/blink.dir/C_/Program_Files/Raspberry_Pi/Pico_SDK_v1.5.0/pico-sdk/src/rp2_common/hardware_irq/irq.c.obj
 *fill*         0x10007d69        0x3 
 .rodata.irq_remove_handler.str1.4
                0x10007d6c       0x3a CMakeFiles/blink.dir/C_/Program_Files/Raspberry_Pi/Pico_SDK_v1.5.0/pico-sdk/src/rp2_common/hardware_irq/irq.c.obj
 *fill*         0x10007da6        0x2 
 .rodata.irq_add_tail_to_free_list.str1.4
                0x10007da8       0x3a CMakeFiles/blink.dir/C_/Program_Files/Raspberry_Pi/Pico_SDK_v1.5.0/pico-sdk/src/rp2_common/hardware_irq/irq.c.obj
 *fill*         0x10007de2        0x2 
 .rodata.user_irq_claim_unused.str1.4
                0x10007de4       0x1b CMakeFiles/blink.dir/C_/Program_Files/Raspberry_Pi/Pico_SDK_v1.5.0/pico-sdk/src/rp2_common/hardware_irq/irq.c.obj
 *fill*         0x10007dff        0x1 
 .rodata.__func__.0
                0x10007e00       0x1a CMakeFiles/blink.dir/C_/Program_Files/Raspberry_Pi/Pico_SDK_v1.5.0/pico-sdk/src/rp2_common/hardware_irq/irq.c.obj
 *fill*         0x10007e1a        0x2 
 .rodata.__func__.1
                0x10007e1c       0x17 CMakeFiles/blink.dir/C_/Program_Files/Raspberry_Pi/Pico_SDK_v1.5.0/pico-sdk/src/rp2_common/hardware_irq/irq.c.obj
 *fill*         0x10007e33        0x1 
 .rodata.__func__.2
                0x10007e34       0x13 CMakeFiles/blink.dir/C_/Program_Files/Raspberry_Pi/Pico_SDK_v1.5.0/pico-sdk/src/rp2_common/hardware_irq/irq.c.obj
 *fill*         0x10007e47        0x1 
 .rodata.__func__.3
                0x10007e48        0xc CMakeFiles/blink.dir/C_/Program_Files/Raspberry_Pi/Pico_SDK_v1.5.0/pico-sdk/src/rp2_common/hardware_irq/irq.c.obj
 .rodata.__func__.4
                0x10007e54        0xf CMakeFiles/blink.dir/C_/Program_Files/Raspberry_Pi/Pico_SDK_v1.5.0/pico-sdk/src/rp2_common/hardware_irq/irq.c.obj
 *fill*         0x10007e63        0x1 
 .rodata.__func__.5
                0x10007e64       0x17 CMakeFiles/blink.dir/C_/Program_Files/Raspberry_Pi/Pico_SDK_v1.5.0/pico-sdk/src/rp2_common/hardware_irq/irq.c.obj
 *fill*         0x10007e7b        0x1 
 .rodata.__func__.6
                0x10007e7c       0x1a CMakeFiles/blink.dir/C_/Program_Files/Raspberry_Pi/Pico_SDK_v1.5.0/pico-sdk/src/rp2_common/hardware_irq/irq.c.obj
 *fill*         0x10007e96        0x2 
 .rodata.str1.4
                0x10007e98      0x125 CMakeFiles/blink.dir/C_/Program_Files/Raspberry_Pi/Pico_SDK_v1.5.0/pico-sdk/src/common/pico_sync/mutex.c.obj
 *fill*         0x10007fbd        0x3 
 .rodata.__func__.1
                0x10007fc0        0xb CMakeFiles/blink.dir/C_/Program_Files/Raspberry_Pi/Pico_SDK_v1.5.0/pico-sdk/src/common/pico_sync/mutex.c.obj
 *fill*         0x10007fcb        0x1 
 .rodata.__func__.3
                0x10007fcc       0x18 CMakeFiles/blink.dir/C_/Program_Files/Raspberry_Pi/Pico_SDK_v1.5.0/pico-sdk/src/common/pico_sync/mutex.c.obj
 .rodata.__func__.4
                0x10007fe4       0x15 CMakeFiles/blink.dir/C_/Program_Files/Raspberry_Pi/Pico_SDK_v1.5.0/pico-sdk/src/common/pico_sync/mutex.c.obj
 *fill*         0x10007ff9        0x3 
 .rodata.repeating_timer_callback.str1.4
                0x10007ffc       0x67 CMakeFiles/blink.dir/C_/Program_Files/Raspberry_Pi/Pico_SDK_v1.5.0/pico-sdk/src/common/pico_time/time.c.obj
 *fill*         0x10008063        0x1 
 .rodata.timer_pool_entry_comparator.str1.4
                0x10008064       0x22 CMakeFiles/blink.dir/C_/Program_Files/Raspberry_Pi/Pico_SDK_v1.5.0/pico-sdk/src/common/pico_time/time.c.obj
 *fill*         0x10008086        0x2 
 .rodata.ph_add_child_node.str1.4
                0x10008088       0xb2 CMakeFiles/blink.dir/C_/Program_Files/Raspberry_Pi/Pico_SDK_v1.5.0/pico-sdk/src/common/pico_time/time.c.obj
 *fill*         0x1000813a        0x2 
 .rodata.add_alarm_under_lock.str1.4
                0x1000813c       0x28 CMakeFiles/blink.dir/C_/Program_Files/Raspberry_Pi/Pico_SDK_v1.5.0/pico-sdk/src/common/pico_time/time.c.obj
                                 0x2b (size before relaxing)
 .rodata.alarm_pool_alarm_callback.str1.4
                0x10008164       0x98 CMakeFiles/blink.dir/C_/Program_Files/Raspberry_Pi/Pico_SDK_v1.5.0/pico-sdk/src/common/pico_time/time.c.obj
                                0x118 (size before relaxing)
 .rodata.alarm_pool_get_default.str1.4
                0x100081fc       0x21 CMakeFiles/blink.dir/C_/Program_Files/Raspberry_Pi/Pico_SDK_v1.5.0/pico-sdk/src/common/pico_time/time.c.obj
 *fill*         0x1000821d        0x3 
 .rodata.alarm_pool_cancel_alarm.str1.4
                0x10008220       0x27 CMakeFiles/blink.dir/C_/Program_Files/Raspberry_Pi/Pico_SDK_v1.5.0/pico-sdk/src/common/pico_time/time.c.obj
 *fill*         0x10008247        0x1 
 .rodata.sleep_until.str1.4
                0x10008248       0x4d CMakeFiles/blink.dir/C_/Program_Files/Raspberry_Pi/Pico_SDK_v1.5.0/pico-sdk/src/common/pico_time/time.c.obj
 *fill*         0x10008295        0x3 
 .rodata.__func__.1
                0x10008298       0x18 CMakeFiles/blink.dir/C_/Program_Files/Raspberry_Pi/Pico_SDK_v1.5.0/pico-sdk/src/common/pico_time/time.c.obj
 .rodata.__func__.10
                0x100082b0       0x15 CMakeFiles/blink.dir/C_/Program_Files/Raspberry_Pi/Pico_SDK_v1.5.0/pico-sdk/src/common/pico_time/time.c.obj
 *fill*         0x100082c5        0x3 
 .rodata.__func__.11
                0x100082c8       0x1a CMakeFiles/blink.dir/C_/Program_Files/Raspberry_Pi/Pico_SDK_v1.5.0/pico-sdk/src/common/pico_time/time.c.obj
 *fill*         0x100082e2        0x2 
 .rodata.__func__.12
                0x100082e4        0xa CMakeFiles/blink.dir/C_/Program_Files/Raspberry_Pi/Pico_SDK_v1.5.0/pico-sdk/src/common/pico_time/time.c.obj
 *fill*         0x100082ee        0x2 
 .rodata.__func__.3
                0x100082f0       0x17 CMakeFiles/blink.dir/C_/Program_Files/Raspberry_Pi/Pico_SDK_v1.5.0/pico-sdk/src/common/pico_time/time.c.obj
 *fill*         0x10008307        0x1 
 .rodata.__func__.4
                0x10008308       0x12 CMakeFiles/blink.dir/C_/Program_Files/Raspberry_Pi/Pico_SDK_v1.5.0/pico-sdk/src/common/pico_time/time.c.obj
 *fill*         0x1000831a        0x2 
 .rodata.__func__.5
                0x1000831c        0xd CMakeFiles/blink.dir/C_/Program_Files/Raspberry_Pi/Pico_SDK_v1.5.0/pico-sdk/src/common/pico_time/time.c.obj
 *fill*         0x10008329        0x3 
 .rodata.__func__.6
                0x1000832c       0x12 CMakeFiles/blink.dir/C_/Program_Files/Raspberry_Pi/Pico_SDK_v1.5.0/pico-sdk/src/common/pico_time/time.c.obj
 *fill*         0x1000833e        0x2 
 .rodata.__func__.7
                0x10008340        0xf CMakeFiles/blink.dir/C_/Program_Files/Raspberry_Pi/Pico_SDK_v1.5.0/pico-sdk/src/common/pico_time/time.c.obj
 *fill*         0x1000834f        0x1 
 .rodata.__func__.8
                0x10008350        0xc CMakeFiles/blink.dir/C_/Program_Files/Raspberry_Pi/Pico_SDK_v1.5.0/pico-sdk/src/common/pico_time/time.c.obj
 .rodata.__func__.9
                0x1000835c       0x15 CMakeFiles/blink.dir/C_/Program_Files/Raspberry_Pi/Pico_SDK_v1.5.0/pico-sdk/src/common/pico_time/time.c.obj
 *fill*         0x10008371        0x3 
 .rodata.hardware_alarm_claim.str1.4
                0x10008374       0x22 CMakeFiles/blink.dir/C_/Program_Files/Raspberry_Pi/Pico_SDK_v1.5.0/pico-sdk/src/rp2_common/hardware_timer/timer.c.obj
 *fill*         0x10008396        0x2 
 .rodata.hardware_alarm_set_target.str1.4
                0x10008398       0x81 CMakeFiles/blink.dir/C_/Program_Files/Raspberry_Pi/Pico_SDK_v1.5.0/pico-sdk/src/rp2_common/hardware_timer/timer.c.obj
 *fill*         0x10008419        0x3 
 .rodata.__func__.0
                0x1000841c       0x1a CMakeFiles/blink.dir/C_/Program_Files/Raspberry_Pi/Pico_SDK_v1.5.0/pico-sdk/src/rp2_common/hardware_timer/timer.c.obj
 .rodata.ph_add_child_node.str1.4
                0x10008436       0xb2 CMakeFiles/blink.dir/C_/Program_Files/Raspberry_Pi/Pico_SDK_v1.5.0/pico-sdk/src/common/pico_util/pheap.c.obj
 *fill*         0x10008436        0x2 
 .rodata.ph_remove_any_head.str1.4
                0x10008438       0xa8 CMakeFiles/blink.dir/C_/Program_Files/Raspberry_Pi/Pico_SDK_v1.5.0/pico-sdk/src/common/pico_util/pheap.c.obj
                                 0xbc (size before relaxing)
 .rodata.ph_remove_and_free_node.str1.4
                0x100084e0       0x1e CMakeFiles/blink.dir/C_/Program_Files/Raspberry_Pi/Pico_SDK_v1.5.0/pico-sdk/src/common/pico_util/pheap.c.obj
                                 0x26 (size before relaxing)
 *fill*         0x100084fe        0x2 
 .rodata.__func__.0
                0x10008500       0x18 CMakeFiles/blink.dir/C_/Program_Files/Raspberry_Pi/Pico_SDK_v1.5.0/pico-sdk/src/common/pico_util/pheap.c.obj
 .rodata.__func__.1
                0x10008518       0x13 CMakeFiles/blink.dir/C_/Program_Files/Raspberry_Pi/Pico_SDK_v1.5.0/pico-sdk/src/common/pico_util/pheap.c.obj
 *fill*         0x1000852b        0x1 
 .rodata.__func__.2
                0x1000852c       0x12 CMakeFiles/blink.dir/C_/Program_Files/Raspberry_Pi/Pico_SDK_v1.5.0/pico-sdk/src/common/pico_util/pheap.c.obj
 *fill*         0x1000853e        0x2 
 .rodata.__func__.3
                0x10008540        0xc CMakeFiles/blink.dir/C_/Program_Files/Raspberry_Pi/Pico_SDK_v1.5.0/pico-sdk/src/common/pico_util/pheap.c.obj
 .rodata.clock_configure.str1.4
                0x1000854c       0x73 CMakeFiles/blink.dir/C_/Program_Files/Raspberry_Pi/Pico_SDK_v1.5.0/pico-sdk/src/rp2_common/hardware_clocks/clocks.c.obj
 *fill*         0x100085bf        0x1 
 .rodata.__func__.1
                0x100085c0       0x10 CMakeFiles/blink.dir/C_/Program_Files/Raspberry_Pi/Pico_SDK_v1.5.0/pico-sdk/src/rp2_common/hardware_clocks/clocks.c.obj
 .rodata.pll_init.str1.4
                0x100085d0      0x13f CMakeFiles/blink.dir/C_/Program_Files/Raspberry_Pi/Pico_SDK_v1.5.0/pico-sdk/src/rp2_common/hardware_pll/pll.c.obj
 *fill*         0x1000870f        0x1 
 .rodata.__func__.0
                0x10008710        0x9 CMakeFiles/blink.dir/C_/Program_Files/Raspberry_Pi/Pico_SDK_v1.5.0/pico-sdk/src/rp2_common/hardware_pll/pll.c.obj
 *fill*         0x10008719        0x3 
 .rodata.__assert_func.str1.4
                0x1000871c       0x3f CMakeFiles/blink.dir/C_/Program_Files/Raspberry_Pi/Pico_SDK_v1.5.0/pico-sdk/src/rp2_common/pico_runtime/runtime.c.obj
                                 0x43 (size before relaxing)
 *fill*         0x1000875b        0x1 
 .rodata.runtime_init.str1.4
                0x1000875c       0x7d CMakeFiles/blink.dir/C_/Program_Files/Raspberry_Pi/Pico_SDK_v1.5.0/pico-sdk/src/rp2_common/pico_runtime/runtime.c.obj
 *fill*         0x100087d9        0x3 
 .rodata.panic.str1.4
                0x100087dc       0x12 CMakeFiles/blink.dir/C_/Program_Files/Raspberry_Pi/Pico_SDK_v1.5.0/pico-sdk/src/rp2_common/pico_runtime/runtime.c.obj
 *fill*         0x100087ee        0x2 
 .rodata.__func__.2
                0x100087f0        0xd CMakeFiles/blink.dir/C_/Program_Files/Raspberry_Pi/Pico_SDK_v1.5.0/pico-sdk/src/rp2_common/pico_runtime/runtime.c.obj
 *fill*         0x100087fd        0x3 
 .rodata._ftoa.str1.4
                0x10008800       0x15 CMakeFiles/blink.dir/C_/Program_Files/Raspberry_Pi/Pico_SDK_v1.5.0/pico-sdk/src/rp2_common/pico_printf/printf.c.obj
 *fill*         0x10008815        0x3 
 .rodata._vsnprintf
                0x10008818      0x1e0 CMakeFiles/blink.dir/C_/Program_Files/Raspberry_Pi/Pico_SDK_v1.5.0/pico-sdk/src/rp2_common/pico_printf/printf.c.obj
 .rodata.pow10.0
                0x100089f8       0x50 CMakeFiles/blink.dir/C_/Program_Files/Raspberry_Pi/Pico_SDK_v1.5.0/pico-sdk/src/rp2_common/pico_printf/printf.c.obj
 .rodata.__aeabi_double_init.str1.4
                0x10008a48       0xc4 CMakeFiles/blink.dir/C_/Program_Files/Raspberry_Pi/Pico_SDK_v1.5.0/pico-sdk/src/rp2_common/pico_double/double_init_rom.c.obj
 .rodata.__func__.0
                0x10008b0c       0x14 CMakeFiles/blink.dir/C_/Program_Files/Raspberry_Pi/Pico_SDK_v1.5.0/pico-sdk/src/rp2_common/pico_double/double_init_rom.c.obj
 .rodata.__aeabi_float_init.str1.4
                0x10008b20       0x96 CMakeFiles/blink.dir/C_/Program_Files/Raspberry_Pi/Pico_SDK_v1.5.0/pico-sdk/src/rp2_common/pico_float/float_init_rom.c.obj
                                 0x9a (size before relaxing)
 *fill*         0x10008bb6        0x2 
 .rodata.__func__.0
                0x10008bb8       0x13 CMakeFiles/blink.dir/C_/Program_Files/Raspberry_Pi/Pico_SDK_v1.5.0/pico-sdk/src/rp2_common/pico_float/float_init_rom.c.obj
 *fill*         0x10008bcb        0x1 
 .rodata.str1.4
                0x10008bcc       0x40 CMakeFiles/blink.dir/C_/Program_Files/Raspberry_Pi/Pico_SDK_v1.5.0/pico-sdk/src/rp2_common/pico_standard_link/binary_info.c.obj
 .rodata.__bi_44
                0x10008c0c        0xc CMakeFiles/blink.dir/C_/Program_Files/Raspberry_Pi/Pico_SDK_v1.5.0/pico-sdk/src/rp2_common/pico_standard_link/binary_info.c.obj
 .rodata.__bi_75
                0x10008c18        0xc CMakeFiles/blink.dir/C_/Program_Files/Raspberry_Pi/Pico_SDK_v1.5.0/pico-sdk/src/rp2_common/pico_standard_link/binary_info.c.obj
 .rodata.__bi_81
                0x10008c24        0xc CMakeFiles/blink.dir/C_/Program_Files/Raspberry_Pi/Pico_SDK_v1.5.0/pico-sdk/src/rp2_common/pico_standard_link/binary_info.c.obj
 .rodata.stdout_serialize_begin.str1.4
                0x10008c30       0x7d CMakeFiles/blink.dir/C_/Program_Files/Raspberry_Pi/Pico_SDK_v1.5.0/pico-sdk/src/rp2_common/pico_stdio/stdio.c.obj
 .rodata.__func__.3
                0x10008c30       0x15 CMakeFiles/blink.dir/C_/Program_Files/Raspberry_Pi/Pico_SDK_v1.5.0/pico-sdk/src/rp2_common/pico_stdio/stdio.c.obj
 *fill*         0x10008c45        0x3 
 .rodata.crlf_str.2
                0x10008c48        0x2 CMakeFiles/blink.dir/C_/Program_Files/Raspberry_Pi/Pico_SDK_v1.5.0/pico-sdk/src/rp2_common/pico_stdio/stdio.c.obj
 *fill*         0x10008c4a        0x2 
 .rodata._resetd_driver
                0x10008c4c       0x18 CMakeFiles/blink.dir/C_/Program_Files/Raspberry_Pi/Pico_SDK_v1.5.0/pico-sdk/src/rp2_common/pico_stdio_usb/reset_interface.c.obj
 .rodata.low_priority_worker_irq.str1.4
                0x10008c64       0x7d CMakeFiles/blink.dir/C_/Program_Files/Raspberry_Pi/Pico_SDK_v1.5.0/pico-sdk/src/rp2_common/pico_stdio_usb/stdio_usb.c.obj
 .rodata.stdio_usb_init.str1.4
                0x10008c64       0x61 CMakeFiles/blink.dir/C_/Program_Files/Raspberry_Pi/Pico_SDK_v1.5.0/pico-sdk/src/rp2_common/pico_stdio_usb/stdio_usb.c.obj
                                 0x69 (size before relaxing)
 *fill*         0x10008cc5        0x3 
 .rodata.str1.4
                0x10008cc8       0x13 CMakeFiles/blink.dir/C_/Program_Files/Raspberry_Pi/Pico_SDK_v1.5.0/pico-sdk/src/rp2_common/pico_stdio_usb/stdio_usb.c.obj
 *fill*         0x10008cdb        0x1 
 .rodata.__bi_188.0
                0x10008cdc        0xc CMakeFiles/blink.dir/C_/Program_Files/Raspberry_Pi/Pico_SDK_v1.5.0/pico-sdk/src/rp2_common/pico_stdio_usb/stdio_usb.c.obj
 .rodata.__func__.1
                0x10008ce8        0xf CMakeFiles/blink.dir/C_/Program_Files/Raspberry_Pi/Pico_SDK_v1.5.0/pico-sdk/src/rp2_common/pico_stdio_usb/stdio_usb.c.obj
 *fill*         0x10008cf7        0x1 
 .rodata.__func__.3
                0x10008cf8       0x15 CMakeFiles/blink.dir/C_/Program_Files/Raspberry_Pi/Pico_SDK_v1.5.0/pico-sdk/src/rp2_common/pico_stdio_usb/stdio_usb.c.obj
 *fill*         0x10008d0d        0x3 
 .rodata.str1.4
                0x10008d10       0x2a CMakeFiles/blink.dir/C_/Program_Files/Raspberry_Pi/Pico_SDK_v1.5.0/pico-sdk/src/rp2_common/pico_stdio_usb/stdio_usb_descriptors.c.obj
 *fill*         0x10008d3a        0x2 
 .rodata.usbd_desc_cfg
                0x10008d3c       0x54 CMakeFiles/blink.dir/C_/Program_Files/Raspberry_Pi/Pico_SDK_v1.5.0/pico-sdk/src/rp2_common/pico_stdio_usb/stdio_usb_descriptors.c.obj
 .rodata.usbd_desc_device
                0x10008d90       0x12 CMakeFiles/blink.dir/C_/Program_Files/Raspberry_Pi/Pico_SDK_v1.5.0/pico-sdk/src/rp2_common/pico_stdio_usb/stdio_usb_descriptors.c.obj
 *fill*         0x10008da2        0x2 
 .rodata.usbd_desc_str
                0x10008da4       0x18 CMakeFiles/blink.dir/C_/Program_Files/Raspberry_Pi/Pico_SDK_v1.5.0/pico-sdk/src/rp2_common/pico_stdio_usb/stdio_usb_descriptors.c.obj
 .rodata.pico_get_unique_board_id_string.str1.4
                0x10008dbc       0x69 CMakeFiles/blink.dir/C_/Program_Files/Raspberry_Pi/Pico_SDK_v1.5.0/pico-sdk/src/rp2_common/pico_unique_id/unique_id.c.obj
 *fill*         0x10008e25        0x3 
 .rodata.__func__.0
                0x10008e28       0x20 CMakeFiles/blink.dir/C_/Program_Files/Raspberry_Pi/Pico_SDK_v1.5.0/pico-sdk/src/rp2_common/pico_unique_id/unique_id.c.obj
 .rodata.str1.4
                0x10008e48      0x176 CMakeFiles/blink.dir/C_/Program_Files/Raspberry_Pi/Pico_SDK_v1.5.0/pico-sdk/src/rp2_common/hardware_flash/flash.c.obj
 *fill*         0x10008fbe        0x2 
 .rodata.__func__.0
                0x10008fc0        0xd CMakeFiles/blink.dir/C_/Program_Files/Raspberry_Pi/Pico_SDK_v1.5.0/pico-sdk/src/rp2_common/hardware_flash/flash.c.obj
 *fill*         0x10008fcd        0x3 
 .rodata._hw_endpoint_alloc.str1.4
                0x10008fd0       0xd1 CMakeFiles/blink.dir/C_/Program_Files/Raspberry_Pi/Pico_SDK_v1.5.0/pico-sdk/lib/tinyusb/src/portable/raspberrypi/rp2040/dcd_rp2040.c.obj
 *fill*         0x100090a1        0x3 
 .rodata.str1.4
                0x100090a4       0x14 CMakeFiles/blink.dir/C_/Program_Files/Raspberry_Pi/Pico_SDK_v1.5.0/pico-sdk/lib/tinyusb/src/portable/raspberrypi/rp2040/dcd_rp2040.c.obj
 .rodata.dcd_int_enable.str1.4
                0x100090b8        0xc CMakeFiles/blink.dir/C_/Program_Files/Raspberry_Pi/Pico_SDK_v1.5.0/pico-sdk/lib/tinyusb/src/portable/raspberrypi/rp2040/dcd_rp2040.c.obj
 .rodata.__func__.0
                0x100090c4        0xe CMakeFiles/blink.dir/C_/Program_Files/Raspberry_Pi/Pico_SDK_v1.5.0/pico-sdk/lib/tinyusb/src/portable/raspberrypi/rp2040/dcd_rp2040.c.obj
 *fill*         0x100090d2        0x2 
 .rodata.__func__.1
                0x100090d4        0xe CMakeFiles/blink.dir/C_/Program_Files/Raspberry_Pi/Pico_SDK_v1.5.0/pico-sdk/lib/tinyusb/src/portable/raspberrypi/rp2040/dcd_rp2040.c.obj
 *fill*         0x100090e2        0x2 
 .rodata.__func__.3
                0x100090e4       0x10 CMakeFiles/blink.dir/C_/Program_Files/Raspberry_Pi/Pico_SDK_v1.5.0/pico-sdk/lib/tinyusb/src/portable/raspberrypi/rp2040/dcd_rp2040.c.obj
 .rodata.__func__.5
                0x100090f4        0xf CMakeFiles/blink.dir/C_/Program_Files/Raspberry_Pi/Pico_SDK_v1.5.0/pico-sdk/lib/tinyusb/src/portable/raspberrypi/rp2040/dcd_rp2040.c.obj
 *fill*         0x10009103        0x1 
 .rodata.__func__.6
                0x10009104       0x13 CMakeFiles/blink.dir/C_/Program_Files/Raspberry_Pi/Pico_SDK_v1.5.0/pico-sdk/lib/tinyusb/src/portable/raspberrypi/rp2040/dcd_rp2040.c.obj
 *fill*         0x10009117        0x1 
 .rodata.__func__.7
                0x10009118        0x9 CMakeFiles/blink.dir/C_/Program_Files/Raspberry_Pi/Pico_SDK_v1.5.0/pico-sdk/lib/tinyusb/src/portable/raspberrypi/rp2040/dcd_rp2040.c.obj
 *fill*         0x10009121        0x3 
 .rodata.str1.4
                0x10009124      0x103 CMakeFiles/blink.dir/C_/Program_Files/Raspberry_Pi/Pico_SDK_v1.5.0/pico-sdk/lib/tinyusb/src/portable/raspberrypi/rp2040/rp2040_usb.c.obj
 *fill*         0x10009227        0x1 
 .rodata.__func__.0
                0x10009228        0xf CMakeFiles/blink.dir/C_/Program_Files/Raspberry_Pi/Pico_SDK_v1.5.0/pico-sdk/lib/tinyusb/src/portable/raspberrypi/rp2040/rp2040_usb.c.obj
 *fill*         0x10009237        0x1 
 .rodata.process_get_descriptor
                0x10009238       0x40 CMakeFiles/blink.dir/C_/Program_Files/Raspberry_Pi/Pico_SDK_v1.5.0/pico-sdk/lib/tinyusb/src/device/usbd.c.obj
 .rodata.process_control_request
                0x10009278       0x28 CMakeFiles/blink.dir/C_/Program_Files/Raspberry_Pi/Pico_SDK_v1.5.0/pico-sdk/lib/tinyusb/src/device/usbd.c.obj
 .rodata.tud_task_ext
                0x100092a0       0x24 CMakeFiles/blink.dir/C_/Program_Files/Raspberry_Pi/Pico_SDK_v1.5.0/pico-sdk/lib/tinyusb/src/device/usbd.c.obj
 .rodata._usbd_driver
                0x100092c4       0x18 CMakeFiles/blink.dir/C_/Program_Files/Raspberry_Pi/Pico_SDK_v1.5.0/pico-sdk/lib/tinyusb/src/device/usbd.c.obj
 .rodata.capture_additional_rosc_samples.str1.4
                0x100092dc      0x11f CMakeFiles/blink.dir/C_/Program_Files/Raspberry_Pi/Pico_SDK_v1.5.0/pico-sdk/src/rp2_common/pico_rand/rand.c.obj
                                0x1a1 (size before relaxing)
 *fill*         0x100093fb        0x1 
 .rodata.initialise_rand.str1.4
                0x100093fc        0xa CMakeFiles/blink.dir/C_/Program_Files/Raspberry_Pi/Pico_SDK_v1.5.0/pico-sdk/src/rp2_common/pico_rand/rand.c.obj
 *fill*         0x10009406        0x2 
 .rodata.__func__.0
                0x10009408       0x15 CMakeFiles/blink.dir/C_/Program_Files/Raspberry_Pi/Pico_SDK_v1.5.0/pico-sdk/src/rp2_common/pico_rand/rand.c.obj
 *fill*         0x1000941d        0x3 
 .rodata.__func__.2
                0x10009420       0x20 CMakeFiles/blink.dir/C_/Program_Files/Raspberry_Pi/Pico_SDK_v1.5.0/pico-sdk/src/rp2_common/pico_rand/rand.c.obj
 .rodata.__func__.3
                0x10009440       0x10 CMakeFiles/blink.dir/C_/Program_Files/Raspberry_Pi/Pico_SDK_v1.5.0/pico-sdk/src/rp2_common/pico_rand/rand.c.obj
 .rodata._pio_find_offset_for_program.str1.4
                0x10009450       0x85 CMakeFiles/blink.dir/C_/Program_Files/Raspberry_Pi/Pico_SDK_v1.5.0/pico-sdk/src/rp2_common/hardware_pio/pio.c.obj
 *fill*         0x100094d5        0x3 
 .rodata._pio_add_program_at_offset.str1.4
                0x100094d8       0x11 CMakeFiles/blink.dir/C_/Program_Files/Raspberry_Pi/Pico_SDK_v1.5.0/pico-sdk/src/rp2_common/hardware_pio/pio.c.obj
 *fill*         0x100094e9        0x3 
 .rodata.pio_claim_unused_sm.str1.4
                0x100094ec       0x24 CMakeFiles/blink.dir/C_/Program_Files/Raspberry_Pi/Pico_SDK_v1.5.0/pico-sdk/src/rp2_common/hardware_pio/pio.c.obj
 .rodata.__func__.1
                0x10009510       0x1d CMakeFiles/blink.dir/C_/Program_Files/Raspberry_Pi/Pico_SDK_v1.5.0/pico-sdk/src/rp2_common/hardware_pio/pio.c.obj
 *fill*         0x1000952d        0x3 
 .rodata.dma_claim_unused_channel.str1.4
                0x10009530       0x1e CMakeFiles/blink.dir/C_/Program_Files/Raspberry_Pi/Pico_SDK_v1.5.0/pico-sdk/src/rp2_common/hardware_dma/dma.c.obj
                0x10009550                . = ALIGN (0x4)
 *fill*         0x1000954e        0x2 
 *(SORT_BY_ALIGNMENT(SORT_BY_NAME(.flashdata*)))
                0x10009550                . = ALIGN (0x4)

.rel.dyn        0x10009550        0x0
 .rel.iplt      0x10009550        0x0 c:/progra~1/raspbe~1/picosd~1.0/gcc-ar~1/bin/../lib/gcc/arm-none-eabi/10.3.1/thumb/v6-m/nofp/crtbegin.o

.ARM.extab
 *(.ARM.extab* .gnu.linkonce.armextab.*)
                0x10009550                __exidx_start = .

.ARM.exidx
 *(.ARM.exidx* .gnu.linkonce.armexidx.*)
                0x10009550                __exidx_end = .
                0x10009550                . = ALIGN (0x4)
                0x10009550                __binary_info_start = .

.binary_info    0x10009550       0x20
 *(.binary_info.keep.*)
 .binary_info.keep.__bi_ptr22
                0x10009550        0x4 CMakeFiles/blink.dir/C_/Program_Files/Raspberry_Pi/Pico_SDK_v1.5.0/pico-sdk/src/rp2_common/pico_standard_link/binary_info.c.obj
 .binary_info.keep.__bi_ptr30
                0x10009554        0x4 CMakeFiles/blink.dir/C_/Program_Files/Raspberry_Pi/Pico_SDK_v1.5.0/pico-sdk/src/rp2_common/pico_standard_link/binary_info.c.obj
 .binary_info.keep.__bi_ptr38
                0x10009558        0x4 CMakeFiles/blink.dir/C_/Program_Files/Raspberry_Pi/Pico_SDK_v1.5.0/pico-sdk/src/rp2_common/pico_standard_link/binary_info.c.obj
 .binary_info.keep.__bi_ptr44
                0x1000955c        0x4 CMakeFiles/blink.dir/C_/Program_Files/Raspberry_Pi/Pico_SDK_v1.5.0/pico-sdk/src/rp2_common/pico_standard_link/binary_info.c.obj
 .binary_info.keep.__bi_ptr50
                0x10009560        0x4 CMakeFiles/blink.dir/C_/Program_Files/Raspberry_Pi/Pico_SDK_v1.5.0/pico-sdk/src/rp2_common/pico_standard_link/binary_info.c.obj
 .binary_info.keep.__bi_ptr75
                0x10009564        0x4 CMakeFiles/blink.dir/C_/Program_Files/Raspberry_Pi/Pico_SDK_v1.5.0/pico-sdk/src/rp2_common/pico_standard_link/binary_info.c.obj
 .binary_info.keep.__bi_ptr81
                0x10009568        0x4 CMakeFiles/blink.dir/C_/Program_Files/Raspberry_Pi/Pico_SDK_v1.5.0/pico-sdk/src/rp2_common/pico_standard_link/binary_info.c.obj
 *(.binary_info.*)
 .binary_info.__bi_ptr188
                0x1000956c        0x4 CMakeFiles/blink.dir/C_/Program_Files/Raspberry_Pi/Pico_SDK_v1.5.0/pico-sdk/src/rp2_common/pico_stdio_usb/stdio_usb.c.obj
                0x10009570                __binary_info_end = .
                0x10009570                . = ALIGN (0x4)
                0x10009570                __etext = .

.ram_vector_table
                0x20000000       0xc0
 *(.ram_vector_table)
 .ram_vector_table
                0x20000000       0xc0 CMakeFiles/blink.dir/C_/Program_Files/Raspberry_Pi/Pico_SDK_v1.5.0/pico-sdk/src/rp2_common/pico_runtime/runtime.c.obj
                0x20000000                ram_vector_table

.data           0x200000c0      0xbe0 load address 0x10009570
                0x200000c0                __data_start__ = .
 *(vtable)
 *(.time_critical*)
 .time_critical.mutex_try_enter
                0x200000c0       0x46 CMakeFiles/blink.dir/C_/Program_Files/Raspberry_Pi/Pico_SDK_v1.5.0/pico-sdk/src/common/pico_sync/mutex.c.obj
                0x200000c0                mutex_try_enter
 *fill*         0x20000106        0x2 
 .time_critical.mutex_enter_block_until
                0x20000108       0x8c CMakeFiles/blink.dir/C_/Program_Files/Raspberry_Pi/Pico_SDK_v1.5.0/pico-sdk/src/common/pico_sync/mutex.c.obj
                0x20000108                mutex_enter_block_until
 .time_critical.mutex_try_enter_block_until
                0x20000194       0x34 CMakeFiles/blink.dir/C_/Program_Files/Raspberry_Pi/Pico_SDK_v1.5.0/pico-sdk/src/common/pico_sync/mutex.c.obj
                0x20000194                mutex_try_enter_block_until
 .time_critical.mutex_enter_timeout_ms
                0x200001c8       0x68 CMakeFiles/blink.dir/C_/Program_Files/Raspberry_Pi/Pico_SDK_v1.5.0/pico-sdk/src/common/pico_sync/mutex.c.obj
                0x200001c8                mutex_enter_timeout_ms
 .time_critical.mutex_exit
                0x20000230       0x4c CMakeFiles/blink.dir/C_/Program_Files/Raspberry_Pi/Pico_SDK_v1.5.0/pico-sdk/src/common/pico_sync/mutex.c.obj